Component: ARM Compiler 5.06 update 7 (build 960) Tool: armlink [4d3601]

==============================================================================

Section Cross References

    startup_stm32g0b1xx.o(STACK) refers (Special) to heapauxi.o(.text) for __use_two_region_memory
    startup_stm32g0b1xx.o(HEAP) refers (Special) to heapauxi.o(.text) for __use_two_region_memory
    startup_stm32g0b1xx.o(RESET) refers (Special) to heapauxi.o(.text) for __use_two_region_memory
    startup_stm32g0b1xx.o(RESET) refers to startup_stm32g0b1xx.o(STACK) for __initial_sp
    startup_stm32g0b1xx.o(RESET) refers to startup_stm32g0b1xx.o(.text) for Reset_Handler
    startup_stm32g0b1xx.o(RESET) refers to stm32g0xx_it.o(i.NMI_Handler) for NMI_Handler
    startup_stm32g0b1xx.o(RESET) refers to stm32g0xx_it.o(i.HardFault_Handler) for HardFault_Handler
    startup_stm32g0b1xx.o(RESET) refers to stm32g0xx_it.o(i.SVC_Handler) for SVC_Handler
    startup_stm32g0b1xx.o(RESET) refers to stm32g0xx_it.o(i.PendSV_Handler) for PendSV_Handler
    startup_stm32g0b1xx.o(RESET) refers to stm32g0xx_it.o(i.SysTick_Handler) for SysTick_Handler
    startup_stm32g0b1xx.o(RESET) refers to stm32g0xx_it.o(i.TIM16_FDCAN_IT0_IRQHandler) for TIM16_FDCAN_IT0_IRQHandler
    startup_stm32g0b1xx.o(RESET) refers to stm32g0xx_it.o(i.TIM17_FDCAN_IT1_IRQHandler) for TIM17_FDCAN_IT1_IRQHandler
    startup_stm32g0b1xx.o(.text) refers (Special) to heapauxi.o(.text) for __use_two_region_memory
    startup_stm32g0b1xx.o(.text) refers to system_stm32g0xx.o(i.SystemInit) for SystemInit
    startup_stm32g0b1xx.o(.text) refers to __main.o(!!!main) for __main
    startup_stm32g0b1xx.o(.text) refers to startup_stm32g0b1xx.o(HEAP) for Heap_Mem
    startup_stm32g0b1xx.o(.text) refers to startup_stm32g0b1xx.o(STACK) for Stack_Mem
    main.o(i.MX_FDCAN1_Init) refers to stm32g0xx_hal_fdcan.o(i.HAL_FDCAN_Init) for HAL_FDCAN_Init
    main.o(i.MX_FDCAN1_Init) refers to stm32g0xx_hal_fdcan.o(i.HAL_FDCAN_ActivateNotification) for HAL_FDCAN_ActivateNotification
    main.o(i.MX_FDCAN1_Init) refers to stm32g0xx_hal_fdcan.o(i.HAL_FDCAN_Start) for HAL_FDCAN_Start
    main.o(i.MX_FDCAN1_Init) refers to can_circularbuf.o(i.can_circulbuf_init) for can_circulbuf_init
    main.o(i.MX_FDCAN1_Init) refers to main.o(.bss) for .bss
    main.o(i.MX_TIM3_Init) refers to stm32g0xx_hal_tim.o(i.HAL_TIM_Base_Init) for HAL_TIM_Base_Init
    main.o(i.MX_TIM3_Init) refers to stm32g0xx_hal_tim.o(i.HAL_TIM_ConfigClockSource) for HAL_TIM_ConfigClockSource
    main.o(i.MX_TIM3_Init) refers to stm32g0xx_hal_tim_ex.o(i.HAL_TIMEx_MasterConfigSynchronization) for HAL_TIMEx_MasterConfigSynchronization
    main.o(i.MX_TIM3_Init) refers to stm32g0xx_hal_tim.o(i.HAL_TIM_Base_Start_IT) for HAL_TIM_Base_Start_IT
    main.o(i.MX_TIM3_Init) refers to main.o(.bss) for .bss
    main.o(i.SystemClock_Config) refers to rt_memclr.o(.text) for __aeabi_memclr4
    main.o(i.SystemClock_Config) refers to stm32g0xx_hal_pwr_ex.o(i.HAL_PWREx_ControlVoltageScaling) for HAL_PWREx_ControlVoltageScaling
    main.o(i.SystemClock_Config) refers to stm32g0xx_hal_rcc.o(i.HAL_RCC_OscConfig) for HAL_RCC_OscConfig
    main.o(i.SystemClock_Config) refers to stm32g0xx_hal_rcc.o(i.HAL_RCC_ClockConfig) for HAL_RCC_ClockConfig
    main.o(i.main) refers to stm32g0xx_hal.o(i.HAL_Init) for HAL_Init
    main.o(i.main) refers to main.o(i.SystemClock_Config) for SystemClock_Config
    main.o(i.main) refers to main.o(i.MX_FDCAN1_Init) for MX_FDCAN1_Init
    main.o(i.main) refers to main.o(i.MX_TIM3_Init) for MX_TIM3_Init
    main.o(i.main) refers to flash_update_handle.o(i.BootFlag_Diag) for BootFlag_Diag
    main.o(i.main) refers to comm_update_handle.o(i.CAN_DataDecode) for CAN_DataDecode
    main.o(i.main) refers to flash_update_handle.o(i.ChipFlashDownload_Process) for ChipFlashDownload_Process
    main.o(i.main) refers to flash_update_handle.o(i.AppUpdate_Process) for AppUpdate_Process
    main.o(i.main) refers to comm_update_handle.o(.bss) for gt_comm_update_handle
    stm32g0xx_it.o(i.SysTick_Handler) refers to stm32g0xx_hal.o(i.HAL_IncTick) for HAL_IncTick
    stm32g0xx_it.o(i.TIM16_FDCAN_IT0_IRQHandler) refers to stm32g0xx_hal_fdcan.o(i.HAL_FDCAN_IRQHandler) for HAL_FDCAN_IRQHandler
    stm32g0xx_it.o(i.TIM16_FDCAN_IT0_IRQHandler) refers to main.o(.bss) for hfdcan1
    stm32g0xx_it.o(i.TIM17_FDCAN_IT1_IRQHandler) refers to stm32g0xx_hal_fdcan.o(i.HAL_FDCAN_IRQHandler) for HAL_FDCAN_IRQHandler
    stm32g0xx_it.o(i.TIM17_FDCAN_IT1_IRQHandler) refers to main.o(.bss) for hfdcan1
    stm32g0xx_hal_msp.o(i.HAL_FDCAN_MspDeInit) refers to stm32g0xx_hal_gpio.o(i.HAL_GPIO_DeInit) for HAL_GPIO_DeInit
    stm32g0xx_hal_msp.o(i.HAL_FDCAN_MspDeInit) refers to stm32g0xx_hal_cortex.o(i.HAL_NVIC_DisableIRQ) for HAL_NVIC_DisableIRQ
    stm32g0xx_hal_msp.o(i.HAL_FDCAN_MspInit) refers to rt_memclr.o(.text) for __aeabi_memclr4
    stm32g0xx_hal_msp.o(i.HAL_FDCAN_MspInit) refers to stm32g0xx_hal_rcc_ex.o(i.HAL_RCCEx_PeriphCLKConfig) for HAL_RCCEx_PeriphCLKConfig
[...]
    ../Drivers/STM32G0xx_HAL_Driver/Src/stm32g0xx_hal_exti.c 0x00000000   Number         0  stm32g0xx_hal_exti.o ABSOLUTE
    ../Drivers/STM32G0xx_HAL_Driver/Src/stm32g0xx_hal_fdcan.c 0x00000000   Number         0  stm32g0xx_hal_fdcan.o ABSOLUTE
    ../Drivers/STM32G0xx_HAL_Driver/Src/stm32g0xx_hal_flash.c 0x00000000   Number         0  stm32g0xx_hal_flash.o ABSOLUTE
    ../Drivers/STM32G0xx_HAL_Driver/Src/stm32g0xx_hal_flash_ex.c 0x00000000   Number         0  stm32g0xx_hal_flash_ex.o ABSOLUTE
    ../Drivers/STM32G0xx_HAL_Driver/Src/stm32g0xx_hal_gpio.c 0x00000000   Number         0  stm32g0xx_hal_gpio.o ABSOLUTE
    ../Drivers/STM32G0xx_HAL_Driver/Src/stm32g0xx_hal_pwr.c 0x00000000   Number         0  stm32g0xx_hal_pwr.o ABSOLUTE
    ../Drivers/STM32G0xx_HAL_Driver/Src/stm32g0xx_hal_pwr_ex.c 0x00000000   Number         0  stm32g0xx_hal_pwr_ex.o ABSOLUTE
    ../Drivers/STM32G0xx_HAL_Driver/Src/stm32g0xx_hal_rcc.c 0x00000000   Number         0  stm32g0xx_hal_rcc.o ABSOLUTE
    ../Drivers/STM32G0xx_HAL_Driver/Src/stm32g0xx_hal_rcc_ex.c 0x00000000   Number         0  stm32g0xx_hal_rcc_ex.o ABSOLUTE
    ../Drivers/STM32G0xx_HAL_Driver/Src/stm32g0xx_hal_tim.c 0x00000000   Number         0  stm32g0xx_hal_tim.o ABSOLUTE
    ../Drivers/STM32G0xx_HAL_Driver/Src/stm32g0xx_hal_tim_ex.c 0x00000000   Number         0  stm32g0xx_hal_tim_ex.o ABSOLUTE
    ../Drivers/STM32G0xx_HAL_Driver/Src/stm32g0xx_ll_dma.c 0x00000000   Number         0  stm32g0xx_ll_dma.o ABSOLUTE
    ../Drivers/STM32G0xx_HAL_Driver/Src/stm32g0xx_ll_rcc.c 0x00000000   Number         0  stm32g0xx_ll_rcc.o ABSOLUTE
    ../clib/angel/boardlib.s                 0x00000000   Number         0  boardinit3.o ABSOLUTE
    ../clib/angel/boardlib.s                 0x00000000   Number         0  boardinit2.o ABSOLUTE
    ../clib/angel/boardlib.s                 0x00000000   Number         0  boardshut.o ABSOLUTE
    ../clib/angel/boardlib.s                 0x00000000   Number         0  boardinit1.o ABSOLUTE
    ../clib/angel/handlers.s                 0x00000000   Number         0  __scatter_zi.o ABSOLUTE
    ../clib/angel/handlers.s                 0x00000000   Number         0  __scatter_copy.o ABSOLUTE
    ../clib/angel/kernel.s                   0x00000000   Number         0  rtexit.o ABSOLUTE
    ../clib/angel/kernel.s                   0x00000000   Number         0  __rtentry2.o ABSOLUTE
    ../clib/angel/kernel.s                   0x00000000   Number         0  __rtentry.o ABSOLUTE
    ../clib/angel/kernel.s                   0x00000000   Number         0  rtexit2.o ABSOLUTE
    ../clib/angel/kernel.s                   0x00000000   Number         0  __rtentry4.o ABSOLUTE
    ../clib/angel/rt.s                       0x00000000   Number         0  aeabi_idiv0.o ABSOLUTE
    ../clib/angel/rt.s                       0x00000000   Number         0  aeabi_idiv0_sigfpe.o ABSOLUTE
    ../clib/angel/rt.s                       0x00000000   Number         0  rt_heap_descriptor.o ABSOLUTE
    ../clib/angel/rt.s                       0x00000000   Number         0  rt_div0.o ABSOLUTE
    ../clib/angel/rt.s                       0x00000000   Number         0  rt_raise.o ABSOLUTE
    ../clib/angel/rt.s                       0x00000000   Number         0  rt_heap_descriptor_intlibspace.o ABSOLUTE
    ../clib/angel/scatterp.s                 0x00000000   Number         0  __scatter.o ABSOLUTE
    ../clib/angel/startup.s                  0x00000000   Number         0  __main.o ABSOLUTE
    ../clib/angel/sys.s                      0x00000000   Number         0  tempstk.o ABSOLUTE
    ../clib/angel/sys.s                      0x00000000   Number         0  libspace.o ABSOLUTE
    ../clib/angel/sys.s                      0x00000000   Number         0  indicate_semi.o ABSOLUTE
    ../clib/angel/sys.s                      0x00000000   Number         0  use_no_semi.o ABSOLUTE
    ../clib/angel/sys.s                      0x00000000   Number         0  sys_stackheap_outer.o ABSOLUTE
    ../clib/angel/sys.s                      0x00000000   Number         0  mutex_dummy.o ABSOLUTE
    ../clib/angel/sysapp.c                   0x00000000   Number         0  sys_wrch.o ABSOLUTE
    ../clib/angel/sysapp.c                   0x00000000   Number         0  sys_command.o ABSOLUTE
    ../clib/angel/sysapp.c                   0x00000000   Number         0  sys_exit.o ABSOLUTE
    ../clib/armsys.c                         0x00000000   Number         0  _get_argv.o ABSOLUTE
    ../clib/armsys.c                         0x00000000   Number         0  argv_veneer.o ABSOLUTE
    ../clib/armsys.c                         0x00000000   Number         0  no_argv.o ABSOLUTE
    ../clib/armsys.c                         0x00000000   Number         0  _get_argv_nomalloc.o ABSOLUTE
    ../clib/division.s                       0x00000000   Number         0  aeabi_sdiv.o ABSOLUTE
    ../clib/division.s                       0x00000000   Number         0  aeabi_sdiv_div0.o ABSOLUTE
    ../clib/heap1.c                          0x00000000   Number         0  h1_extend.o ABSOLUTE
    ../clib/heap1.c                          0x00000000   Number         0  h1_init_mt.o ABSOLUTE
    ../clib/heap1.c                          0x00000000   Number         0  h1_alloc_mt.o ABSOLUTE
    ../clib/heap1.c                          0x00000000   Number         0  h1_final.o ABSOLUTE
    ../clib/heap1.c                          0x00000000   Number         0  h1_final_mt.o ABSOLUTE
    ../clib/heap1.c                          0x00000000   Number         0  h1_free.o ABSOLUTE
    ../clib/heap1.c                          0x00000000   Number         0  h1_extend_mt.o ABSOLUTE
    ../clib/heap1.c                          0x00000000   Number         0  h1_init.o ABSOLUTE
    ../clib/heap1.c                          0x00000000   Number         0  h1_alloc.o ABSOLUTE
    ../clib/heap1.c                          0x00000000   Number         0  h1_free_mt.o ABSOLUTE
    ../clib/heap2.c                          0x00000000   Number         0  heap2.o ABSOLUTE
    ../clib/heap2.c                          0x00000000   Number         0  fdtree.o ABSOLUTE
    ../clib/heap2.c                          0x00000000   Number         0  heap2mt.o ABSOLUTE
    ../clib/heapalloc.c                      0x00000000   Number         0  hrguard.o ABSOLUTE
    ../clib/heapalloc.c                      0x00000000   Number         0  free.o ABSOLUTE
    ../clib/heapalloc.c                      0x00000000   Number         0  init_alloc.o ABSOLUTE
    ../clib/heapalloc.c                      0x00000000   Number         0  hguard.o ABSOLUTE
    ../clib/heapalloc.c                      0x00000000   Number         0  malloc.o ABSOLUTE
    ../clib/heapalloc.c                      0x00000000   Number         0  heapstubs.o ABSOLUTE
    ../clib/heapalloc.c                      0x00000000   Number         0  term_alloc.o ABSOLUTE
    ../clib/heapalloc.c                      0x00000000   Number         0  maybetermalloc2.o ABSOLUTE
    ../clib/heapalloc.c                      0x00000000   Number         0  maybetermalloc2.o ABSOLUTE
    ../clib/heapalloc.c                      0x00000000   Number         0  maybetermalloc1.o ABSOLUTE
    ../clib/heapalloc.c                      0x00000000   Number         0  maybetermalloc1.o ABSOLUTE
    ../clib/heapaux.c                        0x00000000   Number         0  heapauxa.o ABSOLUTE
    ../clib/heapaux.c                        0x00000000   Number         0  heapauxi.o ABSOLUTE
    ../clib/libinit.s                        0x00000000   Number         0  libshutdown2.o ABSOLUTE
    ../clib/libinit.s                        0x00000000   Number         0  libinit.o ABSOLUTE
    ../clib/libinit.s                        0x00000000   Number         0  libshutdown.o ABSOLUTE
    ../clib/libinit.s                        0x00000000   Number         0  libinit2.o ABSOLUTE
    ../clib/longlong.c                       0x00000000   Number         0  llshl.o ABSOLUTE
    ../clib/memcpset.c                       0x00000000   Number         0  rt_memcpy.o ABSOLUTE
    ../clib/memcpset.c                       0x00000000   Number         0  rt_memclr.o ABSOLUTE
    ../clib/memcpset.c                       0x00000000   Number         0  rt_memcpy.o ABSOLUTE
    ../clib/signal.c                         0x00000000   Number         0  defsig_fpe_inner.o ABSOLUTE
    ../clib/signal.c                         0x00000000   Number         0  defsig_stak_inner.o ABSOLUTE
    ../clib/signal.c                         0x00000000   Number         0  defsig_rtmem_formal.o ABSOLUTE
    ../clib/signal.c                         0x00000000   Number         0  defsig_rtmem_outer.o ABSOLUTE
    ../clib/signal.c                         0x00000000   Number         0  defsig_pvfn_inner.o ABSOLUTE
    ../clib/signal.c                         0x00000000   Number         0  defsig_cppl_inner.o ABSOLUTE
    ../clib/signal.c                         0x00000000   Number         0  __raise.o ABSOLUTE
    ../clib/signal.c                         0x00000000   Number         0  defsig_general.o ABSOLUTE
    ../clib/signal.c                         0x00000000   Number         0  defsig_abrt_inner.o ABSOLUTE
    ../clib/signal.c                         0x00000000   Number         0  defsig_exit.o ABSOLUTE
    ../clib/signal.c                         0x00000000   Number         0  defsig_segv_inner.o ABSOLUTE
    ../clib/signal.c                         0x00000000   Number         0  defsig_rtmem_inner.o ABSOLUTE
    ../clib/signal.c                         0x00000000   Number         0  defsig_fpe_outer.o ABSOLUTE
    ../clib/signal.c                         0x00000000   Number         0  defsig_other.o ABSOLUTE
    ../clib/signal.c                         0x00000000   Number         0  defsig_fpe_formal.o ABSOLUTE
    ../clib/signal.c                         0x00000000   Number         0  defsig_rtred_inner.o ABSOLUTE
    ../clib/signal.s                         0x00000000   Number         0  defsig.o ABSOLUTE
    ../clib/stdlib.c                         0x00000000   Number         0  exit.o ABSOLUTE
    ../clib/string.c                         0x00000000   Number         0  strcmp.o ABSOLUTE
    ../clib/string.c                         0x00000000   Number         0  strlen.o ABSOLUTE
    ../fplib/cfplib/fpinit.c                 0x00000000   Number         0  fpinit.o ABSOLUTE
    ..\Core\Src\main.c                       0x00000000   Number         0  main.o ABSOLUTE
    ..\Core\Src\stm32g0xx_hal_msp.c          0x00000000   Number         0  stm32g0xx_hal_msp.o ABSOLUTE
    ..\Core\Src\stm32g0xx_it.c               0x00000000   Number         0  stm32g0xx_it.o ABSOLUTE
    ..\Core\Src\system_stm32g0xx.c           0x00000000   Number         0  system_stm32g0xx.o ABSOLUTE
    ..\Drivers\STM32G0xx_HAL_Driver\Src\stm32g0xx_hal.c 0x00000000   Number         0  stm32g0xx_hal.o ABSOLUTE
    ..\Drivers\STM32G0xx_HAL_Driver\Src\stm32g0xx_hal_cortex.c 0x00000000   Number         0  stm32g0xx_hal_cortex.o ABSOLUTE
    ..\Drivers\STM32G0xx_HAL_Driver\Src\stm32g0xx_hal_dma.c 0x00000000   Number         0  stm32g0xx_hal_dma.o ABSOLUTE
    ..\Drivers\STM32G0xx_HAL_Driver\Src\stm32g0xx_hal_dma_ex.c 0x00000000   Number         0  stm32g0xx_hal_dma_ex.o ABSOLUTE
    ..\Drivers\STM32G0xx_HAL_Driver\Src\stm32g0xx_hal_exti.c 0x00000000   Number         0  stm32g0xx_hal_exti.o ABSOLUTE
    ..\Drivers\STM32G0xx_HAL_Driver\Src\stm32g0xx_hal_fdcan.c 0x00000000   Number         0  stm32g0xx_hal_fdcan.o ABSOLUTE
    ..\Drivers\STM32G0xx_HAL_Driver\Src\stm32g0xx_hal_flash.c 0x00000000   Number         0  stm32g0xx_hal_flash.o ABSOLUTE
    ..\Drivers\STM32G0xx_HAL_Driver\Src\stm32g0xx_hal_flash_ex.c 0x00000000   Number         0  stm32g0xx_hal_flash_ex.o ABSOLUTE
    ..\Drivers\STM32G0xx_HAL_Driver\Src\stm32g0xx_hal_gpio.c 0x00000000   Number         0  stm32g0xx_hal_gpio.o ABSOLUTE
    ..\Drivers\STM32G0xx_HAL_Driver\Src\stm32g0xx_hal_pwr.c 0x00000000   Number         0  stm32g0xx_hal_pwr.o ABSOLUTE
    ..\Drivers\STM32G0xx_HAL_Driver\Src\stm32g0xx_hal_pwr_ex.c 0x00000000   Number         0  stm32g0xx_hal_pwr_ex.o ABSOLUTE
    ..\Drivers\STM32G0xx_HAL_Driver\Src\stm32g0xx_hal_rcc.c 0x00000000   Number         0  stm32g0xx_hal_rcc.o ABSOLUTE
    ..\Drivers\STM32G0xx_HAL_Driver\Src\stm32g0xx_hal_rcc_ex.c 0x00000000   Number         0  stm32g0xx_hal_rcc_ex.o ABSOLUTE
    ..\Drivers\STM32G0xx_HAL_Driver\Src\stm32g0xx_hal_tim.c 0x00000000   Number         0  stm32g0xx_hal_tim.o ABSOLUTE
    ..\Drivers\STM32G0xx_HAL_Driver\Src\stm32g0xx_hal_tim_ex.c 0x00000000   Number         0  stm32g0xx_hal_tim_ex.o ABSOLUTE
    ..\User\Comm_Update\comm_update_handle.c 0x00000000   Number         0  comm_update_handle.o ABSOLUTE
    ..\User\Comm_Update\flash_update_handle.c 0x00000000   Number         0  flash_update_handle.o ABSOLUTE
    ..\User\Drv\can.c                        0x00000000   Number         0  can.o ABSOLUTE
    ..\User\Drv\stm32flash.c                 0x00000000   Number         0  stm32flash.o ABSOLUTE
    ..\User\Drv\timer.c                      0x00000000   Number         0  timer.o ABSOLUTE
    ..\User\Middle\CAN_CircularBuf.c         0x00000000   Number         0  can_circularbuf.o ABSOLUTE
    ..\User\Middle\sys.c                     0x00000000   Number         0  sys.o ABSOLUTE
    ..\User\RTT\SEGGER_RTT.c                 0x00000000   Number         0  segger_rtt.o ABSOLUTE
    ..\User\RTT\SEGGER_RTT_printf.c          0x00000000   Number         0  segger_rtt_printf.o ABSOLUTE
    ..\\User\\Comm_Update\\comm_update_handle.c 0x00000000   Number         0  comm_update_handle.o ABSOLUTE
    ..\\User\\Comm_Update\\flash_update_handle.c 0x00000000   Number         0  flash_update_handle.o ABSOLUTE
    ..\\User\\Drv\\can.c                     0x00000000   Number         0  can.o ABSOLUTE
    ..\\User\\Drv\\stm32flash.c              0x00000000   Number         0  stm32flash.o ABSOLUTE
    ..\\User\\Drv\\timer.c                   0x00000000   Number         0  timer.o ABSOLUTE
    ..\\User\\Middle\\CAN_CircularBuf.c      0x00000000   Number         0  can_circularbuf.o ABSOLUTE
    ..\\User\\Middle\\sys.c                  0x00000000   Number         0  sys.o ABSOLUTE
    dc.s                                     0x00000000   Number         0  dc.o ABSOLUTE
    startup_stm32g0b1xx.s                    0x00000000   Number         0  startup_stm32g0b1xx.o ABSOLUTE
    RESET                                    0x08000000   Section      188  startup_stm32g0b1xx.o(RESET)
    !!!main                                  0x080000bc   Section        8  __main.o(!!!main)
    !!!scatter                               0x080000c4   Section       60  __scatter.o(!!!scatter)
    !!handler_copy                           0x08000100   Section       26  __scatter_copy.o(!!handler_copy)
    !!handler_zi                             0x0800011c   Section       28  __scatter_zi.o(!!handler_zi)
    .ARM.Collect$$libinit$$00000000          0x08000138   Section        2  libinit.o(.ARM.Collect$$libinit$$00000000)
    .ARM.Collect$$libinit$$00000002          0x0800013a   Section        0  libinit2.o(.ARM.Collect$$libinit$$00000002)
    .ARM.Collect$$libinit$$00000004          0x0800013a   Section        0  libinit2.o(.ARM.Collect$$libinit$$00000004)
    .ARM.Collect$$libinit$$00000005          0x0800013a   Section        8  libinit2.o(.ARM.Collect$$libinit$$00000005)
    .ARM.Collect$$libinit$$0000000A          0x08000142   Section        0  libinit2.o(.ARM.Collect$$libinit$$0000000A)
    .ARM.Collect$$libinit$$0000000C          0x08000142   Section        0  libinit2.o(.ARM.Collect$$libinit$$0000000C)
    .ARM.Collect$$libinit$$0000000E          0x08000142   Section        0  libinit2.o(.ARM.Collect$$libinit$$0000000E)
    .ARM.Collect$$libinit$$00000011          0x08000142   Section        0  libinit2.o(.ARM.Collect$$libinit$$00000011)
    .ARM.Collect$$libinit$$00000013          0x08000142   Section        0  libinit2.o(.ARM.Collect$$libinit$$00000013)
    .ARM.Collect$$libinit$$00000015          0x08000142   Section        0  libinit2.o(.ARM.Collect$$libinit$$00000015)
    .ARM.Collect$$libinit$$00000017          0x08000142   Section        0  libinit2.o(.ARM.Collect$$libinit$$00000017)
    .ARM.Collect$$libinit$$00000019          0x08000142   Section        0  libinit2.o(.ARM.Collect$$libinit$$00000019)
    .ARM.Collect$$libinit$$0000001B          0x08000142   Section        0  libinit2.o(.ARM.Collect$$libinit$$0000001B)
    .ARM.Collect$$libinit$$0000001D          0x08000142   Section        0  libinit2.o(.ARM.Collect$$libinit$$0000001D)
    .ARM.Collect$$libinit$$0000001F          0x08000142   Section        0  libinit2.o(.ARM.Collect$$libinit$$0000001F)
    .ARM.Collect$$libinit$$00000021          0x08000142   Section        0  libinit2.o(.ARM.Collect$$libinit$$00000021)
    .ARM.Collect$$libinit$$00000023          0x08000142   Section        0  libinit2.o(.ARM.Collect$$libinit$$00000023)
    .ARM.Collect$$libinit$$00000025          0x08000142   Section        0  libinit2.o(.ARM.Collect$$libinit$$00000025)
    .ARM.Collect$$libinit$$0000002C          0x08000142   Section        0  libinit2.o(.ARM.Collect$$libinit$$0000002C)
    .ARM.Collect$$libinit$$0000002E          0x08000142   Section        0  libinit2.o(.ARM.Collect$$libinit$$0000002E)
    .ARM.Collect$$libinit$$00000030          0x08000142   Section        0  libinit2.o(.ARM.Collect$$libinit$$00000030)
    .ARM.Collect$$libinit$$00000032          0x08000142   Section        0  libinit2.o(.ARM.Collect$$libinit$$00000032)
    .ARM.Collect$$libinit$$00000033          0x08000142   Section        2  libinit2.o(.ARM.Collect$$libinit$$00000033)
    .ARM.Collect$$libshutdown$$00000000      0x08000144   Section        2  libshutdown.o(.ARM.Collect$$libshutdown$$00000000)
    .ARM.Collect$$libshutdown$$00000002      0x08000146   Section        0  libshutdown2.o(.ARM.Collect$$libshutdown$$00000002)
    .ARM.Collect$$libshutdown$$00000004      0x08000146   Section        0  libshutdown2.o(.ARM.Collect$$libshutdown$$00000004)
    .ARM.Collect$$libshutdown$$00000006      0x08000146   Section        0  libshutdown2.o(.ARM.Collect$$libshutdown$$00000006)
    .ARM.Collect$$libshutdown$$00000009      0x08000146   Section        0  libshutdown2.o(.ARM.Collect$$libshutdown$$00000009)
    .ARM.Collect$$libshutdown$$0000000C      0x08000146   Section        0  libshutdown2.o(.ARM.Collect$$libshutdown$$0000000C)
    .ARM.Collect$$libshutdown$$0000000E      0x08000146   Section        0  libshutdown2.o(.ARM.Collect$$libshutdown$$0000000E)
    .ARM.Collect$$libshutdown$$00000011      0x08000146   Section        0  libshutdown2.o(.ARM.Collect$$libshutdown$$00000011)
    .ARM.Collect$$libshutdown$$00000012      0x08000146   Section        2  libshutdown2.o(.ARM.Collect$$libshutdown$$00000012)
    .ARM.Collect$$rtentry$$00000000          0x08000148   Section        0  __rtentry.o(.ARM.Collect$$rtentry$$00000000)
    .ARM.Collect$$rtentry$$00000002          0x08000148   Section        0  __rtentry2.o(.ARM.Collect$$rtentry$$00000002)
    .ARM.Collect$$rtentry$$00000004          0x08000148   Section        6  __rtentry4.o(.ARM.Collect$$rtentry$$00000004)
    .ARM.Collect$$rtentry$$00000009          0x0800014e   Section        0  __rtentry2.o(.ARM.Collect$$rtentry$$00000009)
    .ARM.Collect$$rtentry$$0000000A          0x0800014e   Section        4  __rtentry2.o(.ARM.Collect$$rtentry$$0000000A)
    .ARM.Collect$$rtentry$$0000000C          0x08000152   Section        0  __rtentry2.o(.ARM.Collect$$rtentry$$0000000C)
    .ARM.Collect$$rtentry$$0000000D          0x08000152   Section        8  __rtentry2.o(.ARM.Collect$$rtentry$$0000000D)
    .ARM.Collect$$rtexit$$00000000           0x0800015a   Section        2  rtexit.o(.ARM.Collect$$rtexit$$00000000)
    .ARM.Collect$$rtexit$$00000002           0x0800015c   Section        0  rtexit2.o(.ARM.Collect$$rtexit$$00000002)
    .ARM.Collect$$rtexit$$00000003           0x0800015c   Section        4  rtexit2.o(.ARM.Collect$$rtexit$$00000003)
    .ARM.Collect$$rtexit$$00000004           0x08000160   Section        6  rtexit2.o(.ARM.Collect$$rtexit$$00000004)
    .emb_text                                0x08000168   Section       56  rt_memcpy.o(.emb_text)
    .emb_text                                0x080001a0   Section        0  maybetermalloc1.o(.emb_text)
    .text                                    0x080001a0   Section       56  startup_stm32g0b1xx.o(.text)
    .text                                    0x080001d8   Section        0  h1_alloc.o(.text)
    .text                                    0x0800023a   Section        0  llshl.o(.text)
    .text                                    0x0800025a   Section        0  rt_memcpy.o(.text)
    .text                                    0x080002dc   Section        0  rt_memclr.o(.text)
    .text                                    0x0800031c   Section        0  strcmp.o(.text)
    .text                                    0x080003a4   Section      346  aeabi_sdiv.o(.text)
    .text                                    0x080004fe   Section        0  heapauxi.o(.text)
    .text                                    0x08000504   Section        8  rt_heap_descriptor_intlibspace.o(.text)
    .text                                    0x0800050c   Section        0  hguard.o(.text)
    .text                                    0x08000510   Section        0  init_alloc.o(.text)
    .text                                    0x08000598   Section        0  h1_init.o(.text)
    .text                                    0x080005a6   Section        0  h1_free.o(.text)
    .text                                    0x080005f4   Section        8  libspace.o(.text)
    .text                                    0x080005fc   Section        0  h1_extend.o(.text)
    .text                                    0x08000630   Section        0  defsig_rtmem_outer.o(.text)
    .text                                    0x0800063c   Section        2  use_no_semi.o(.text)
    .text                                    0x0800063e   Section       62  sys_stackheap_outer.o(.text)
    .text                                    0x0800063e   Section        0  indicate_semi.o(.text)
    .text                                    0x0800067c   Section        0  exit.o(.text)
    .text                                    0x0800068c   Section        0  defsig_exit.o(.text)
    .text                                    0x08000698   Section        0  defsig_rtmem_inner.o(.text)
    .text                                    0x080006e8   Section        0  sys_exit.o(.text)
    .text                                    0x080006f4   Section        0  defsig_general.o(.text)
    .text                                    0x08000728   Section        0  sys_wrch.o(.text)
    i.AppUpdate_Process                      0x08000734   Section        0  flash_update_handle.o(i.AppUpdate_Process)
    i.BootFlagState_Read                     0x080007dc   Section        0  flash_update_handle.o(i.BootFlagState_Read)
    i.BootFlagState_Write                    0x0800080c   Section        0  flash_update_handle.o(i.BootFlagState_Write)
    i.BootFlag_Diag                          0x08000828   Section        0  flash_update_handle.o(i.BootFlag_Diag)
    i.CAN_DataDecode                         0x08000840   Section        0  comm_update_handle.o(i.CAN_DataDecode)
    i.ChipFlashDownload_Process              0x080008b8   Section        0  flash_update_handle.o(i.ChipFlashDownload_Process)
    i.Error_Handler                          0x080009e4   Section        0  main.o(i.Error_Handler)
    i.FDCAN_CalcultateRamBlockAddresses      0x080009e8   Section        0  stm32g0xx_hal_fdcan.o(i.FDCAN_CalcultateRamBlockAddresses)
    FDCAN_CalcultateRamBlockAddresses        0x080009e9   Thumb Code   104  stm32g0xx_hal_fdcan.o(i.FDCAN_CalcultateRamBlockAddresses)
    i.FDCAN_CopyMessageToRAM                 0x08000a5c   Section        0  stm32g0xx_hal_fdcan.o(i.FDCAN_CopyMessageToRAM)
    FDCAN_CopyMessageToRAM                   0x08000a5d   Thumb Code   102  stm32g0xx_hal_fdcan.o(i.FDCAN_CopyMessageToRAM)
    i.FLASH_MassErase                        0x08000ac8   Section        0  stm32g0xx_hal_flash_ex.o(i.FLASH_MassErase)
    FLASH_MassErase                          0x08000ac9   Thumb Code    16  stm32g0xx_hal_flash_ex.o(i.FLASH_MassErase)
    i.FLASH_PageErase                        0x08000adc   Section        0  stm32g0xx_hal_flash_ex.o(i.FLASH_PageErase)
    i.FLASH_Program_DoubleWord               0x08000b0c   Section        0  stm32g0xx_hal_flash.o(i.FLASH_Program_DoubleWord)
    FLASH_Program_DoubleWord                 0x08000b0d   Thumb Code    22  stm32g0xx_hal_flash.o(i.FLASH_Program_DoubleWord)
    i.FLASH_Program_Fast                     0x08000b28   Section        0  stm32g0xx_hal_flash.o(i.FLASH_Program_Fast)
    FLASH_Program_Fast                       0x08000b29   Thumb Code    48  stm32g0xx_hal_flash.o(i.FLASH_Program_Fast)
    i.FLASH_WaitForLastOperation             0x08000b5c   Section        0  stm32g0xx_hal_flash.o(i.FLASH_WaitForLastOperation)
    i.Flash_Read                             0x08000bc0   Section        0  stm32flash.o(i.Flash_Read)
    i.Flash_Write                            0x08000be4   Section        0  stm32flash.o(i.Flash_Write)
    i.HAL_FDCAN_ActivateNotification         0x08000d0c   Section        0  stm32g0xx_hal_fdcan.o(i.HAL_FDCAN_ActivateNotification)
    i.HAL_FDCAN_AddMessageToTxFifoQ          0x08000e02   Section        0  stm32g0xx_hal_fdcan.o(i.HAL_FDCAN_AddMessageToTxFifoQ)
    i.HAL_FDCAN_ErrorCallback                0x08000e4a   Section        0  stm32g0xx_hal_fdcan.o(i.HAL_FDCAN_ErrorCallback)
    i.HAL_FDCAN_ErrorStatusCallback          0x08000e4c   Section        0  stm32g0xx_hal_fdcan.o(i.HAL_FDCAN_ErrorStatusCallback)
    i.HAL_FDCAN_GetRxFifoFillLevel           0x08000e4e   Section        0  stm32g0xx_hal_fdcan.o(i.HAL_FDCAN_GetRxFifoFillLevel)
    i.HAL_FDCAN_GetRxMessage                 0x08000e64   Section        0  stm32g0xx_hal_fdcan.o(i.HAL_FDCAN_GetRxMessage)
    i.HAL_FDCAN_HighPriorityMessageCallback  0x08000f44   Section        0  stm32g0xx_hal_fdcan.o(i.HAL_FDCAN_HighPriorityMessageCallback)
    i.HAL_FDCAN_IRQHandler                   0x08000f46   Section        0  stm32g0xx_hal_fdcan.o(i.HAL_FDCAN_IRQHandler)
    i.HAL_FDCAN_Init                         0x080010b4   Section        0  stm32g0xx_hal_fdcan.o(i.HAL_FDCAN_Init)
    i.HAL_FDCAN_MspInit                      0x08001258   Section        0  stm32g0xx_hal_msp.o(i.HAL_FDCAN_MspInit)
    i.HAL_FDCAN_RxFifo0Callback              0x080012f4   Section        0  can.o(i.HAL_FDCAN_RxFifo0Callback)
    i.HAL_FDCAN_RxFifo1Callback              0x08001364   Section        0  stm32g0xx_hal_fdcan.o(i.HAL_FDCAN_RxFifo1Callback)
    i.HAL_FDCAN_Start                        0x08001366   Section        0  stm32g0xx_hal_fdcan.o(i.HAL_FDCAN_Start)
    i.HAL_FDCAN_TimeoutOccurredCallback      0x08001392   Section        0  stm32g0xx_hal_fdcan.o(i.HAL_FDCAN_TimeoutOccurredCallback)
    i.HAL_FDCAN_TimestampWraparoundCallback  0x08001394   Section        0  stm32g0xx_hal_fdcan.o(i.HAL_FDCAN_TimestampWraparoundCallback)
    i.HAL_FDCAN_TxBufferAbortCallback        0x08001396   Section        0  stm32g0xx_hal_fdcan.o(i.HAL_FDCAN_TxBufferAbortCallback)
    i.HAL_FDCAN_TxBufferCompleteCallback     0x08001398   Section        0  stm32g0xx_hal_fdcan.o(i.HAL_FDCAN_TxBufferCompleteCallback)
    i.HAL_FDCAN_TxEventFifoCallback          0x0800139a   Section        0  stm32g0xx_hal_fdcan.o(i.HAL_FDCAN_TxEventFifoCallback)
    i.HAL_FDCAN_TxFifoEmptyCallback          0x0800139c   Section        0  stm32g0xx_hal_fdcan.o(i.HAL_FDCAN_TxFifoEmptyCallback)
    i.HAL_FLASHEx_Erase                      0x080013a0   Section        0  stm32g0xx_hal_flash_ex.o(i.HAL_FLASHEx_Erase)
    i.HAL_FLASH_Lock                         0x08001424   Section        0  stm32g0xx_hal_flash.o(i.HAL_FLASH_Lock)
    i.HAL_FLASH_Program                      0x08001440   Section        0  stm32g0xx_hal_flash.o(i.HAL_FLASH_Program)
    i.HAL_FLASH_Unlock                       0x080014a0   Section        0  stm32g0xx_hal_flash.o(i.HAL_FLASH_Unlock)
    i.HAL_GPIO_Init                          0x080014c8   Section        0  stm32g0xx_hal_gpio.o(i.HAL_GPIO_Init)
    i.HAL_GetTick                            0x0800162c   Section        0  stm32g0xx_hal.o(i.HAL_GetTick)
    i.HAL_IncTick                            0x08001638   Section        0  stm32g0xx_hal.o(i.HAL_IncTick)
    i.HAL_Init                               0x08001648   Section        0  stm32g0xx_hal.o(i.HAL_Init)
    i.HAL_InitTick                           0x08001670   Section        0  stm32g0xx_hal.o(i.HAL_InitTick)
    i.HAL_MspInit                            0x080016b8   Section        0  stm32g0xx_hal_msp.o(i.HAL_MspInit)
    i.HAL_NVIC_EnableIRQ                     0x080016ec   Section        0  stm32g0xx_hal_cortex.o(i.HAL_NVIC_EnableIRQ)
    i.HAL_NVIC_SetPriority                   0x08001704   Section        0  stm32g0xx_hal_cortex.o(i.HAL_NVIC_SetPriority)
    i.HAL_NVIC_SystemReset                   0x0800170c   Section        0  stm32g0xx_hal_cortex.o(i.HAL_NVIC_SystemReset)
    i.HAL_PWREx_ControlVoltageScaling        0x08001728   Section        0  stm32g0xx_hal_pwr_ex.o(i.HAL_PWREx_ControlVoltageScaling)
    i.HAL_RCCEx_PeriphCLKConfig              0x08001774   Section        0  stm32g0xx_hal_rcc_ex.o(i.HAL_RCCEx_PeriphCLKConfig)
    i.HAL_RCC_ClockConfig                    0x080019f4   Section        0  stm32g0xx_hal_rcc.o(i.HAL_RCC_ClockConfig)
    i.HAL_RCC_GetSysClockFreq                0x08001b4c   Section        0  stm32g0xx_hal_rcc.o(i.HAL_RCC_GetSysClockFreq)
    i.HAL_RCC_OscConfig                      0x08001bd8   Section        0  stm32g0xx_hal_rcc.o(i.HAL_RCC_OscConfig)
    i.HAL_SYSCFG_StrobeDBattpinsConfig       0x08002010   Section        0  stm32g0xx_hal.o(i.HAL_SYSCFG_StrobeDBattpinsConfig)
    i.HAL_SYSTICK_Config                     0x08002024   Section        0  stm32g0xx_hal_cortex.o(i.HAL_SYSTICK_Config)
    i.HAL_TIMEx_MasterConfigSynchronization  0x08002054   Section        0  stm32g0xx_hal_tim_ex.o(i.HAL_TIMEx_MasterConfigSynchronization)
    i.HAL_TIM_Base_Init                      0x080020d0   Section        0  stm32g0xx_hal_tim.o(i.HAL_TIM_Base_Init)
    i.HAL_TIM_Base_MspInit                   0x0800211c   Section        0  stm32g0xx_hal_msp.o(i.HAL_TIM_Base_MspInit)
    i.HAL_TIM_Base_Start_IT                  0x08002140   Section        0  stm32g0xx_hal_tim.o(i.HAL_TIM_Base_Start_IT)
    i.HAL_TIM_ConfigClockSource              0x080021ac   Section        0  stm32g0xx_hal_tim.o(i.HAL_TIM_ConfigClockSource)
    i.HardFault_Handler                      0x0800228c   Section        0  stm32g0xx_it.o(i.HardFault_Handler)
    i.JumpToAPP                              0x08002290   Section        0  flash_update_handle.o(i.JumpToAPP)
    i.MX_FDCAN1_Init                         0x080022b4   Section        0  main.o(i.MX_FDCAN1_Init)
    MX_FDCAN1_Init                           0x080022b5   Thumb Code   114  main.o(i.MX_FDCAN1_Init)
    i.MX_TIM3_Init                           0x08002330   Section        0  main.o(i.MX_TIM3_Init)
    MX_TIM3_Init                             0x08002331   Thumb Code   106  main.o(i.MX_TIM3_Init)
    i.NMI_Handler                            0x080023a8   Section        0  stm32g0xx_it.o(i.NMI_Handler)
    i.PendSV_Handler                         0x080023aa   Section        0  stm32g0xx_it.o(i.PendSV_Handler)
    i.SVC_Handler                            0x080023ac   Section        0  stm32g0xx_it.o(i.SVC_Handler)
    i.SysTick_Handler                        0x080023ae   Section        0  stm32g0xx_it.o(i.SysTick_Handler)
    i.SystemClock_Config                     0x080023b6   Section        0  main.o(i.SystemClock_Config)
    i.SystemInit                             0x08002410   Section        0  system_stm32g0xx.o(i.SystemInit)
    i.TIM16_FDCAN_IT0_IRQHandler             0x08002414   Section        0  stm32g0xx_it.o(i.TIM16_FDCAN_IT0_IRQHandler)
    i.TIM17_FDCAN_IT1_IRQHandler             0x08002424   Section        0  stm32g0xx_it.o(i.TIM17_FDCAN_IT1_IRQHandler)
    i.TIM_Base_SetConfig                     0x08002434   Section        0  stm32g0xx_hal_tim.o(i.TIM_Base_SetConfig)
    i.TIM_ETR_SetConfig                      0x080024dc   Section        0  stm32g0xx_hal_tim.o(i.TIM_ETR_SetConfig)
    i.TIM_ITRx_SetConfig                     0x080024f4   Section        0  stm32g0xx_hal_tim.o(i.TIM_ITRx_SetConfig)
    TIM_ITRx_SetConfig                       0x080024f5   Thumb Code    16  stm32g0xx_hal_tim.o(i.TIM_ITRx_SetConfig)
    i.TIM_TI1_ConfigInputStage               0x08002508   Section        0  stm32g0xx_hal_tim.o(i.TIM_TI1_ConfigInputStage)
    TIM_TI1_ConfigInputStage                 0x08002509   Thumb Code    34  stm32g0xx_hal_tim.o(i.TIM_TI1_ConfigInputStage)
    i.TIM_TI2_ConfigInputStage               0x0800252a   Section        0  stm32g0xx_hal_tim.o(i.TIM_TI2_ConfigInputStage)
    TIM_TI2_ConfigInputStage                 0x0800252b   Thumb Code    38  stm32g0xx_hal_tim.o(i.TIM_TI2_ConfigInputStage)
    i.__ARM_common_switch8                   0x08002550   Section        0  stm32g0xx_hal_dma.o(i.__ARM_common_switch8)
    i.__NVIC_SetPriority                     0x0800256c   Section        0  stm32g0xx_hal_cortex.o(i.__NVIC_SetPriority)
    __NVIC_SetPriority                       0x0800256d   Thumb Code    60  stm32g0xx_hal_cortex.o(i.__NVIC_SetPriority)
    i.bms_UpdateChuck                        0x080025b0   Section        0  comm_update_handle.o(i.bms_UpdateChuck)
    i.bms_get_update_status                  0x080026dc   Section        0  comm_update_handle.o(i.bms_get_update_status)
    i.bms_update_apply                       0x080026fc   Section        0  comm_update_handle.o(i.bms_update_apply)
    i.bms_update_start                       0x080027b0   Section        0  comm_update_handle.o(i.bms_update_start)
    i.can_circulbuf_init                     0x080027e8   Section        0  can_circularbuf.o(i.can_circulbuf_init)
    i.can_is_empty                           0x08002808   Section        0  can_circularbuf.o(i.can_is_empty)
    i.can_is_full                            0x0800281c   Section        0  can_circularbuf.o(i.can_is_full)
    i.can_put_data                           0x0800283a   Section        0  can_circularbuf.o(i.can_put_data)
    i.can_rx_data                            0x08002880   Section        0  can_circularbuf.o(i.can_rx_data)
    i.can_take_data                          0x080028d0   Section        0  can_circularbuf.o(i.can_take_data)
    i.can_tx                                 0x08002910   Section        0  can.o(i.can_tx)
    i.crc32_compute                          0x08002958   Section        0  sys.o(i.crc32_compute)
    i.main                                   0x08002990   Section        0  main.o(i.main)
    .constdata                               0x080029d0   Section       16  stm32g0xx_hal_fdcan.o(.constdata)
    DLCtoBytes                               0x080029d0   Data          16  stm32g0xx_hal_fdcan.o(.constdata)
    .constdata                               0x080029e0   Section       64  system_stm32g0xx.o(.constdata)
    .data                                    0x20000000   Section       12  stm32g0xx_hal.o(.data)
    .data                                    0x2000000c   Section        4  system_stm32g0xx.o(.data)
    .data                                    0x20000010   Section        8  can_circularbuf.o(.data)
    .data                                    0x20000018   Section       31  comm_update_handle.o(.data)
    u32cnt                                   0x20000018   Data           4  comm_update_handle.o(.data)
    .data                                    0x20000038   Section        4  flash_update_handle.o(.data)
    .bss                                     0x2000003c   Section      176  main.o(.bss)
    .bss                                     0x200000ec   Section       28  stm32g0xx_hal_flash.o(.bss)
    .bss                                     0x20000108   Section      292  comm_update_handle.o(.bss)
    .bss                                     0x2000022c   Section       96  can.o(.bss)
    .bss                                     0x2000028c   Section       16  stm32flash.o(.bss)
    .bss                                     0x2000029c   Section       96  libspace.o(.bss)
    HEAP                                     0x20000300   Section     3840  startup_stm32g0b1xx.o(HEAP)
    Heap_Mem                                 0x20000300   Data        3840  startup_stm32g0b1xx.o(HEAP)
    STACK                                    0x20001200   Section     1024  startup_stm32g0b1xx.o(STACK)
    Stack_Mem                                0x20001200   Data        1024  startup_stm32g0b1xx.o(STACK)
    __initial_sp                             0x20001600   Data           0  startup_stm32g0b1xx.o(STACK)

    Global Symbols

    Symbol Name                              Value     Ov Type        Size  Object(Section)

    BuildAttributes$$THM_ISAv3M$S$PE$A:L22$X:L11$S22$IEEE1$IW$USESV6$~STKCKD$USESV7$~SHL$OTIME$ROPI$EBA8$UX$STANDARDLIB$REQ8$PRES8$EABIv2 0x00000000   Number         0  anon$$obj.o ABSOLUTE
    __ARM_use_no_argv                        0x00000000   Number         0  main.o ABSOLUTE
    __ARM_exceptions_init                     - Undefined Weak Reference
    __alloca_initialize                       - Undefined Weak Reference
    __arm_fini_                               - Undefined Weak Reference
    __arm_preinit_                            - Undefined Weak Reference
    __cpp_initialize__aeabi_                  - Undefined Weak Reference
    __cxa_finalize                            - Undefined Weak Reference
    __rt_locale                               - Undefined Weak Reference
    __sigvec_lookup                           - Undefined Weak Reference
    __user_heap_extent                        - Undefined Weak Reference
    _atexit_init                              - Undefined Weak Reference
    _call_atexit_fns                          - Undefined Weak Reference
    _clock_init                               - Undefined Weak Reference
    _fp_trap_init                             - Undefined Weak Reference
    _fp_trap_shutdown                         - Undefined Weak Reference
    _get_lc_collate                           - Undefined Weak Reference
    _get_lc_ctype                             - Undefined Weak Reference
    _get_lc_monetary                          - Undefined Weak Reference
    _get_lc_numeric                           - Undefined Weak Reference
    _get_lc_time                              - Undefined Weak Reference
    _getenv_init                              - Undefined Weak Reference
    _handle_redirection                       - Undefined Weak Reference
    _initio                                   - Undefined Weak Reference
    _mutex_acquire                            - Undefined Weak Reference
    _mutex_free                               - Undefined Weak Reference
    _mutex_release                            - Undefined Weak Reference
    _rand_init                                - Undefined Weak Reference
    _signal_finish                            - Undefined Weak Reference
    _signal_init                              - Undefined Weak Reference
    _terminateio                              - Undefined Weak Reference
    __Vectors_Size                           0x000000bc   Number         0  startup_stm32g0b1xx.o ABSOLUTE
    __Vectors                                0x08000000   Data           4  startup_stm32g0b1xx.o(RESET)
    __Vectors_End                            0x080000bc   Data           0  startup_stm32g0b1xx.o(RESET)
    __main                                   0x080000bd   Thumb Code     8  __main.o(!!!main)
    __scatterload                            0x080000c5   Thumb Code     0  __scatter.o(!!!scatter)
    __scatterload_rt2                        0x080000c5   Thumb Code    52  __scatter.o(!!!scatter)
    __scatterload_rt2_thumb_only             0x080000c5   Thumb Code     0  __scatter.o(!!!scatter)
    __scatterload_null                       0x080000d5   Thumb Code     0  __scatter.o(!!!scatter)
    __scatterload_copy                       0x08000101   Thumb Code    26  __scatter_copy.o(!!handler_copy)
    __scatterload_zeroinit                   0x0800011d   Thumb Code    28  __scatter_zi.o(!!handler_zi)
    __rt_lib_init                            0x08000139   Thumb Code     0  libinit.o(.ARM.Collect$$libinit$$00000000)
    __rt_lib_init_fp_1                       0x0800013b   Thumb Code     0  libinit2.o(.ARM.Collect$$libinit$$00000002)
    __rt_lib_init_heap_2                     0x0800013b   Thumb Code     0  libinit2.o(.ARM.Collect$$libinit$$00000005)
    __rt_lib_init_preinit_1                  0x0800013b   Thumb Code     0  libinit2.o(.ARM.Collect$$libinit$$00000004)
    __rt_lib_init_alloca_1                   0x08000143   Thumb Code     0  libinit2.o(.ARM.Collect$$libinit$$0000002E)
    __rt_lib_init_argv_1                     0x08000143   Thumb Code     0  libinit2.o(.ARM.Collect$$libinit$$0000002C)
    __rt_lib_init_atexit_1                   0x08000143   Thumb Code     0  libinit2.o(.ARM.Collect$$libinit$$0000001B)
    __rt_lib_init_clock_1                    0x08000143   Thumb Code     0  libinit2.o(.ARM.Collect$$libinit$$00000021)
    __rt_lib_init_cpp_1                      0x08000143   Thumb Code     0  libinit2.o(.ARM.Collect$$libinit$$00000032)
    __rt_lib_init_exceptions_1               0x08000143   Thumb Code     0  libinit2.o(.ARM.Collect$$libinit$$00000030)
    __rt_lib_init_fp_trap_1                  0x08000143   Thumb Code     0  libinit2.o(.ARM.Collect$$libinit$$0000001F)
    __rt_lib_init_getenv_1                   0x08000143   Thumb Code     0  libinit2.o(.ARM.Collect$$libinit$$00000023)
    __rt_lib_init_heap_1                     0x08000143   Thumb Code     0  libinit2.o(.ARM.Collect$$libinit$$0000000A)
    __rt_lib_init_lc_collate_1               0x08000143   Thumb Code     0  libinit2.o(.ARM.Collect$$libinit$$00000011)
    __rt_lib_init_lc_ctype_1                 0x08000143   Thumb Code     0  libinit2.o(.ARM.Collect$$libinit$$00000013)
    __rt_lib_init_lc_monetary_1              0x08000143   Thumb Code     0  libinit2.o(.ARM.Collect$$libinit$$00000015)
    __rt_lib_init_lc_numeric_1               0x08000143   Thumb Code     0  libinit2.o(.ARM.Collect$$libinit$$00000017)
    __rt_lib_init_lc_time_1                  0x08000143   Thumb Code     0  libinit2.o(.ARM.Collect$$libinit$$00000019)
    __rt_lib_init_rand_1                     0x08000143   Thumb Code     0  libinit2.o(.ARM.Collect$$libinit$$0000000E)
    __rt_lib_init_return                     0x08000143   Thumb Code     0  libinit2.o(.ARM.Collect$$libinit$$00000033)
    __rt_lib_init_signal_1                   0x08000143   Thumb Code     0  libinit2.o(.ARM.Collect$$libinit$$0000001D)
    __rt_lib_init_stdio_1                    0x08000143   Thumb Code     0  libinit2.o(.ARM.Collect$$libinit$$00000025)
    __rt_lib_init_user_alloc_1               0x08000143   Thumb Code     0  libinit2.o(.ARM.Collect$$libinit$$0000000C)
    __rt_lib_shutdown                        0x08000145   Thumb Code     0  libshutdown.o(.ARM.Collect$$libshutdown$$00000000)
    __rt_lib_shutdown_cpp_1                  0x08000147   Thumb Code     0  libshutdown2.o(.ARM.Collect$$libshutdown$$00000004)
    __rt_lib_shutdown_fini_1                 0x08000147   Thumb Code     0  libshutdown2.o(.ARM.Collect$$libshutdown$$00000002)
    __rt_lib_shutdown_fp_trap_1              0x08000147   Thumb Code     0  libshutdown2.o(.ARM.Collect$$libshutdown$$00000009)
    __rt_lib_shutdown_heap_1                 0x08000147   Thumb Code     0  libshutdown2.o(.ARM.Collect$$libshutdown$$00000011)
    __rt_lib_shutdown_return                 0x08000147   Thumb Code     0  libshutdown2.o(.ARM.Collect$$libshutdown$$00000012)
    __rt_lib_shutdown_signal_1               0x08000147   Thumb Code     0  libshutdown2.o(.ARM.Collect$$libshutdown$$0000000C)
    __rt_lib_shutdown_stdio_1                0x08000147   Thumb Code     0  libshutdown2.o(.ARM.Collect$$libshutdown$$00000006)
    __rt_lib_shutdown_user_alloc_1           0x08000147   Thumb Code     0  libshutdown2.o(.ARM.Collect$$libshutdown$$0000000E)
    __rt_entry                               0x08000149   Thumb Code     0  __rtentry.o(.ARM.Collect$$rtentry$$00000000)
    __rt_entry_presh_1                       0x08000149   Thumb Code     0  __rtentry2.o(.ARM.Collect$$rtentry$$00000002)
    __rt_entry_sh                            0x08000149   Thumb Code     0  __rtentry4.o(.ARM.Collect$$rtentry$$00000004)
    __rt_entry_li                            0x0800014f   Thumb Code     0  __rtentry2.o(.ARM.Collect$$rtentry$$0000000A)
    __rt_entry_postsh_1                      0x0800014f   Thumb Code     0  __rtentry2.o(.ARM.Collect$$rtentry$$00000009)
    __rt_entry_main                          0x08000153   Thumb Code     0  __rtentry2.o(.ARM.Collect$$rtentry$$0000000D)
    __rt_entry_postli_1                      0x08000153   Thumb Code     0  __rtentry2.o(.ARM.Collect$$rtentry$$0000000C)
    __rt_exit                                0x0800015b   Thumb Code     0  rtexit.o(.ARM.Collect$$rtexit$$00000000)
    __rt_exit_ls                             0x0800015d   Thumb Code     0  rtexit2.o(.ARM.Collect$$rtexit$$00000003)
    __rt_exit_prels_1                        0x0800015d   Thumb Code     0  rtexit2.o(.ARM.Collect$$rtexit$$00000002)
    __rt_exit_exit                           0x08000161   Thumb Code     0  rtexit2.o(.ARM.Collect$$rtexit$$00000004)
    __aeabi_memcpy4                          0x08000169   Thumb Code    56  rt_memcpy.o(.emb_text)
    __aeabi_memcpy8                          0x08000169   Thumb Code     0  rt_memcpy.o(.emb_text)
    Reset_Handler                            0x080001a1   Thumb Code     8  startup_stm32g0b1xx.o(.text)
    _maybe_terminate_alloc                   0x080001a1   Thumb Code     0  maybetermalloc1.o(.emb_text)
    ADC1_COMP_IRQHandler                     0x080001b3   Thumb Code     0  startup_stm32g0b1xx.o(.text)
    CEC_IRQHandler                           0x080001b3   Thumb Code     0  startup_stm32g0b1xx.o(.text)
    DMA1_Ch4_7_DMA2_Ch1_5_DMAMUX1_OVR_IRQHandler 0x080001b3   Thumb Code     0  startup_stm32g0b1xx.o(.text)
    DMA1_Channel1_IRQHandler                 0x080001b3   Thumb Code     0  startup_stm32g0b1xx.o(.text)
    DMA1_Channel2_3_IRQHandler               0x080001b3   Thumb Code     0  startup_stm32g0b1xx.o(.text)
    EXTI0_1_IRQHandler                       0x080001b3   Thumb Code     0  startup_stm32g0b1xx.o(.text)
    EXTI2_3_IRQHandler                       0x080001b3   Thumb Code     0  startup_stm32g0b1xx.o(.text)
    EXTI4_15_IRQHandler                      0x080001b3   Thumb Code     0  startup_stm32g0b1xx.o(.text)
    FLASH_IRQHandler                         0x080001b3   Thumb Code     0  startup_stm32g0b1xx.o(.text)
    I2C1_IRQHandler                          0x080001b3   Thumb Code     0  startup_stm32g0b1xx.o(.text)
    I2C2_3_IRQHandler                        0x080001b3   Thumb Code     0  startup_stm32g0b1xx.o(.text)
    PVD_VDDIO2_IRQHandler                    0x080001b3   Thumb Code     0  startup_stm32g0b1xx.o(.text)
    RCC_CRS_IRQHandler                       0x080001b3   Thumb Code     0  startup_stm32g0b1xx.o(.text)
    RTC_TAMP_IRQHandler                      0x080001b3   Thumb Code     0  startup_stm32g0b1xx.o(.text)
    SPI1_IRQHandler                          0x080001b3   Thumb Code     0  startup_stm32g0b1xx.o(.text)
    SPI2_3_IRQHandler                        0x080001b3   Thumb Code     0  startup_stm32g0b1xx.o(.text)
    TIM14_IRQHandler                         0x080001b3   Thumb Code     0  startup_stm32g0b1xx.o(.text)
    TIM15_IRQHandler                         0x080001b3   Thumb Code     0  startup_stm32g0b1xx.o(.text)
    TIM1_BRK_UP_TRG_COM_IRQHandler           0x080001b3   Thumb Code     0  startup_stm32g0b1xx.o(.text)
    TIM1_CC_IRQHandler                       0x080001b3   Thumb Code     0  startup_stm32g0b1xx.o(.text)
    TIM2_IRQHandler                          0x080001b3   Thumb Code     0  startup_stm32g0b1xx.o(.text)
    TIM3_TIM4_IRQHandler                     0x080001b3   Thumb Code     0  startup_stm32g0b1xx.o(.text)
    TIM6_DAC_LPTIM1_IRQHandler               0x080001b3   Thumb Code     0  startup_stm32g0b1xx.o(.text)
    TIM7_LPTIM2_IRQHandler                   0x080001b3   Thumb Code     0  startup_stm32g0b1xx.o(.text)
    USART1_IRQHandler                        0x080001b3   Thumb Code     0  startup_stm32g0b1xx.o(.text)
    USART2_LPUART2_IRQHandler                0x080001b3   Thumb Code     0  startup_stm32g0b1xx.o(.text)
    USART3_4_5_6_LPUART1_IRQHandler          0x080001b3   Thumb Code     0  startup_stm32g0b1xx.o(.text)
    USB_UCPD1_2_IRQHandler                   0x080001b3   Thumb Code     0  startup_stm32g0b1xx.o(.text)
    WWDG_IRQHandler                          0x080001b3   Thumb Code     0  startup_stm32g0b1xx.o(.text)
    __user_initial_stackheap                 0x080001b5   Thumb Code     0  startup_stm32g0b1xx.o(.text)
    malloc                                   0x080001d9   Thumb Code    98  h1_alloc.o(.text)
    __aeabi_llsl                             0x0800023b   Thumb Code    32  llshl.o(.text)
    _ll_shift_l                              0x0800023b   Thumb Code     0  llshl.o(.text)
    __aeabi_memcpy                           0x0800025b   Thumb Code   130  rt_memcpy.o(.text)
    __rt_memcpy                              0x0800025b   Thumb Code     0  rt_memcpy.o(.text)
    _memset_w                                0x080002dd   Thumb Code    26  rt_memclr.o(.text)
    _memset                                  0x080002f7   Thumb Code    30  rt_memclr.o(.text)
    __aeabi_memclr                           0x08000315   Thumb Code     4  rt_memclr.o(.text)
    __rt_memclr                              0x08000315   Thumb Code     0  rt_memclr.o(.text)
    __aeabi_memclr4                          0x08000319   Thumb Code     0  rt_memclr.o(.text)
    __aeabi_memclr8                          0x08000319   Thumb Code     0  rt_memclr.o(.text)
    __rt_memclr_w                            0x08000319   Thumb Code     4  rt_memclr.o(.text)
    strcmp                                   0x0800031d   Thumb Code   132  strcmp.o(.text)
    __aeabi_uidiv                            0x080003a5   Thumb Code     0  aeabi_sdiv.o(.text)
    __aeabi_uidivmod                         0x080003a5   Thumb Code    20  aeabi_sdiv.o(.text)
    __aeabi_idiv                             0x080003b9   Thumb Code     0  aeabi_sdiv.o(.text)
    __aeabi_idivmod                          0x080003b9   Thumb Code   326  aeabi_sdiv.o(.text)
    __use_two_region_memory                  0x080004ff   Thumb Code     2  heapauxi.o(.text)
    __rt_heap_escrow                         0x08000501   Thumb Code     2  heapauxi.o(.text)
    __rt_heap_expand                         0x08000503   Thumb Code     2  heapauxi.o(.text)
    __rt_heap_descriptor                     0x08000505   Thumb Code     8  rt_heap_descriptor_intlibspace.o(.text)
    __use_no_heap                            0x0800050d   Thumb Code     2  hguard.o(.text)
    __heap$guard                             0x0800050f   Thumb Code     2  hguard.o(.text)
    _terminate_user_alloc                    0x08000511   Thumb Code     2  init_alloc.o(.text)
    _init_user_alloc                         0x08000513   Thumb Code     2  init_alloc.o(.text)
    __Heap_Full                              0x08000515   Thumb Code    32  init_alloc.o(.text)
    __Heap_Broken                            0x08000535   Thumb Code    10  init_alloc.o(.text)
    _init_alloc                              0x0800053f   Thumb Code    90  init_alloc.o(.text)
    __Heap_Initialize                        0x08000599   Thumb Code    10  h1_init.o(.text)
    __Heap_DescSize                          0x080005a3   Thumb Code     4  h1_init.o(.text)
    free                                     0x080005a7   Thumb Code    76  h1_free.o(.text)
    __user_libspace                          0x080005f5   Thumb Code     8  libspace.o(.text)
    __user_perproc_libspace                  0x080005f5   Thumb Code     0  libspace.o(.text)
    __user_perthread_libspace                0x080005f5   Thumb Code     0  libspace.o(.text)
    __Heap_ProvideMemory                     0x080005fd   Thumb Code    52  h1_extend.o(.text)
    __rt_SIGRTMEM                            0x08000631   Thumb Code    12  defsig_rtmem_outer.o(.text)
    __I$use$semihosting                      0x0800063d   Thumb Code     0  use_no_semi.o(.text)
    __use_no_semihosting_swi                 0x0800063d   Thumb Code     2  use_no_semi.o(.text)
    __semihosting_library_function           0x0800063f   Thumb Code     0  indicate_semi.o(.text)
    __user_setup_stackheap                   0x0800063f   Thumb Code    62  sys_stackheap_outer.o(.text)
    exit                                     0x0800067d   Thumb Code    16  exit.o(.text)
    __sig_exit                               0x0800068d   Thumb Code    12  defsig_exit.o(.text)
    __rt_SIGRTMEM_inner                      0x08000699   Thumb Code    22  defsig_rtmem_inner.o(.text)
    _sys_exit                                0x080006e9   Thumb Code     8  sys_exit.o(.text)
    __default_signal_display                 0x080006f5   Thumb Code    52  defsig_general.o(.text)
    _ttywrch                                 0x08000729   Thumb Code    12  sys_wrch.o(.text)
    AppUpdate_Process                        0x08000735   Thumb Code   150  flash_update_handle.o(i.AppUpdate_Process)
    BootFlagState_Read                       0x080007dd   Thumb Code    42  flash_update_handle.o(i.BootFlagState_Read)
    BootFlagState_Write                      0x0800080d   Thumb Code    24  flash_update_handle.o(i.BootFlagState_Write)
    BootFlag_Diag                            0x08000829   Thumb Code    20  flash_update_handle.o(i.BootFlag_Diag)
    CAN_DataDecode                           0x08000841   Thumb Code   110  comm_update_handle.o(i.CAN_DataDecode)
    ChipFlashDownload_Process                0x080008b9   Thumb Code   280  flash_update_handle.o(i.ChipFlashDownload_Process)
    Error_Handler                            0x080009e5   Thumb Code     4  main.o(i.Error_Handler)
    FLASH_PageErase                          0x08000add   Thumb Code    36  stm32g0xx_hal_flash_ex.o(i.FLASH_PageErase)
    FLASH_WaitForLastOperation               0x08000b5d   Thumb Code    82  stm32g0xx_hal_flash.o(i.FLASH_WaitForLastOperation)
    Flash_Read                               0x08000bc1   Thumb Code    34  stm32flash.o(i.Flash_Read)
    Flash_Write                              0x08000be5   Thumb Code   280  stm32flash.o(i.Flash_Write)
    HAL_FDCAN_ActivateNotification           0x08000d0d   Thumb Code   246  stm32g0xx_hal_fdcan.o(i.HAL_FDCAN_ActivateNotification)
    HAL_FDCAN_AddMessageToTxFifoQ            0x08000e03   Thumb Code    72  stm32g0xx_hal_fdcan.o(i.HAL_FDCAN_AddMessageToTxFifoQ)
    HAL_FDCAN_ErrorCallback                  0x08000e4b   Thumb Code     2  stm32g0xx_hal_fdcan.o(i.HAL_FDCAN_ErrorCallback)
    HAL_FDCAN_ErrorStatusCallback            0x08000e4d   Thumb Code     2  stm32g0xx_hal_fdcan.o(i.HAL_FDCAN_ErrorStatusCallback)
    HAL_FDCAN_GetRxFifoFillLevel             0x08000e4f   Thumb Code    20  stm32g0xx_hal_fdcan.o(i.HAL_FDCAN_GetRxFifoFillLevel)
    HAL_FDCAN_GetRxMessage                   0x08000e65   Thumb Code   218  stm32g0xx_hal_fdcan.o(i.HAL_FDCAN_GetRxMessage)
    HAL_FDCAN_HighPriorityMessageCallback    0x08000f45   Thumb Code     2  stm32g0xx_hal_fdcan.o(i.HAL_FDCAN_HighPriorityMessageCallback)
    HAL_FDCAN_IRQHandler                     0x08000f47   Thumb Code   364  stm32g0xx_hal_fdcan.o(i.HAL_FDCAN_IRQHandler)
    HAL_FDCAN_Init                           0x080010b5   Thumb Code   412  stm32g0xx_hal_fdcan.o(i.HAL_FDCAN_Init)
    HAL_FDCAN_MspInit                        0x08001259   Thumb Code   148  stm32g0xx_hal_msp.o(i.HAL_FDCAN_MspInit)
    HAL_FDCAN_RxFifo0Callback                0x080012f5   Thumb Code   102  can.o(i.HAL_FDCAN_RxFifo0Callback)
    HAL_FDCAN_RxFifo1Callback                0x08001365   Thumb Code     2  stm32g0xx_hal_fdcan.o(i.HAL_FDCAN_RxFifo1Callback)
    HAL_FDCAN_Start                          0x08001367   Thumb Code    44  stm32g0xx_hal_fdcan.o(i.HAL_FDCAN_Start)
    HAL_FDCAN_TimeoutOccurredCallback        0x08001393   Thumb Code     2  stm32g0xx_hal_fdcan.o(i.HAL_FDCAN_TimeoutOccurredCallback)
    HAL_FDCAN_TimestampWraparoundCallback    0x08001395   Thumb Code     2  stm32g0xx_hal_fdcan.o(i.HAL_FDCAN_TimestampWraparoundCallback)
    HAL_FDCAN_TxBufferAbortCallback          0x08001397   Thumb Code     2  stm32g0xx_hal_fdcan.o(i.HAL_FDCAN_TxBufferAbortCallback)
    HAL_FDCAN_TxBufferCompleteCallback       0x08001399   Thumb Code     2  stm32g0xx_hal_fdcan.o(i.HAL_FDCAN_TxBufferCompleteCallback)
    HAL_FDCAN_TxEventFifoCallback            0x0800139b   Thumb Code     2  stm32g0xx_hal_fdcan.o(i.HAL_FDCAN_TxEventFifoCallback)
    HAL_FDCAN_TxFifoEmptyCallback            0x0800139d   Thumb Code     2  stm32g0xx_hal_fdcan.o(i.HAL_FDCAN_TxFifoEmptyCallback)
    HAL_FLASHEx_Erase                        0x080013a1   Thumb Code   124  stm32g0xx_hal_flash_ex.o(i.HAL_FLASHEx_Erase)
    HAL_FLASH_Lock                           0x08001425   Thumb Code    22  stm32g0xx_hal_flash.o(i.HAL_FLASH_Lock)
    HAL_FLASH_Program                        0x08001441   Thumb Code    88  stm32g0xx_hal_flash.o(i.HAL_FLASH_Program)
    HAL_FLASH_Unlock                         0x080014a1   Thumb Code    28  stm32g0xx_hal_flash.o(i.HAL_FLASH_Unlock)
    HAL_GPIO_Init                            0x080014c9   Thumb Code   336  stm32g0xx_hal_gpio.o(i.HAL_GPIO_Init)
    HAL_GetTick                              0x0800162d   Thumb Code     6  stm32g0xx_hal.o(i.HAL_GetTick)
    HAL_IncTick                              0x08001639   Thumb Code    12  stm32g0xx_hal.o(i.HAL_IncTick)
    HAL_Init                                 0x08001649   Thumb Code    36  stm32g0xx_hal.o(i.HAL_Init)
    HAL_InitTick                             0x08001671   Thumb Code    64  stm32g0xx_hal.o(i.HAL_InitTick)
    HAL_MspInit                              0x080016b9   Thumb Code    46  stm32g0xx_hal_msp.o(i.HAL_MspInit)
    HAL_NVIC_EnableIRQ                       0x080016ed   Thumb Code    18  stm32g0xx_hal_cortex.o(i.HAL_NVIC_EnableIRQ)
    HAL_NVIC_SetPriority                     0x08001705   Thumb Code     8  stm32g0xx_hal_cortex.o(i.HAL_NVIC_SetPriority)
    HAL_NVIC_SystemReset                     0x0800170d   Thumb Code    18  stm32g0xx_hal_cortex.o(i.HAL_NVIC_SystemReset)
    HAL_PWREx_ControlVoltageScaling          0x08001729   Thumb Code    62  stm32g0xx_hal_pwr_ex.o(i.HAL_PWREx_ControlVoltageScaling)
    HAL_RCCEx_PeriphCLKConfig                0x08001775   Thumb Code   618  stm32g0xx_hal_rcc_ex.o(i.HAL_RCCEx_PeriphCLKConfig)
    HAL_RCC_ClockConfig                      0x080019f5   Thumb Code   318  stm32g0xx_hal_rcc.o(i.HAL_RCC_ClockConfig)
    HAL_RCC_GetSysClockFreq                  0x08001b4d   Thumb Code   130  stm32g0xx_hal_rcc.o(i.HAL_RCC_GetSysClockFreq)
    HAL_RCC_OscConfig                        0x08001bd9   Thumb Code  1078  stm32g0xx_hal_rcc.o(i.HAL_RCC_OscConfig)
    HAL_SYSCFG_StrobeDBattpinsConfig         0x08002011   Thumb Code    16  stm32g0xx_hal.o(i.HAL_SYSCFG_StrobeDBattpinsConfig)
    HAL_SYSTICK_Config                       0x08002025   Thumb Code    38  stm32g0xx_hal_cortex.o(i.HAL_SYSTICK_Config)
    HAL_TIMEx_MasterConfigSynchronization    0x08002055   Thumb Code   108  stm32g0xx_hal_tim_ex.o(i.HAL_TIMEx_MasterConfigSynchronization)
    HAL_TIM_Base_Init                        0x080020d1   Thumb Code    76  stm32g0xx_hal_tim.o(i.HAL_TIM_Base_Init)
    HAL_TIM_Base_MspInit                     0x0800211d   Thumb Code    28  stm32g0xx_hal_msp.o(i.HAL_TIM_Base_MspInit)
    HAL_TIM_Base_Start_IT                    0x08002141   Thumb Code    86  stm32g0xx_hal_tim.o(i.HAL_TIM_Base_Start_IT)
    HAL_TIM_ConfigClockSource                0x080021ad   Thumb Code   220  stm32g0xx_hal_tim.o(i.HAL_TIM_ConfigClockSource)
    HardFault_Handler                        0x0800228d   Thumb Code     2  stm32g0xx_it.o(i.HardFault_Handler)
    JumpToAPP                                0x08002291   Thumb Code    24  flash_update_handle.o(i.JumpToAPP)
    NMI_Handler                              0x080023a9   Thumb Code     2  stm32g0xx_it.o(i.NMI_Handler)
    PendSV_Handler                           0x080023ab   Thumb Code     2  stm32g0xx_it.o(i.PendSV_Handler)
    SVC_Handler                              0x080023ad   Thumb Code     2  stm32g0xx_it.o(i.SVC_Handler)
    SysTick_Handler                          0x080023af   Thumb Code     8  stm32g0xx_it.o(i.SysTick_Handler)
    SystemClock_Config                       0x080023b7   Thumb Code    90  main.o(i.SystemClock_Config)
    SystemInit                               0x08002411   Thumb Code     2  system_stm32g0xx.o(i.SystemInit)
    TIM16_FDCAN_IT0_IRQHandler               0x08002415   Thumb Code    10  stm32g0xx_it.o(i.TIM16_FDCAN_IT0_IRQHandler)
    TIM17_FDCAN_IT1_IRQHandler               0x08002425   Thumb Code    10  stm32g0xx_it.o(i.TIM17_FDCAN_IT1_IRQHandler)
    TIM_Base_SetConfig                       0x08002435   Thumb Code   138  stm32g0xx_hal_tim.o(i.TIM_Base_SetConfig)
    TIM_ETR_SetConfig                        0x080024dd   Thumb Code    22  stm32g0xx_hal_tim.o(i.TIM_ETR_SetConfig)
    __ARM_common_switch8                     0x08002551   Thumb Code    26  stm32g0xx_hal_dma.o(i.__ARM_common_switch8)
    bms_UpdateChuck                          0x080025b1   Thumb Code   286  comm_update_handle.o(i.bms_UpdateChuck)
    bms_get_update_status                    0x080026dd   Thumb Code    28  comm_update_handle.o(i.bms_get_update_status)
    bms_update_apply                         0x080026fd   Thumb Code   176  comm_update_handle.o(i.bms_update_apply)
    bms_update_start                         0x080027b1   Thumb Code    46  comm_update_handle.o(i.bms_update_start)
    can_circulbuf_init                       0x080027e9   Thumb Code    24  can_circularbuf.o(i.can_circulbuf_init)
    can_is_empty                             0x08002809   Thumb Code    20  can_circularbuf.o(i.can_is_empty)
    can_is_full                              0x0800281d   Thumb Code    30  can_circularbuf.o(i.can_is_full)
    can_put_data                             0x0800283b   Thumb Code    70  can_circularbuf.o(i.can_put_data)
    can_rx_data                              0x08002881   Thumb Code    76  can_circularbuf.o(i.can_rx_data)
    can_take_data                            0x080028d1   Thumb Code    62  can_circularbuf.o(i.can_take_data)
    can_tx                                   0x08002911   Thumb Code    64  can.o(i.can_tx)
    crc32_compute                            0x08002959   Thumb Code    52  sys.o(i.crc32_compute)
    main                                     0x08002991   Thumb Code    56  main.o(i.main)
    AHBPrescTable                            0x080029e0   Data          64  system_stm32g0xx.o(.constdata)
    Region$$Table$$Base                      0x08002a20   Number         0  anon$$obj.o(Region$$Table)
    Region$$Table$$Limit                     0x08002a40   Number         0  anon$$obj.o(Region$$Table)
    uwTickFreq                               0x20000000   Data           1  stm32g0xx_hal.o(.data)
    uwTickPrio                               0x20000004   Data           4  stm32g0xx_hal.o(.data)
    uwTick                                   0x20000008   Data           4  stm32g0xx_hal.o(.data)
    SystemCoreClock                          0x2000000c   Data           4  system_stm32g0xx.o(.data)
    gt_STDID_can1_circul_buf                 0x20000010   Data           8  can_circularbuf.o(.data)
    binString1                               0x2000001c   Data           9  comm_update_handle.o(.data)
    binString2                               0x20000025   Data           9  comm_update_handle.o(.data)
    binString3                               0x2000002e   Data           9  comm_update_handle.o(.data)
    Jump_To_Application                      0x20000038   Data           4  flash_update_handle.o(.data)
    hfdcan1                                  0x2000003c   Data         100  main.o(.bss)
    htim3                                    0x200000a0   Data          76  main.o(.bss)
    pFlash                                   0x200000ec   Data          28  stm32g0xx_hal_flash.o(.bss)
    gt_comm_update_handle                    0x20000108   Data         292  comm_update_handle.o(.bss)
    FDCAN_TxHeader                           0x2000022c   Data          36  can.o(.bss)
    FDCAN_RxHeader                           0x20000250   Data          40  can.o(.bss)
    gt_can_param                             0x20000278   Data          20  can.o(.bss)
    EraseInitStruct                          0x2000028c   Data          16  stm32flash.o(.bss)
    __libspace_start                         0x2000029c   Data          96  libspace.o(.bss)
    __temporary_stack_top$libspace           0x200002fc   Data           0  libspace.o(.bss)



==============================================================================

Memory Map of the image

  Image Entry point : 0x080000bd

  Load Region LR_IROM1 (Base: 0x08000000, Size: 0x00002a7c, Max: 0x00040000, ABSOLUTE)

    Execution Region ER_IROM1 (Exec base: 0x08000000, Load base: 0x08000000, Size: 0x00002a40, Max: 0x00040000, ABSOLUTE)

    Exec Addr    Load Addr    Size         Type   Attr      Idx    E Section Name        Object

    0x08000000   0x08000000   0x000000bc   Data   RO            3    RESET               startup_stm32g0b1xx.o
    0x080000bc   0x080000bc   0x00000008   Code   RO         3797  * !!!main             c_p.l(__main.o)
    0x080000c4   0x080000c4   0x0000003c   Code   RO         4018    !!!scatter          c_p.l(__scatter.o)
    0x08000100   0x08000100   0x0000001a   Code   RO         4020    !!handler_copy      c_p.l(__scatter_copy.o)
    0x0800011a   0x0800011a   0x00000002   PAD
    0x0800011c   0x0800011c   0x0000001c   Code   RO         4022    !!handler_zi        c_p.l(__scatter_zi.o)
    0x08000138   0x08000138   0x00000002   Code   RO         3954    .ARM.Collect$$libinit$$00000000  c_p.l(libinit.o)
    0x0800013a   0x0800013a   0x00000000   Code   RO         3840    .ARM.Collect$$libinit$$00000002  c_p.l(libinit2.o)
    0x0800013a   0x0800013a   0x00000000   Code   RO         3842    .ARM.Collect$$libinit$$00000004  c_p.l(libinit2.o)
    0x0800013a   0x0800013a   0x00000008   Code   RO         3843    .ARM.Collect$$libinit$$00000005  c_p.l(libinit2.o)
    0x08000142   0x08000142   0x00000000   Code   RO         3845    .ARM.Collect$$libinit$$0000000A  c_p.l(libinit2.o)
    0x08000142   0x08000142   0x00000000   Code   RO         3847    .ARM.Collect$$libinit$$0000000C  c_p.l(libinit2.o)
    0x08000142   0x08000142   0x00000000   Code   RO         3849    .ARM.Collect$$libinit$$0000000E  c_p.l(libinit2.o)
    0x08000142   0x08000142   0x00000000   Code   RO         3852    .ARM.Collect$$libinit$$00000011  c_p.l(libinit2.o)
    0x08000142   0x08000142   0x00000000   Code   RO         3854    .ARM.Collect$$libinit$$00000013  c_p.l(libinit2.o)
    0x08000142   0x08000142   0x00000000   Code   RO         3856    .ARM.Collect$$libinit$$00000015  c_p.l(libinit2.o)
    0x08000142   0x08000142   0x00000000   Code   RO         3858    .ARM.Collect$$libinit$$00000017  c_p.l(libinit2.o)
    0x08000142   0x08000142   0x00000000   Code   RO         3860    .ARM.Collect$$libinit$$00000019  c_p.l(libinit2.o)
    0x08000142   0x08000142   0x00000000   Code   RO         3862    .ARM.Collect$$libinit$$0000001B  c_p.l(libinit2.o)
    0x08000142   0x08000142   0x00000000   Code   RO         3864    .ARM.Collect$$libinit$$0000001D  c_p.l(libinit2.o)
    0x08000142   0x08000142   0x00000000   Code   RO         3866    .ARM.Collect$$libinit$$0000001F  c_p.l(libinit2.o)
    0x08000142   0x08000142   0x00000000   Code   RO         3868    .ARM.Collect$$libinit$$00000021  c_p.l(libinit2.o)
    0x08000142   0x08000142   0x00000000   Code   RO         3870    .ARM.Collect$$libinit$$00000023  c_p.l(libinit2.o)
    0x08000142   0x08000142   0x00000000   Code   RO         3872    .ARM.Collect$$libinit$$00000025  c_p.l(libinit2.o)
    0x08000142   0x08000142   0x00000000   Code   RO         3876    .ARM.Collect$$libinit$$0000002C  c_p.l(libinit2.o)
    0x08000142   0x08000142   0x00000000   Code   RO         3878    .ARM.Collect$$libinit$$0000002E  c_p.l(libinit2.o)
    0x08000142   0x08000142   0x00000000   Code   RO         3880    .ARM.Collect$$libinit$$00000030  c_p.l(libinit2.o)
    0x08000142   0x08000142   0x00000000   Code   RO         3882    .ARM.Collect$$libinit$$00000032  c_p.l(libinit2.o)
    0x08000142   0x08000142   0x00000002   Code   RO         3883    .ARM.Collect$$libinit$$00000033  c_p.l(libinit2.o)
    0x08000144   0x08000144   0x00000002   Code   RO         4015    .ARM.Collect$$libshutdown$$00000000  c_p.l(libshutdown.o)
    0x08000146   0x08000146   0x00000000   Code   RO         3971    .ARM.Collect$$libshutdown$$00000002  c_p.l(libshutdown2.o)
    0x08000146   0x08000146   0x00000000   Code   RO         3973    .ARM.Collect$$libshutdown$$00000004  c_p.l(libshutdown2.o)
    0x08000146   0x08000146   0x00000000   Code   RO         3975    .ARM.Collect$$libshutdown$$00000006  c_p.l(libshutdown2.o)
    0x08000146   0x08000146   0x00000000   Code   RO         3978    .ARM.Collect$$libshutdown$$00000009  c_p.l(libshutdown2.o)
    0x08000146   0x08000146   0x00000000   Code   RO         3981    .ARM.Collect$$libshutdown$$0000000C  c_p.l(libshutdown2.o)
    0x08000146   0x08000146   0x00000000   Code   RO         3983    .ARM.Collect$$libshutdown$$0000000E  c_p.l(libshutdown2.o)
    0x08000146   0x08000146   0x00000000   Code   RO         3986    .ARM.Collect$$libshutdown$$00000011  c_p.l(libshutdown2.o)
    0x08000146   0x08000146   0x00000002   Code   RO         3987    .ARM.Collect$$libshutdown$$00000012  c_p.l(libshutdown2.o)
    0x08000148   0x08000148   0x00000000   Code   RO         3801    .ARM.Collect$$rtentry$$00000000  c_p.l(__rtentry.o)
    0x08000148   0x08000148   0x00000000   Code   RO         3890    .ARM.Collect$$rtentry$$00000002  c_p.l(__rtentry2.o)
    0x08000148   0x08000148   0x00000006   Code   RO         3902    .ARM.Collect$$rtentry$$00000004  c_p.l(__rtentry4.o)
    0x0800014e   0x0800014e   0x00000000   Code   RO         3892    .ARM.Collect$$rtentry$$00000009  c_p.l(__rtentry2.o)
    0x0800014e   0x0800014e   0x00000004   Code   RO         3893    .ARM.Collect$$rtentry$$0000000A  c_p.l(__rtentry2.o)
    0x08000152   0x08000152   0x00000000   Code   RO         3895    .ARM.Collect$$rtentry$$0000000C  c_p.l(__rtentry2.o)
    0x08000152   0x08000152   0x00000008   Code   RO         3896    .ARM.Collect$$rtentry$$0000000D  c_p.l(__rtentry2.o)
    0x0800015a   0x0800015a   0x00000002   Code   RO         3958    .ARM.Collect$$rtexit$$00000000  c_p.l(rtexit.o)
    0x0800015c   0x0800015c   0x00000000   Code   RO         3991    .ARM.Collect$$rtexit$$00000002  c_p.l(rtexit2.o)
    0x0800015c   0x0800015c   0x00000004   Code   RO         3992    .ARM.Collect$$rtexit$$00000003  c_p.l(rtexit2.o)
    0x08000160   0x08000160   0x00000006   Code   RO         3993    .ARM.Collect$$rtexit$$00000004  c_p.l(rtexit2.o)
    0x08000166   0x08000166   0x00000002   PAD
    0x08000168   0x08000168   0x00000038   Code   RO         3783    .emb_text           c_p.l(rt_memcpy.o)
    0x080001a0   0x080001a0   0x00000000   Code   RO         3908    .emb_text           c_p.l(maybetermalloc1.o)
    0x080001a0   0x080001a0   0x00000038   Code   RO            4    .text               startup_stm32g0b1xx.o
    0x080001d8   0x080001d8   0x00000062   Code   RO         3725    .text               c_p.l(h1_alloc.o)
    0x0800023a   0x0800023a   0x00000020   Code   RO         3779    .text               c_p.l(llshl.o)
    0x0800025a   0x0800025a   0x00000082   Code   RO         3784    .text               c_p.l(rt_memcpy.o)
    0x080002dc   0x080002dc   0x00000040   Code   RO         3787    .text               c_p.l(rt_memclr.o)
    0x0800031c   0x0800031c   0x00000088   Code   RO         3789    .text               c_p.l(strcmp.o)
    0x080003a4   0x080003a4   0x0000015a   Code   RO         3791    .text               c_p.l(aeabi_sdiv.o)
    0x080004fe   0x080004fe   0x00000006   Code   RO         3795    .text               c_p.l(heapauxi.o)
    0x08000504   0x08000504   0x00000008   Code   RO         3809    .text               c_p.l(rt_heap_descriptor_intlibspace.o)
    0x0800050c   0x0800050c   0x00000004   Code   RO         3811    .text               c_p.l(hguard.o)
    0x08000510   0x08000510   0x00000088   Code   RO         3813    .text               c_p.l(init_alloc.o)
    0x08000598   0x08000598   0x0000000e   Code   RO         3819    .text               c_p.l(h1_init.o)
    0x080005a6   0x080005a6   0x0000004c   Code   RO         3821    .text               c_p.l(h1_free.o)
    0x080005f2   0x080005f2   0x00000002   PAD
    0x080005f4   0x080005f4   0x00000008   Code   RO         3886    .text               c_p.l(libspace.o)
    0x080005fc   0x080005fc   0x00000034   Code   RO         3910    .text               c_p.l(h1_extend.o)
    0x08000630   0x08000630   0x0000000c   Code   RO         3914    .text               c_p.l(defsig_rtmem_outer.o)
    0x0800063c   0x0800063c   0x00000002   Code   RO         3925    .text               c_p.l(use_no_semi.o)
    0x0800063e   0x0800063e   0x00000000   Code   RO         3927    .text               c_p.l(indicate_semi.o)
    0x0800063e   0x0800063e   0x0000003e   Code   RO         3928    .text               c_p.l(sys_stackheap_outer.o)
    0x0800067c   0x0800067c   0x00000010   Code   RO         3935    .text               c_p.l(exit.o)
    0x0800068c   0x0800068c   0x0000000c   Code   RO         3937    .text               c_p.l(defsig_exit.o)
    0x08000698   0x08000698   0x00000050   Code   RO         3943    .text               c_p.l(defsig_rtmem_inner.o)
    0x080006e8   0x080006e8   0x0000000c   Code   RO         3955    .text               c_p.l(sys_exit.o)
    0x080006f4   0x080006f4   0x00000034   Code   RO         3966    .text               c_p.l(defsig_general.o)
    0x08000728   0x08000728   0x0000000c   Code   RO         3988    .text               c_p.l(sys_wrch.o)
    0x08000734   0x08000734   0x000000a8   Code   RO         3256    i.AppUpdate_Process  flash_update_handle.o
    0x080007dc   0x080007dc   0x00000030   Code   RO         3257    i.BootFlagState_Read  flash_update_handle.o
    0x0800080c   0x0800080c   0x0000001c   Code   RO         3258    i.BootFlagState_Write  flash_update_handle.o
    0x08000828   0x08000828   0x00000018   Code   RO         3259    i.BootFlag_Diag     flash_update_handle.o
    0x08000840   0x08000840   0x00000078   Code   RO         3196    i.CAN_DataDecode    comm_update_handle.o
    0x080008b8   0x080008b8   0x0000012c   Code   RO         3260    i.ChipFlashDownload_Process  flash_update_handle.o
    0x080009e4   0x080009e4   0x00000004   Code   RO           12    i.Error_Handler     main.o
    0x080009e8   0x080009e8   0x00000074   Code   RO          288    i.FDCAN_CalcultateRamBlockAddresses  stm32g0xx_hal_fdcan.o
    0x08000a5c   0x08000a5c   0x0000006c   Code   RO          289    i.FDCAN_CopyMessageToRAM  stm32g0xx_hal_fdcan.o
    0x08000ac8   0x08000ac8   0x00000014   Code   RO          994    i.FLASH_MassErase   stm32g0xx_hal_flash_ex.o
    0x08000adc   0x08000adc   0x00000030   Code   RO         1004    i.FLASH_PageErase   stm32g0xx_hal_flash_ex.o
    0x08000b0c   0x08000b0c   0x0000001c   Code   RO          888    i.FLASH_Program_DoubleWord  stm32g0xx_hal_flash.o
    0x08000b28   0x08000b28   0x00000034   Code   RO          889    i.FLASH_Program_Fast  stm32g0xx_hal_flash.o
    0x08000b5c   0x08000b5c   0x00000064   Code   RO          890    i.FLASH_WaitForLastOperation  stm32g0xx_hal_flash.o
    0x08000bc0   0x08000bc0   0x00000022   Code   RO         3357    i.Flash_Read        stm32flash.o
    0x08000be2   0x08000be2   0x00000002   PAD
    0x08000be4   0x08000be4   0x00000128   Code   RO         3358    i.Flash_Write       stm32flash.o
    0x08000d0c   0x08000d0c   0x000000f6   Code   RO          291    i.HAL_FDCAN_ActivateNotification  stm32g0xx_hal_fdcan.o
    0x08000e02   0x08000e02   0x00000048   Code   RO          292    i.HAL_FDCAN_AddMessageToTxFifoQ  stm32g0xx_hal_fdcan.o
    0x08000e4a   0x08000e4a   0x00000002   Code   RO          315    i.HAL_FDCAN_ErrorCallback  stm32g0xx_hal_fdcan.o
    0x08000e4c   0x08000e4c   0x00000002   Code   RO          316    i.HAL_FDCAN_ErrorStatusCallback  stm32g0xx_hal_fdcan.o
    0x08000e4e   0x08000e4e   0x00000014   Code   RO          324    i.HAL_FDCAN_GetRxFifoFillLevel  stm32g0xx_hal_fdcan.o
    0x08000e62   0x08000e62   0x00000002   PAD
    0x08000e64   0x08000e64   0x000000e0   Code   RO          325    i.HAL_FDCAN_GetRxMessage  stm32g0xx_hal_fdcan.o
    0x08000f44   0x08000f44   0x00000002   Code   RO          331    i.HAL_FDCAN_HighPriorityMessageCallback  stm32g0xx_hal_fdcan.o
    0x08000f46   0x08000f46   0x0000016c   Code   RO          332    i.HAL_FDCAN_IRQHandler  stm32g0xx_hal_fdcan.o
    0x080010b2   0x080010b2   0x00000002   PAD
    0x080010b4   0x080010b4   0x000001a4   Code   RO          333    i.HAL_FDCAN_Init    stm32g0xx_hal_fdcan.o
    0x08001258   0x08001258   0x0000009c   Code   RO          245    i.HAL_FDCAN_MspInit  stm32g0xx_hal_msp.o
    0x080012f4   0x080012f4   0x00000070   Code   RO         3318    i.HAL_FDCAN_RxFifo0Callback  can.o
    0x08001364   0x08001364   0x00000002   Code   RO          341    i.HAL_FDCAN_RxFifo1Callback  stm32g0xx_hal_fdcan.o
    0x08001366   0x08001366   0x0000002c   Code   RO          342    i.HAL_FDCAN_Start   stm32g0xx_hal_fdcan.o
    0x08001392   0x08001392   0x00000002   Code   RO          344    i.HAL_FDCAN_TimeoutOccurredCallback  stm32g0xx_hal_fdcan.o
    0x08001394   0x08001394   0x00000002   Code   RO          345    i.HAL_FDCAN_TimestampWraparoundCallback  stm32g0xx_hal_fdcan.o
    0x08001396   0x08001396   0x00000002   Code   RO          346    i.HAL_FDCAN_TxBufferAbortCallback  stm32g0xx_hal_fdcan.o
    0x08001398   0x08001398   0x00000002   Code   RO          347    i.HAL_FDCAN_TxBufferCompleteCallback  stm32g0xx_hal_fdcan.o
    0x0800139a   0x0800139a   0x00000002   Code   RO          348    i.HAL_FDCAN_TxEventFifoCallback  stm32g0xx_hal_fdcan.o
    0x0800139c   0x0800139c   0x00000002   Code   RO          349    i.HAL_FDCAN_TxFifoEmptyCallback  stm32g0xx_hal_fdcan.o
    0x0800139e   0x0800139e   0x00000002   PAD
    0x080013a0   0x080013a0   0x00000084   Code   RO         1008    i.HAL_FLASHEx_Erase  stm32g0xx_hal_flash_ex.o
    0x08001424   0x08001424   0x0000001c   Code   RO          894    i.HAL_FLASH_Lock    stm32g0xx_hal_flash.o
    0x08001440   0x08001440   0x00000060   Code   RO          899    i.HAL_FLASH_Program  stm32g0xx_hal_flash.o
    0x080014a0   0x080014a0   0x00000028   Code   RO          901    i.HAL_FLASH_Unlock  stm32g0xx_hal_flash.o
    0x080014c8   0x080014c8   0x00000164   Code   RO         1127    i.HAL_GPIO_Init     stm32g0xx_hal_gpio.o
    0x0800162c   0x0800162c   0x0000000c   Code   RO         1766    i.HAL_GetTick       stm32g0xx_hal.o
    0x08001638   0x08001638   0x00000010   Code   RO         1772    i.HAL_IncTick       stm32g0xx_hal.o
    0x08001648   0x08001648   0x00000028   Code   RO         1773    i.HAL_Init          stm32g0xx_hal.o
    0x08001670   0x08001670   0x00000048   Code   RO         1774    i.HAL_InitTick      stm32g0xx_hal.o
    0x080016b8   0x080016b8   0x00000034   Code   RO          246    i.HAL_MspInit       stm32g0xx_hal_msp.o
    0x080016ec   0x080016ec   0x00000018   Code   RO         1650    i.HAL_NVIC_EnableIRQ  stm32g0xx_hal_cortex.o
    0x08001704   0x08001704   0x00000008   Code   RO         1654    i.HAL_NVIC_SetPriority  stm32g0xx_hal_cortex.o
    0x0800170c   0x0800170c   0x0000001c   Code   RO         1655    i.HAL_NVIC_SystemReset  stm32g0xx_hal_cortex.o
    0x08001728   0x08001728   0x0000004c   Code   RO         1429    i.HAL_PWREx_ControlVoltageScaling  stm32g0xx_hal_pwr_ex.o
    0x08001774   0x08001774   0x00000280   Code   RO          800    i.HAL_RCCEx_PeriphCLKConfig  stm32g0xx_hal_rcc_ex.o
    0x080019f4   0x080019f4   0x00000158   Code   RO          675    i.HAL_RCC_ClockConfig  stm32g0xx_hal_rcc.o
    0x08001b4c   0x08001b4c   0x0000008c   Code   RO          685    i.HAL_RCC_GetSysClockFreq  stm32g0xx_hal_rcc.o
    0x08001bd8   0x08001bd8   0x00000436   Code   RO          689    i.HAL_RCC_OscConfig  stm32g0xx_hal_rcc.o
    0x0800200e   0x0800200e   0x00000002   PAD
    0x08002010   0x08002010   0x00000014   Code   RO         1786    i.HAL_SYSCFG_StrobeDBattpinsConfig  stm32g0xx_hal.o
    0x08002024   0x08002024   0x00000030   Code   RO         1658    i.HAL_SYSTICK_Config  stm32g0xx_hal_cortex.o
    0x08002054   0x08002054   0x0000007c   Code   RO         2790    i.HAL_TIMEx_MasterConfigSynchronization  stm32g0xx_hal_tim_ex.o
    0x080020d0   0x080020d0   0x0000004c   Code   RO         2057    i.HAL_TIM_Base_Init  stm32g0xx_hal_tim.o
    0x0800211c   0x0800211c   0x00000024   Code   RO          248    i.HAL_TIM_Base_MspInit  stm32g0xx_hal_msp.o
    0x08002140   0x08002140   0x0000006c   Code   RO         2062    i.HAL_TIM_Base_Start_IT  stm32g0xx_hal_tim.o
    0x080021ac   0x080021ac   0x000000e0   Code   RO         2066    i.HAL_TIM_ConfigClockSource  stm32g0xx_hal_tim.o
    0x0800228c   0x0800228c   0x00000002   Code   RO          187    i.HardFault_Handler  stm32g0xx_it.o
    0x0800228e   0x0800228e   0x00000002   PAD
    0x08002290   0x08002290   0x00000024   Code   RO         3261    i.JumpToAPP         flash_update_handle.o
    0x080022b4   0x080022b4   0x0000007c   Code   RO           13    i.MX_FDCAN1_Init    main.o
    0x08002330   0x08002330   0x00000078   Code   RO           14    i.MX_TIM3_Init      main.o
    0x080023a8   0x080023a8   0x00000002   Code   RO          188    i.NMI_Handler       stm32g0xx_it.o
    0x080023aa   0x080023aa   0x00000002   Code   RO          189    i.PendSV_Handler    stm32g0xx_it.o
    0x080023ac   0x080023ac   0x00000002   Code   RO          190    i.SVC_Handler       stm32g0xx_it.o
    0x080023ae   0x080023ae   0x00000008   Code   RO          191    i.SysTick_Handler   stm32g0xx_it.o
    0x080023b6   0x080023b6   0x0000005a   Code   RO           15    i.SystemClock_Config  main.o
    0x08002410   0x08002410   0x00000002   Code   RO         3067    i.SystemInit        system_stm32g0xx.o
    0x08002412   0x08002412   0x00000002   PAD
    0x08002414   0x08002414   0x00000010   Code   RO          192    i.TIM16_FDCAN_IT0_IRQHandler  stm32g0xx_it.o
    0x08002424   0x08002424   0x00000010   Code   RO          193    i.TIM17_FDCAN_IT1_IRQHandler  stm32g0xx_it.o
    0x08002434   0x08002434   0x000000a8   Code   RO         2150    i.TIM_Base_SetConfig  stm32g0xx_hal_tim.o
    0x080024dc   0x080024dc   0x00000016   Code   RO         2161    i.TIM_ETR_SetConfig  stm32g0xx_hal_tim.o
    0x080024f2   0x080024f2   0x00000002   PAD
    0x080024f4   0x080024f4   0x00000014   Code   RO         2162    i.TIM_ITRx_SetConfig  stm32g0xx_hal_tim.o
    0x08002508   0x08002508   0x00000022   Code   RO         2170    i.TIM_TI1_ConfigInputStage  stm32g0xx_hal_tim.o
    0x0800252a   0x0800252a   0x00000026   Code   RO         2172    i.TIM_TI2_ConfigInputStage  stm32g0xx_hal_tim.o
    0x08002550   0x08002550   0x0000001a   Code   RO         1287    i.__ARM_common_switch8  stm32g0xx_hal_dma.o
    0x0800256a   0x0800256a   0x00000002   PAD
    0x0800256c   0x0800256c   0x00000044   Code   RO         1660    i.__NVIC_SetPriority  stm32g0xx_hal_cortex.o
    0x080025b0   0x080025b0   0x0000012c   Code   RO         3197    i.bms_UpdateChuck   comm_update_handle.o
    0x080026dc   0x080026dc   0x00000020   Code   RO         3198    i.bms_get_update_status  comm_update_handle.o
    0x080026fc   0x080026fc   0x000000b4   Code   RO         3200    i.bms_update_apply  comm_update_handle.o
    0x080027b0   0x080027b0   0x00000038   Code   RO         3201    i.bms_update_start  comm_update_handle.o
    0x080027e8   0x080027e8   0x00000020   Code   RO         3100    i.can_circulbuf_init  can_circularbuf.o
    0x08002808   0x08002808   0x00000014   Code   RO         3101    i.can_is_empty      can_circularbuf.o
    0x0800281c   0x0800281c   0x0000001e   Code   RO         3102    i.can_is_full       can_circularbuf.o
    0x0800283a   0x0800283a   0x00000046   Code   RO         3103    i.can_put_data      can_circularbuf.o
    0x08002880   0x08002880   0x00000050   Code   RO         3105    i.can_rx_data       can_circularbuf.o
    0x080028d0   0x080028d0   0x0000003e   Code   RO         3106    i.can_take_data     can_circularbuf.o
    0x0800290e   0x0800290e   0x00000002   PAD
    0x08002910   0x08002910   0x00000048   Code   RO         3319    i.can_tx            can.o
    0x08002958   0x08002958   0x00000038   Code   RO         3170    i.crc32_compute     sys.o
    0x08002990   0x08002990   0x00000040   Code   RO           16    i.main              main.o
    0x080029d0   0x080029d0   0x00000010   Data   RO          350    .constdata          stm32g0xx_hal_fdcan.o
    0x080029e0   0x080029e0   0x00000040   Data   RO         3068    .constdata          system_stm32g0xx.o
    0x08002a20   0x08002a20   0x00000020   Data   RO         4016    Region$$Table       anon$$obj.o


    Execution Region RW_IRAM1 (Exec base: 0x20000000, Load base: 0x08002a40, Size: 0x00001600, Max: 0x00024000, ABSOLUTE)

    Exec Addr    Load Addr    Size         Type   Attr      Idx    E Section Name        Object

    0x20000000   0x08002a40   0x0000000c   Data   RW         1792    .data               stm32g0xx_hal.o
    0x2000000c   0x08002a4c   0x00000004   Data   RW         3070    .data               system_stm32g0xx.o
    0x20000010   0x08002a50   0x00000008   Data   RW         3107    .data               can_circularbuf.o
    0x20000018   0x08002a58   0x0000001f   Data   RW         3203    .data               comm_update_handle.o
    0x20000037   0x08002a77   0x00000001   PAD
    0x20000038   0x08002a78   0x00000004   Data   RW         3262    .data               flash_update_handle.o
    0x2000003c        -       0x000000b0   Zero   RW           17    .bss                main.o
    0x200000ec        -       0x0000001c   Zero   RW          902    .bss                stm32g0xx_hal_flash.o
    0x20000108        -       0x00000124   Zero   RW         3202    .bss                comm_update_handle.o
    0x2000022c        -       0x00000060   Zero   RW         3320    .bss                can.o
    0x2000028c        -       0x00000010   Zero   RW         3359    .bss                stm32flash.o
    0x2000029c        -       0x00000060   Zero   RW         3887    .bss                c_p.l(libspace.o)
    0x200002fc   0x08002a7c   0x00000004   PAD
    0x20000300        -       0x00000f00   Zero   RW            2    HEAP                startup_stm32g0b1xx.o
    0x20001200        -       0x00000400   Zero   RW            1    STACK               startup_stm32g0b1xx.o


==============================================================================

Image component sizes


      Code (inc. data)   RO Data    RW Data    ZI Data      Debug   Object Name

       184         18          0          0         96       2260   can.o
       294         12          0          8          0       7420   can_circularbuf.o
       688         50          0         31        292       5462   comm_update_handle.o
       604         64          0          4          0       7641   flash_update_handle.o
       402         32          0          0        176     592060   main.o
        56         26        188          0       4864        640   startup_stm32g0b1xx.o
       330         16          0          0         16       2665   stm32flash.o
       160         26          0         12          0      21576   stm32g0xx_hal.o
       176         34          0          0          0      12692   stm32g0xx_hal_cortex.o
        26          0          0          0          0         72   stm32g0xx_hal_dma.o
      1634         32         16          0          0      16428   stm32g0xx_hal_fdcan.o
       344         54          0          0         28      21794   stm32g0xx_hal_flash.o
       200         24          0          0          0       4002   stm32g0xx_hal_flash_ex.o
       356         20          0          0          0       1340   stm32g0xx_hal_gpio.o
       244         22          0          0          0       2165   stm32g0xx_hal_msp.o
        76         14          0          0          0        742   stm32g0xx_hal_pwr_ex.o
      1562         72          0          0          0       4642   stm32g0xx_hal_rcc.o
       640         22          0          0          0       1884   stm32g0xx_hal_rcc_ex.o
       690         60          0          0          0       6655   stm32g0xx_hal_tim.o
       124         16          0          0          0       1436   stm32g0xx_hal_tim_ex.o
        48         12          0          0          0       3101   stm32g0xx_it.o
        56          4          0          0          0       1032   sys.o
         2          0         64          4          0       1123   system_stm32g0xx.o

    ----------------------------------------------------------------------
      8916        630        300         60       5472     718832   Object Totals
         0          0         32          0          0          0   (incl. Generated)
        20          0          0          1          0          0   (incl. Padding)

    ----------------------------------------------------------------------

      Code (inc. data)   RO Data    RW Data    ZI Data      Debug   Library Member Name

         8          0          0          0          0         68   __main.o
         0          0          0          0          0          0   __rtentry.o
        12          0          0          0          0          0   __rtentry2.o
         6          0          0          0          0          0   __rtentry4.o
        60          8          0          0          0          0   __scatter.o
        26          0          0          0          0          0   __scatter_copy.o
        28          0          0          0          0          0   __scatter_zi.o
       346          0          0          0          0         92   aeabi_sdiv.o
        12          0          0          0          0         68   defsig_exit.o
        52          0          0          0          0         72   defsig_general.o
        80         58          0          0          0         68   defsig_rtmem_inner.o
        12          0          0          0          0         68   defsig_rtmem_outer.o
        16          0          0          0          0         68   exit.o
        98          0          0          0          0         72   h1_alloc.o
        52          0          0          0          0         68   h1_extend.o
        76          0          0          0          0         72   h1_free.o
        14          0          0          0          0         76   h1_init.o
         6          0          0          0          0        136   heapauxi.o
         4          0          0          0          0        120   hguard.o
         0          0          0          0          0          0   indicate_semi.o
       136          0          0          0          0        160   init_alloc.o
         2          0          0          0          0          0   libinit.o
        10          0          0          0          0          0   libinit2.o
         2          0          0          0          0          0   libshutdown.o
         2          0          0          0          0          0   libshutdown2.o
         8          4          0          0         96         68   libspace.o
        32          0          0          0          0         68   llshl.o
         0          0          0          0          0          0   maybetermalloc1.o
         8          4          0          0          0         68   rt_heap_descriptor_intlibspace.o
        64          0          0          0          0        108   rt_memclr.o
       186          0          0          0          0        144   rt_memcpy.o
         2          0          0          0          0          0   rtexit.o
        10          0          0          0          0          0   rtexit2.o
       136          4          0          0          0         72   strcmp.o
        12          4          0          0          0         60   sys_exit.o
        62          0          0          0          0         80   sys_stackheap_outer.o
        12          0          0          0          0         68   sys_wrch.o
         2          0          0          0          0         68   use_no_semi.o

    ----------------------------------------------------------------------
      1600         82          0          0        100       2012   Library Totals
         6          0          0          0          4          0   (incl. Padding)

    ----------------------------------------------------------------------

      Code (inc. data)   RO Data    RW Data    ZI Data      Debug   Library Name

      1594         82          0          0         96       2012   c_p.l

    ----------------------------------------------------------------------
      1600         82          0          0        100       2012   Library Totals

    ----------------------------------------------------------------------

==============================================================================


      Code (inc. data)   RO Data    RW Data    ZI Data      Debug   

     10516        712        300         60       5572     715976   Grand Totals
     10516        712        300         60       5572     715976   ELF Image Totals
     10516        712        300         60          0          0   ROM Totals

==============================================================================

    Total RO  Size (Code + RO Data)                10816 (  10.56kB)
    Total RW  Size (RW Data + ZI Data)              5632 (   5.50kB)
    Total ROM Size (Code + RO Data + RW Data)      10876 (  10.62kB)

==============================================================================

