Component: ARM Compiler 5.06 update 7 (build 960) Tool: armlink [4d3601]

==============================================================================

Section Cross References

    startup_stm32g0b1xx.o(STACK) refers (Special) to heapauxi.o(.text) for __use_two_region_memory
    startup_stm32g0b1xx.o(HEAP) refers (Special) to heapauxi.o(.text) for __use_two_region_memory
    startup_stm32g0b1xx.o(RESET) refers (Special) to heapauxi.o(.text) for __use_two_region_memory
    startup_stm32g0b1xx.o(RESET) refers to startup_stm32g0b1xx.o(STACK) for __initial_sp
    startup_stm32g0b1xx.o(RESET) refers to startup_stm32g0b1xx.o(.text) for Reset_Handler
    startup_stm32g0b1xx.o(RESET) refers to stm32g0xx_it.o(i.NMI_Handler) for NMI_Handler
    startup_stm32g0b1xx.o(RESET) refers to stm32g0xx_it.o(i.HardFault_Handler) for HardFault_Handler
    startup_stm32g0b1xx.o(RESET) refers to stm32g0xx_it.o(i.SVC_Handler) for SVC_Handler
    startup_stm32g0b1xx.o(RESET) refers to stm32g0xx_it.o(i.PendSV_Handler) for PendSV_Handler
    startup_stm32g0b1xx.o(RESET) refers to stm32g0xx_it.o(i.SysTick_Handler) for SysTick_Handler
    startup_stm32g0b1xx.o(.text) refers (Special) to heapauxi.o(.text) for __use_two_region_memory
    startup_stm32g0b1xx.o(.text) refers to system_stm32g0xx.o(i.SystemInit) for SystemInit
    startup_stm32g0b1xx.o(.text) refers to __main.o(!!!main) for __main
    startup_stm32g0b1xx.o(.text) refers to startup_stm32g0b1xx.o(HEAP) for Heap_Mem
    startup_stm32g0b1xx.o(.text) refers to startup_stm32g0b1xx.o(STACK) for Stack_Mem
    main.o(i.MX_FDCAN1_Init) refers to stm32g0xx_hal_fdcan.o(i.HAL_FDCAN_Init) for HAL_FDCAN_Init
    main.o(i.MX_FDCAN1_Init) refers to stm32g0xx_hal_fdcan.o(i.HAL_FDCAN_ActivateNotification) for HAL_FDCAN_ActivateNotification
    main.o(i.MX_FDCAN1_Init) refers to stm32g0xx_hal_fdcan.o(i.HAL_FDCAN_Start) for HAL_FDCAN_Start
    main.o(i.MX_FDCAN1_Init) refers to can_circularbuf.o(i.can_circulbuf_init) for can_circulbuf_init
    main.o(i.MX_FDCAN1_Init) refers to main.o(.bss) for .bss
    main.o(i.MX_TIM3_Init) refers to stm32g0xx_hal_tim.o(i.HAL_TIM_Base_Init) for HAL_TIM_Base_Init
    main.o(i.MX_TIM3_Init) refers to stm32g0xx_hal_tim.o(i.HAL_TIM_ConfigClockSource) for HAL_TIM_ConfigClockSource
    main.o(i.MX_TIM3_Init) refers to stm32g0xx_hal_tim_ex.o(i.HAL_TIMEx_MasterConfigSynchronization) for HAL_TIMEx_MasterConfigSynchronization
    main.o(i.MX_TIM3_Init) refers to stm32g0xx_hal_tim.o(i.HAL_TIM_Base_Start_IT) for HAL_TIM_Base_Start_IT
    main.o(i.MX_TIM3_Init) refers to main.o(.bss) for .bss
    main.o(i.SystemClock_Config) refers to rt_memclr.o(.text) for __aeabi_memclr4
    main.o(i.SystemClock_Config) refers to stm32g0xx_hal_pwr_ex.o(i.HAL_PWREx_ControlVoltageScaling) for HAL_PWREx_ControlVoltageScaling
    main.o(i.SystemClock_Config) refers to stm32g0xx_hal_rcc.o(i.HAL_RCC_OscConfig) for HAL_RCC_OscConfig
    main.o(i.SystemClock_Config) refers to stm32g0xx_hal_rcc.o(i.HAL_RCC_ClockConfig) for HAL_RCC_ClockConfig
    main.o(i.main) refers to stm32g0xx_hal.o(i.HAL_Init) for HAL_Init
    main.o(i.main) refers to main.o(i.SystemClock_Config) for SystemClock_Config
    main.o(i.main) refers to main.o(i.MX_FDCAN1_Init) for MX_FDCAN1_Init
    main.o(i.main) refers to main.o(i.MX_TIM3_Init) for MX_TIM3_Init
    main.o(i.main) refers to comm_update_handle.o(i.CAN_DataDecode) for CAN_DataDecode
    main.o(i.main) refers to comm_update_handle.o(i.ChipFlashDownload_Process) for ChipFlashDownload_Process
    stm32g0xx_it.o(i.SysTick_Handler) refers to stm32g0xx_hal.o(i.HAL_IncTick) for HAL_IncTick
    stm32g0xx_hal_msp.o(i.HAL_FDCAN_MspDeInit) refers to stm32g0xx_hal_gpio.o(i.HAL_GPIO_DeInit) for HAL_GPIO_DeInit
    stm32g0xx_hal_msp.o(i.HAL_FDCAN_MspInit) refers to rt_memclr.o(.text) for __aeabi_memclr4
    stm32g0xx_hal_msp.o(i.HAL_FDCAN_MspInit) refers to stm32g0xx_hal_rcc_ex.o(i.HAL_RCCEx_PeriphCLKConfig) for HAL_RCCEx_PeriphCLKConfig
    stm32g0xx_hal_msp.o(i.HAL_FDCAN_MspInit) refers to main.o(i.Error_Handler) for Error_Handler
    stm32g0xx_hal_msp.o(i.HAL_FDCAN_MspInit) refers to stm32g0xx_hal_gpio.o(i.HAL_GPIO_Init) for HAL_GPIO_Init
    stm32g0xx_hal_msp.o(i.HAL_MspInit) refers to stm32g0xx_hal.o(i.HAL_SYSCFG_StrobeDBattpinsConfig) for HAL_SYSCFG_StrobeDBattpinsConfig
    stm32g0xx_hal_fdcan.o(i.FDCAN_CopyMessageToRAM) refers to stm32g0xx_hal_fdcan.o(.constdata) for .constdata
    stm32g0xx_hal_fdcan.o(i.HAL_FDCAN_AddMessageToTxFifoQ) refers to stm32g0xx_hal_fdcan.o(i.FDCAN_CopyMessageToRAM) for FDCAN_CopyMessageToRAM
    stm32g0xx_hal_fdcan.o(i.HAL_FDCAN_DeInit) refers to stm32g0xx_hal_fdcan.o(i.HAL_FDCAN_Stop) for HAL_FDCAN_Stop
    stm32g0xx_hal_fdcan.o(i.HAL_FDCAN_DeInit) refers to stm32g0xx_hal_msp.o(i.HAL_FDCAN_MspDeInit) for HAL_FDCAN_MspDeInit
    stm32g0xx_hal_fdcan.o(i.HAL_FDCAN_EnterPowerDownMode) refers to stm32g0xx_hal.o(i.HAL_GetTick) for HAL_GetTick
[...]
    Removing stm32g0xx_hal_tim.o(i.HAL_TIM_OnePulse_GetState), (6 bytes).
    Removing stm32g0xx_hal_tim.o(i.HAL_TIM_OnePulse_Init), (84 bytes).
    Removing stm32g0xx_hal_tim.o(i.HAL_TIM_OnePulse_MspDeInit), (2 bytes).
    Removing stm32g0xx_hal_tim.o(i.HAL_TIM_OnePulse_MspInit), (2 bytes).
    Removing stm32g0xx_hal_tim.o(i.HAL_TIM_OnePulse_Start), (124 bytes).
    Removing stm32g0xx_hal_tim.o(i.HAL_TIM_OnePulse_Start_IT), (144 bytes).
    Removing stm32g0xx_hal_tim.o(i.HAL_TIM_OnePulse_Stop), (140 bytes).
    Removing stm32g0xx_hal_tim.o(i.HAL_TIM_OnePulse_Stop_IT), (160 bytes).
    Removing stm32g0xx_hal_tim.o(i.HAL_TIM_PWM_ConfigChannel), (296 bytes).
    Removing stm32g0xx_hal_tim.o(i.HAL_TIM_PWM_DeInit), (84 bytes).
    Removing stm32g0xx_hal_tim.o(i.HAL_TIM_PWM_GetState), (6 bytes).
    Removing stm32g0xx_hal_tim.o(i.HAL_TIM_PWM_Init), (76 bytes).
    Removing stm32g0xx_hal_tim.o(i.HAL_TIM_PWM_MspDeInit), (2 bytes).
    Removing stm32g0xx_hal_tim.o(i.HAL_TIM_PWM_MspInit), (2 bytes).
    Removing stm32g0xx_hal_tim.o(i.HAL_TIM_PWM_PulseFinishedCallback), (2 bytes).
    Removing stm32g0xx_hal_tim.o(i.HAL_TIM_PWM_PulseFinishedHalfCpltCallback), (2 bytes).
    Removing stm32g0xx_hal_tim.o(i.HAL_TIM_PWM_Start), (224 bytes).
    Removing stm32g0xx_hal_tim.o(i.HAL_TIM_PWM_Start_DMA), (480 bytes).
    Removing stm32g0xx_hal_tim.o(i.HAL_TIM_PWM_Start_IT), (264 bytes).
    Removing stm32g0xx_hal_tim.o(i.HAL_TIM_PWM_Stop), (164 bytes).
    Removing stm32g0xx_hal_tim.o(i.HAL_TIM_PWM_Stop_DMA), (252 bytes).
    Removing stm32g0xx_hal_tim.o(i.HAL_TIM_PWM_Stop_IT), (220 bytes).
    Removing stm32g0xx_hal_tim.o(i.HAL_TIM_PeriodElapsedCallback), (2 bytes).
    Removing stm32g0xx_hal_tim.o(i.HAL_TIM_PeriodElapsedHalfCpltCallback), (2 bytes).
    Removing stm32g0xx_hal_tim.o(i.HAL_TIM_ReadCapturedValue), (44 bytes).
    Removing stm32g0xx_hal_tim.o(i.HAL_TIM_SlaveConfigSynchro), (76 bytes).
    Removing stm32g0xx_hal_tim.o(i.HAL_TIM_SlaveConfigSynchro_IT), (76 bytes).
    Removing stm32g0xx_hal_tim.o(i.HAL_TIM_TriggerCallback), (2 bytes).
    Removing stm32g0xx_hal_tim.o(i.HAL_TIM_TriggerHalfCpltCallback), (2 bytes).
    Removing stm32g0xx_hal_tim.o(i.TIM_CCxChannelCmd), (26 bytes).
    Removing stm32g0xx_hal_tim.o(i.TIM_DMACaptureCplt), (118 bytes).
    Removing stm32g0xx_hal_tim.o(i.TIM_DMACaptureHalfCplt), (56 bytes).
    Removing stm32g0xx_hal_tim.o(i.TIM_DMADelayPulseCplt), (102 bytes).
    Removing stm32g0xx_hal_tim.o(i.TIM_DMADelayPulseHalfCplt), (56 bytes).
    Removing stm32g0xx_hal_tim.o(i.TIM_DMAError), (84 bytes).
    Removing stm32g0xx_hal_tim.o(i.TIM_DMAPeriodElapsedCplt), (24 bytes).
    Removing stm32g0xx_hal_tim.o(i.TIM_DMAPeriodElapsedHalfCplt), (10 bytes).
    Removing stm32g0xx_hal_tim.o(i.TIM_DMATriggerCplt), (24 bytes).
    Removing stm32g0xx_hal_tim.o(i.TIM_DMATriggerHalfCplt), (10 bytes).
    Removing stm32g0xx_hal_tim.o(i.TIM_OC1_SetConfig), (140 bytes).
    Removing stm32g0xx_hal_tim.o(i.TIM_OC2_SetConfig), (132 bytes).
    Removing stm32g0xx_hal_tim.o(i.TIM_OC3_SetConfig), (136 bytes).
    Removing stm32g0xx_hal_tim.o(i.TIM_OC4_SetConfig), (116 bytes).
    Removing stm32g0xx_hal_tim.o(i.TIM_OC5_SetConfig), (100 bytes).
    Removing stm32g0xx_hal_tim.o(i.TIM_OC6_SetConfig), (108 bytes).
    Removing stm32g0xx_hal_tim.o(i.TIM_SlaveTimer_SetConfig), (148 bytes).
    Removing stm32g0xx_hal_tim.o(i.TIM_TI1_SetConfig), (96 bytes).
    Removing stm32g0xx_hal_tim.o(i.TIM_TI2_SetConfig), (52 bytes).
    Removing stm32g0xx_hal_tim_ex.o(.rev16_text), (4 bytes).
    Removing stm32g0xx_hal_tim_ex.o(.revsh_text), (4 bytes).
    Removing stm32g0xx_hal_tim_ex.o(i.HAL_TIMEx_Break2Callback), (2 bytes).
    Removing stm32g0xx_hal_tim_ex.o(i.HAL_TIMEx_BreakCallback), (2 bytes).
    Removing stm32g0xx_hal_tim_ex.o(i.HAL_TIMEx_CommutCallback), (2 bytes).
    Removing stm32g0xx_hal_tim_ex.o(i.HAL_TIMEx_CommutHalfCpltCallback), (2 bytes).
    Removing stm32g0xx_hal_tim_ex.o(i.HAL_TIMEx_ConfigBreakDeadTime), (172 bytes).
    Removing stm32g0xx_hal_tim_ex.o(i.HAL_TIMEx_ConfigBreakInput), (174 bytes).
    Removing stm32g0xx_hal_tim_ex.o(i.HAL_TIMEx_ConfigCommutEvent), (112 bytes).
    Removing stm32g0xx_hal_tim_ex.o(i.HAL_TIMEx_ConfigCommutEvent_DMA), (144 bytes).
    Removing stm32g0xx_hal_tim_ex.o(i.HAL_TIMEx_ConfigCommutEvent_IT), (112 bytes).
    Removing stm32g0xx_hal_tim_ex.o(i.HAL_TIMEx_DisarmBreakInput), (68 bytes).
    Removing stm32g0xx_hal_tim_ex.o(i.HAL_TIMEx_GetChannelNState), (30 bytes).
    Removing stm32g0xx_hal_tim_ex.o(i.HAL_TIMEx_GroupChannel5), (50 bytes).
    Removing stm32g0xx_hal_tim_ex.o(i.HAL_TIMEx_HallSensor_DeInit), (68 bytes).
    Removing stm32g0xx_hal_tim_ex.o(i.HAL_TIMEx_HallSensor_GetState), (6 bytes).
    Removing stm32g0xx_hal_tim_ex.o(i.HAL_TIMEx_HallSensor_Init), (208 bytes).
    Removing stm32g0xx_hal_tim_ex.o(i.HAL_TIMEx_HallSensor_MspDeInit), (2 bytes).
    Removing stm32g0xx_hal_tim_ex.o(i.HAL_TIMEx_HallSensor_MspInit), (2 bytes).
    Removing stm32g0xx_hal_tim_ex.o(i.HAL_TIMEx_HallSensor_Start), (140 bytes).
    Removing stm32g0xx_hal_tim_ex.o(i.HAL_TIMEx_HallSensor_Start_DMA), (212 bytes).
    Removing stm32g0xx_hal_tim_ex.o(i.HAL_TIMEx_HallSensor_Start_IT), (148 bytes).
    Removing stm32g0xx_hal_tim_ex.o(i.HAL_TIMEx_HallSensor_Stop), (64 bytes).
    Removing stm32g0xx_hal_tim_ex.o(i.HAL_TIMEx_HallSensor_Stop_DMA), (76 bytes).
    Removing stm32g0xx_hal_tim_ex.o(i.HAL_TIMEx_HallSensor_Stop_IT), (76 bytes).
    Removing stm32g0xx_hal_tim_ex.o(i.HAL_TIMEx_OCN_Start), (164 bytes).
    Removing stm32g0xx_hal_tim_ex.o(i.HAL_TIMEx_OCN_Start_DMA), (356 bytes).
    Removing stm32g0xx_hal_tim_ex.o(i.HAL_TIMEx_OCN_Start_IT), (196 bytes).
    Removing stm32g0xx_hal_tim_ex.o(i.HAL_TIMEx_OCN_Stop), (108 bytes).
    Removing stm32g0xx_hal_tim_ex.o(i.HAL_TIMEx_OCN_Stop_DMA), (176 bytes).
    Removing stm32g0xx_hal_tim_ex.o(i.HAL_TIMEx_OCN_Stop_IT), (168 bytes).
    Removing stm32g0xx_hal_tim_ex.o(i.HAL_TIMEx_OnePulseN_Start), (98 bytes).
    Removing stm32g0xx_hal_tim_ex.o(i.HAL_TIMEx_OnePulseN_Start_IT), (116 bytes).
    Removing stm32g0xx_hal_tim_ex.o(i.HAL_TIMEx_OnePulseN_Stop), (112 bytes).
    Removing stm32g0xx_hal_tim_ex.o(i.HAL_TIMEx_OnePulseN_Stop_IT), (132 bytes).
    Removing stm32g0xx_hal_tim_ex.o(i.HAL_TIMEx_PWMN_Start), (164 bytes).
    Removing stm32g0xx_hal_tim_ex.o(i.HAL_TIMEx_PWMN_Start_DMA), (356 bytes).
    Removing stm32g0xx_hal_tim_ex.o(i.HAL_TIMEx_PWMN_Start_IT), (196 bytes).
    Removing stm32g0xx_hal_tim_ex.o(i.HAL_TIMEx_PWMN_Stop), (108 bytes).
    Removing stm32g0xx_hal_tim_ex.o(i.HAL_TIMEx_PWMN_Stop_DMA), (176 bytes).
    Removing stm32g0xx_hal_tim_ex.o(i.HAL_TIMEx_PWMN_Stop_IT), (168 bytes).
    Removing stm32g0xx_hal_tim_ex.o(i.HAL_TIMEx_ReArmBreakInput), (112 bytes).
    Removing stm32g0xx_hal_tim_ex.o(i.HAL_TIMEx_RemapConfig), (40 bytes).
    Removing stm32g0xx_hal_tim_ex.o(i.HAL_TIMEx_TISelection), (82 bytes).
    Removing stm32g0xx_hal_tim_ex.o(i.TIMEx_DMACommutationCplt), (16 bytes).
    Removing stm32g0xx_hal_tim_ex.o(i.TIMEx_DMACommutationHalfCplt), (16 bytes).
    Removing stm32g0xx_hal_tim_ex.o(i.TIM_CCxNChannelCmd), (26 bytes).
    Removing stm32g0xx_hal_tim_ex.o(i.TIM_DMADelayPulseNCplt), (102 bytes).
    Removing stm32g0xx_hal_tim_ex.o(i.TIM_DMAErrorCCxN), (62 bytes).
    Removing system_stm32g0xx.o(.rev16_text), (4 bytes).
    Removing system_stm32g0xx.o(.revsh_text), (4 bytes).
    Removing system_stm32g0xx.o(i.SystemCoreClockUpdate), (144 bytes).
    Removing system_stm32g0xx.o(.constdata), (32 bytes).
    Removing can_circularbuf.o(.rev16_text), (4 bytes).
    Removing can_circularbuf.o(.revsh_text), (4 bytes).
    Removing can_circularbuf.o(i.can_is_full), (30 bytes).
    Removing can_circularbuf.o(i.can_put_data), (70 bytes).
    Removing can_circularbuf.o(i.can_reset_buf), (20 bytes).
    Removing can_circularbuf.o(i.can_rx_data), (80 bytes).
    Removing sys.o(.rev16_text), (4 bytes).
    Removing sys.o(.revsh_text), (4 bytes).
    Removing sys.o(i.crc8), (52 bytes).
    Removing comm_update_handle.o(.rev16_text), (4 bytes).
    Removing comm_update_handle.o(.revsh_text), (4 bytes).
    Removing comm_update_handle.o(i.bms_update_acked_chuck), (2 bytes).
    Removing can.o(.rev16_text), (4 bytes).
    Removing can.o(.revsh_text), (4 bytes).
    Removing can.o(i.CAN_CheckError), (64 bytes).
    Removing can.o(i.HAL_FDCAN_RxFifo0Callback), (112 bytes).
    Removing stm32flash.o(.rev16_text), (4 bytes).
    Removing stm32flash.o(.revsh_text), (4 bytes).
    Removing stm32flash.o(i.Flash_Erase), (108 bytes).
    Removing timer.o(.rev16_text), (4 bytes).
    Removing timer.o(.revsh_text), (4 bytes).
    Removing timer.o(i.TMR_Delay), (52 bytes).
    Removing timer.o(i.TMR_ResetCount), (12 bytes).
    Removing timer.o(i.Timer_Delay10ms), (20 bytes).
    Removing timer.o(.data), (4 bytes).

457 unused section(s) (total 30404 bytes) removed from the image.

==============================================================================

Image Symbol Table

    Local Symbols

    Symbol Name                              Value     Ov Type        Size  Object(Section)

    ../Core/Src/main.c                       0x00000000   Number         0  main.o ABSOLUTE
    ../Core/Src/stm32g0xx_hal_msp.c          0x00000000   Number         0  stm32g0xx_hal_msp.o ABSOLUTE
    ../Core/Src/stm32g0xx_it.c               0x00000000   Number         0  stm32g0xx_it.o ABSOLUTE
    ../Core/Src/system_stm32g0xx.c           0x00000000   Number         0  system_stm32g0xx.o ABSOLUTE
    ../Drivers/STM32G0xx_HAL_Driver/Src/stm32g0xx_hal.c 0x00000000   Number         0  stm32g0xx_hal.o ABSOLUTE
    ../Drivers/STM32G0xx_HAL_Driver/Src/stm32g0xx_hal_cortex.c 0x00000000   Number         0  stm32g0xx_hal_cortex.o ABSOLUTE
    ../Drivers/STM32G0xx_HAL_Driver/Src/stm32g0xx_hal_dma.c 0x00000000   Number         0  stm32g0xx_hal_dma.o ABSOLUTE
    ../Drivers/STM32G0xx_HAL_Driver/Src/stm32g0xx_hal_dma_ex.c 0x00000000   Number         0  stm32g0xx_hal_dma_ex.o ABSOLUTE
    ../Drivers/STM32G0xx_HAL_Driver/Src/stm32g0xx_hal_exti.c 0x00000000   Number         0  stm32g0xx_hal_exti.o ABSOLUTE
    ../Drivers/STM32G0xx_HAL_Driver/Src/stm32g0xx_hal_fdcan.c 0x00000000   Number         0  stm32g0xx_hal_fdcan.o ABSOLUTE
    ../Drivers/STM32G0xx_HAL_Driver/Src/stm32g0xx_hal_flash.c 0x00000000   Number         0  stm32g0xx_hal_flash.o ABSOLUTE
    ../Drivers/STM32G0xx_HAL_Driver/Src/stm32g0xx_hal_flash_ex.c 0x00000000   Number         0  stm32g0xx_hal_flash_ex.o ABSOLUTE
    ../Drivers/STM32G0xx_HAL_Driver/Src/stm32g0xx_hal_gpio.c 0x00000000   Number         0  stm32g0xx_hal_gpio.o ABSOLUTE
    ../Drivers/STM32G0xx_HAL_Driver/Src/stm32g0xx_hal_pwr.c 0x00000000   Number         0  stm32g0xx_hal_pwr.o ABSOLUTE
    ../Drivers/STM32G0xx_HAL_Driver/Src/stm32g0xx_hal_pwr_ex.c 0x00000000   Number         0  stm32g0xx_hal_pwr_ex.o ABSOLUTE
    ../Drivers/STM32G0xx_HAL_Driver/Src/stm32g0xx_hal_rcc.c 0x00000000   Number         0  stm32g0xx_hal_rcc.o ABSOLUTE
    ../Drivers/STM32G0xx_HAL_Driver/Src/stm32g0xx_hal_rcc_ex.c 0x00000000   Number         0  stm32g0xx_hal_rcc_ex.o ABSOLUTE
    ../Drivers/STM32G0xx_HAL_Driver/Src/stm32g0xx_hal_tim.c 0x00000000   Number         0  stm32g0xx_hal_tim.o ABSOLUTE
    ../Drivers/STM32G0xx_HAL_Driver/Src/stm32g0xx_hal_tim_ex.c 0x00000000   Number         0  stm32g0xx_hal_tim_ex.o ABSOLUTE
    ../Drivers/STM32G0xx_HAL_Driver/Src/stm32g0xx_ll_dma.c 0x00000000   Number         0  stm32g0xx_ll_dma.o ABSOLUTE
    ../Drivers/STM32G0xx_HAL_Driver/Src/stm32g0xx_ll_rcc.c 0x00000000   Number         0  stm32g0xx_ll_rcc.o ABSOLUTE
    ../clib/angel/boardlib.s                 0x00000000   Number         0  boardinit1.o ABSOLUTE
    ../clib/angel/boardlib.s                 0x00000000   Number         0  boardinit3.o ABSOLUTE
    ../clib/angel/boardlib.s                 0x00000000   Number         0  boardshut.o ABSOLUTE
    ../clib/angel/boardlib.s                 0x00000000   Number         0  boardinit2.o ABSOLUTE
    ../clib/angel/handlers.s                 0x00000000   Number         0  __scatter_zi.o ABSOLUTE
    ../clib/angel/handlers.s                 0x00000000   Number         0  __scatter_copy.o ABSOLUTE
    ../clib/angel/kernel.s                   0x00000000   Number         0  __rtentry.o ABSOLUTE
    ../clib/angel/kernel.s                   0x00000000   Number         0  __rtentry2.o ABSOLUTE
    ../clib/angel/kernel.s                   0x00000000   Number         0  rtexit2.o ABSOLUTE
    ../clib/angel/kernel.s                   0x00000000   Number         0  __rtentry4.o ABSOLUTE
    ../clib/angel/kernel.s                   0x00000000   Number         0  rtexit.o ABSOLUTE
    ../clib/angel/rt.s                       0x00000000   Number         0  aeabi_idiv0_sigfpe.o ABSOLUTE
    ../clib/angel/rt.s                       0x00000000   Number         0  rt_heap_descriptor.o ABSOLUTE
    ../clib/angel/rt.s                       0x00000000   Number         0  rt_heap_descriptor_intlibspace.o ABSOLUTE
    ../clib/angel/rt.s                       0x00000000   Number         0  aeabi_idiv0.o ABSOLUTE
    ../clib/angel/rt.s                       0x00000000   Number         0  rt_div0.o ABSOLUTE
    ../clib/angel/rt.s                       0x00000000   Number         0  rt_raise.o ABSOLUTE
    ../clib/angel/scatterp.s                 0x00000000   Number         0  __scatter.o ABSOLUTE
    ../clib/angel/startup.s                  0x00000000   Number         0  __main.o ABSOLUTE
    ../clib/angel/sys.s                      0x00000000   Number         0  libspace.o ABSOLUTE
    ../clib/angel/sys.s                      0x00000000   Number         0  mutex_dummy.o ABSOLUTE
    ../clib/angel/sys.s                      0x00000000   Number         0  use_no_semi.o ABSOLUTE
    ../clib/angel/sys.s                      0x00000000   Number         0  sys_stackheap_outer.o ABSOLUTE
    ../clib/angel/sys.s                      0x00000000   Number         0  indicate_semi.o ABSOLUTE
    ../clib/angel/sys.s                      0x00000000   Number         0  tempstk.o ABSOLUTE
    ../clib/angel/sysapp.c                   0x00000000   Number         0  sys_exit.o ABSOLUTE
    ../clib/angel/sysapp.c                   0x00000000   Number         0  sys_command.o ABSOLUTE
    ../clib/angel/sysapp.c                   0x00000000   Number         0  sys_wrch.o ABSOLUTE
    ../clib/armsys.c                         0x00000000   Number         0  no_argv.o ABSOLUTE
    ../clib/armsys.c                         0x00000000   Number         0  _get_argv.o ABSOLUTE
    ../clib/armsys.c                         0x00000000   Number         0  _get_argv_nomalloc.o ABSOLUTE
    ../clib/armsys.c                         0x00000000   Number         0  argv_veneer.o ABSOLUTE
    ../clib/division.s                       0x00000000   Number         0  aeabi_sdiv.o ABSOLUTE
    ../clib/division.s                       0x00000000   Number         0  aeabi_sdiv_div0.o ABSOLUTE
    ../clib/heap1.c                          0x00000000   Number         0  h1_free.o ABSOLUTE
    ../clib/heap1.c                          0x00000000   Number         0  h1_init.o ABSOLUTE
    ../clib/heap1.c                          0x00000000   Number         0  h1_alloc.o ABSOLUTE
    ../clib/heap1.c                          0x00000000   Number         0  h1_alloc_mt.o ABSOLUTE
    ../clib/heap1.c                          0x00000000   Number         0  h1_final_mt.o ABSOLUTE
    ../clib/heap1.c                          0x00000000   Number         0  h1_final.o ABSOLUTE
    ../clib/heap1.c                          0x00000000   Number         0  h1_extend_mt.o ABSOLUTE
    ../clib/heap1.c                          0x00000000   Number         0  h1_extend.o ABSOLUTE
    ../clib/heap1.c                          0x00000000   Number         0  h1_free_mt.o ABSOLUTE
    ../clib/heap1.c                          0x00000000   Number         0  h1_init_mt.o ABSOLUTE
    ../clib/heap2.c                          0x00000000   Number         0  fdtree.o ABSOLUTE
    ../clib/heap2.c                          0x00000000   Number         0  heap2mt.o ABSOLUTE
    ../clib/heap2.c                          0x00000000   Number         0  heap2.o ABSOLUTE
    ../clib/heapalloc.c                      0x00000000   Number         0  free.o ABSOLUTE
    ../clib/heapalloc.c                      0x00000000   Number         0  term_alloc.o ABSOLUTE
    ../clib/heapalloc.c                      0x00000000   Number         0  maybetermalloc2.o ABSOLUTE
    ../clib/heapalloc.c                      0x00000000   Number         0  heapstubs.o ABSOLUTE
    ../clib/heapalloc.c                      0x00000000   Number         0  malloc.o ABSOLUTE
    ../clib/heapalloc.c                      0x00000000   Number         0  maybetermalloc1.o ABSOLUTE
    ../clib/heapalloc.c                      0x00000000   Number         0  maybetermalloc2.o ABSOLUTE
    ../clib/heapalloc.c                      0x00000000   Number         0  hrguard.o ABSOLUTE
    ../clib/heapalloc.c                      0x00000000   Number         0  maybetermalloc1.o ABSOLUTE
    ../clib/heapalloc.c                      0x00000000   Number         0  init_alloc.o ABSOLUTE
    ../clib/heapalloc.c                      0x00000000   Number         0  hguard.o ABSOLUTE
    ../clib/heapaux.c                        0x00000000   Number         0  heapauxa.o ABSOLUTE
    ../clib/heapaux.c                        0x00000000   Number         0  heapauxi.o ABSOLUTE
    ../clib/libinit.s                        0x00000000   Number         0  libinit.o ABSOLUTE
    ../clib/libinit.s                        0x00000000   Number         0  libinit2.o ABSOLUTE
    ../clib/libinit.s                        0x00000000   Number         0  libshutdown2.o ABSOLUTE
    ../clib/libinit.s                        0x00000000   Number         0  libshutdown.o ABSOLUTE
    ../clib/longlong.c                       0x00000000   Number         0  llshl.o ABSOLUTE
    ../clib/memcpset.c                       0x00000000   Number         0  rt_memclr.o ABSOLUTE
    ../clib/memcpset.c                       0x00000000   Number         0  rt_memcpy.o ABSOLUTE
    ../clib/memcpset.c                       0x00000000   Number         0  rt_memcpy.o ABSOLUTE
    ../clib/signal.c                         0x00000000   Number         0  defsig_fpe_inner.o ABSOLUTE
    ../clib/signal.c                         0x00000000   Number         0  __raise.o ABSOLUTE
    ../clib/signal.c                         0x00000000   Number         0  defsig_rtmem_formal.o ABSOLUTE
    ../clib/signal.c                         0x00000000   Number         0  defsig_rtmem_outer.o ABSOLUTE
    ../clib/signal.c                         0x00000000   Number         0  defsig_cppl_inner.o ABSOLUTE
    ../clib/signal.c                         0x00000000   Number         0  defsig_general.o ABSOLUTE
    ../clib/signal.c                         0x00000000   Number         0  defsig_pvfn_inner.o ABSOLUTE
    ../clib/signal.c                         0x00000000   Number         0  defsig_exit.o ABSOLUTE
    ../clib/signal.c                         0x00000000   Number         0  defsig_fpe_outer.o ABSOLUTE
    ../clib/signal.c                         0x00000000   Number         0  defsig_stak_inner.o ABSOLUTE
    ../clib/signal.c                         0x00000000   Number         0  defsig_rtred_inner.o ABSOLUTE
    ../clib/signal.c                         0x00000000   Number         0  defsig_other.o ABSOLUTE
    ../clib/signal.c                         0x00000000   Number         0  defsig_fpe_formal.o ABSOLUTE
    ../clib/signal.c                         0x00000000   Number         0  defsig_abrt_inner.o ABSOLUTE
    ../clib/signal.c                         0x00000000   Number         0  defsig_rtmem_inner.o ABSOLUTE
    ../clib/signal.c                         0x00000000   Number         0  defsig_segv_inner.o ABSOLUTE
    ../clib/signal.s                         0x00000000   Number         0  defsig.o ABSOLUTE
    ../clib/stdlib.c                         0x00000000   Number         0  exit.o ABSOLUTE
    ../clib/string.c                         0x00000000   Number         0  strcmp.o ABSOLUTE
    ../fplib/cfplib/fpinit.c                 0x00000000   Number         0  fpinit.o ABSOLUTE
    ..\Core\Src\main.c                       0x00000000   Number         0  main.o ABSOLUTE
    ..\Core\Src\stm32g0xx_hal_msp.c          0x00000000   Number         0  stm32g0xx_hal_msp.o ABSOLUTE
    ..\Core\Src\stm32g0xx_it.c               0x00000000   Number         0  stm32g0xx_it.o ABSOLUTE
    ..\Core\Src\system_stm32g0xx.c           0x00000000   Number         0  system_stm32g0xx.o ABSOLUTE
    ..\Drivers\STM32G0xx_HAL_Driver\Src\stm32g0xx_hal.c 0x00000000   Number         0  stm32g0xx_hal.o ABSOLUTE
    ..\Drivers\STM32G0xx_HAL_Driver\Src\stm32g0xx_hal_cortex.c 0x00000000   Number         0  stm32g0xx_hal_cortex.o ABSOLUTE
    ..\Drivers\STM32G0xx_HAL_Driver\Src\stm32g0xx_hal_dma.c 0x00000000   Number         0  stm32g0xx_hal_dma.o ABSOLUTE
    ..\Drivers\STM32G0xx_HAL_Driver\Src\stm32g0xx_hal_dma_ex.c 0x00000000   Number         0  stm32g0xx_hal_dma_ex.o ABSOLUTE
    ..\Drivers\STM32G0xx_HAL_Driver\Src\stm32g0xx_hal_exti.c 0x00000000   Number         0  stm32g0xx_hal_exti.o ABSOLUTE
    ..\Drivers\STM32G0xx_HAL_Driver\Src\stm32g0xx_hal_fdcan.c 0x00000000   Number         0  stm32g0xx_hal_fdcan.o ABSOLUTE
    ..\Drivers\STM32G0xx_HAL_Driver\Src\stm32g0xx_hal_flash.c 0x00000000   Number         0  stm32g0xx_hal_flash.o ABSOLUTE
    ..\Drivers\STM32G0xx_HAL_Driver\Src\stm32g0xx_hal_flash_ex.c 0x00000000   Number         0  stm32g0xx_hal_flash_ex.o ABSOLUTE
    ..\Drivers\STM32G0xx_HAL_Driver\Src\stm32g0xx_hal_gpio.c 0x00000000   Number         0  stm32g0xx_hal_gpio.o ABSOLUTE
    ..\Drivers\STM32G0xx_HAL_Driver\Src\stm32g0xx_hal_pwr.c 0x00000000   Number         0  stm32g0xx_hal_pwr.o ABSOLUTE
    ..\Drivers\STM32G0xx_HAL_Driver\Src\stm32g0xx_hal_pwr_ex.c 0x00000000   Number         0  stm32g0xx_hal_pwr_ex.o ABSOLUTE
    ..\Drivers\STM32G0xx_HAL_Driver\Src\stm32g0xx_hal_rcc.c 0x00000000   Number         0  stm32g0xx_hal_rcc.o ABSOLUTE
    ..\Drivers\STM32G0xx_HAL_Driver\Src\stm32g0xx_hal_rcc_ex.c 0x00000000   Number         0  stm32g0xx_hal_rcc_ex.o ABSOLUTE
    ..\Drivers\STM32G0xx_HAL_Driver\Src\stm32g0xx_hal_tim.c 0x00000000   Number         0  stm32g0xx_hal_tim.o ABSOLUTE
    ..\Drivers\STM32G0xx_HAL_Driver\Src\stm32g0xx_hal_tim_ex.c 0x00000000   Number         0  stm32g0xx_hal_tim_ex.o ABSOLUTE
    ..\User\Comm_Update\comm_update_handle.c 0x00000000   Number         0  comm_update_handle.o ABSOLUTE
    ..\User\Drv\can.c                        0x00000000   Number         0  can.o ABSOLUTE
    ..\User\Drv\stm32flash.c                 0x00000000   Number         0  stm32flash.o ABSOLUTE
    ..\User\Drv\timer.c                      0x00000000   Number         0  timer.o ABSOLUTE
    ..\User\Middle\CAN_CircularBuf.c         0x00000000   Number         0  can_circularbuf.o ABSOLUTE
    ..\User\Middle\sys.c                     0x00000000   Number         0  sys.o ABSOLUTE
    ..\\User\\Comm_Update\\comm_update_handle.c 0x00000000   Number         0  comm_update_handle.o ABSOLUTE
    ..\\User\\Drv\\can.c                     0x00000000   Number         0  can.o ABSOLUTE
    ..\\User\\Drv\\stm32flash.c              0x00000000   Number         0  stm32flash.o ABSOLUTE
    ..\\User\\Drv\\timer.c                   0x00000000   Number         0  timer.o ABSOLUTE
    ..\\User\\Middle\\CAN_CircularBuf.c      0x00000000   Number         0  can_circularbuf.o ABSOLUTE
    ..\\User\\Middle\\sys.c                  0x00000000   Number         0  sys.o ABSOLUTE
    dc.s                                     0x00000000   Number         0  dc.o ABSOLUTE
    startup_stm32g0b1xx.s                    0x00000000   Number         0  startup_stm32g0b1xx.o ABSOLUTE
    RESET                                    0x08000000   Section      188  startup_stm32g0b1xx.o(RESET)
    !!!main                                  0x080000bc   Section        8  __main.o(!!!main)
    !!!scatter                               0x080000c4   Section       60  __scatter.o(!!!scatter)
    !!handler_copy                           0x08000100   Section       26  __scatter_copy.o(!!handler_copy)
    !!handler_zi                             0x0800011c   Section       28  __scatter_zi.o(!!handler_zi)
    .ARM.Collect$$libinit$$00000000          0x08000138   Section        2  libinit.o(.ARM.Collect$$libinit$$00000000)
    .ARM.Collect$$libinit$$00000002          0x0800013a   Section        0  libinit2.o(.ARM.Collect$$libinit$$00000002)
    .ARM.Collect$$libinit$$00000004          0x0800013a   Section        0  libinit2.o(.ARM.Collect$$libinit$$00000004)
    .ARM.Collect$$libinit$$00000005          0x0800013a   Section        8  libinit2.o(.ARM.Collect$$libinit$$00000005)
    .ARM.Collect$$libinit$$0000000A          0x08000142   Section        0  libinit2.o(.ARM.Collect$$libinit$$0000000A)
    .ARM.Collect$$libinit$$0000000C          0x08000142   Section        0  libinit2.o(.ARM.Collect$$libinit$$0000000C)
    .ARM.Collect$$libinit$$0000000E          0x08000142   Section        0  libinit2.o(.ARM.Collect$$libinit$$0000000E)
    .ARM.Collect$$libinit$$00000011          0x08000142   Section        0  libinit2.o(.ARM.Collect$$libinit$$00000011)
    .ARM.Collect$$libinit$$00000013          0x08000142   Section        0  libinit2.o(.ARM.Collect$$libinit$$00000013)
    .ARM.Collect$$libinit$$00000015          0x08000142   Section        0  libinit2.o(.ARM.Collect$$libinit$$00000015)
    .ARM.Collect$$libinit$$00000017          0x08000142   Section        0  libinit2.o(.ARM.Collect$$libinit$$00000017)
    .ARM.Collect$$libinit$$00000019          0x08000142   Section        0  libinit2.o(.ARM.Collect$$libinit$$00000019)
    .ARM.Collect$$libinit$$0000001B          0x08000142   Section        0  libinit2.o(.ARM.Collect$$libinit$$0000001B)
    .ARM.Collect$$libinit$$0000001D          0x08000142   Section        0  libinit2.o(.ARM.Collect$$libinit$$0000001D)
    .ARM.Collect$$libinit$$0000001F          0x08000142   Section        0  libinit2.o(.ARM.Collect$$libinit$$0000001F)
    .ARM.Collect$$libinit$$00000021          0x08000142   Section        0  libinit2.o(.ARM.Collect$$libinit$$00000021)
    .ARM.Collect$$libinit$$00000023          0x08000142   Section        0  libinit2.o(.ARM.Collect$$libinit$$00000023)
    .ARM.Collect$$libinit$$00000025          0x08000142   Section        0  libinit2.o(.ARM.Collect$$libinit$$00000025)
    .ARM.Collect$$libinit$$0000002C          0x08000142   Section        0  libinit2.o(.ARM.Collect$$libinit$$0000002C)
    .ARM.Collect$$libinit$$0000002E          0x08000142   Section        0  libinit2.o(.ARM.Collect$$libinit$$0000002E)
    .ARM.Collect$$libinit$$00000030          0x08000142   Section        0  libinit2.o(.ARM.Collect$$libinit$$00000030)
    .ARM.Collect$$libinit$$00000032          0x08000142   Section        0  libinit2.o(.ARM.Collect$$libinit$$00000032)
    .ARM.Collect$$libinit$$00000033          0x08000142   Section        2  libinit2.o(.ARM.Collect$$libinit$$00000033)
    .ARM.Collect$$libshutdown$$00000000      0x08000144   Section        2  libshutdown.o(.ARM.Collect$$libshutdown$$00000000)
    .ARM.Collect$$libshutdown$$00000002      0x08000146   Section        0  libshutdown2.o(.ARM.Collect$$libshutdown$$00000002)
    .ARM.Collect$$libshutdown$$00000004      0x08000146   Section        0  libshutdown2.o(.ARM.Collect$$libshutdown$$00000004)
    .ARM.Collect$$libshutdown$$00000006      0x08000146   Section        0  libshutdown2.o(.ARM.Collect$$libshutdown$$00000006)
    .ARM.Collect$$libshutdown$$00000009      0x08000146   Section        0  libshutdown2.o(.ARM.Collect$$libshutdown$$00000009)
    .ARM.Collect$$libshutdown$$0000000C      0x08000146   Section        0  libshutdown2.o(.ARM.Collect$$libshutdown$$0000000C)
    .ARM.Collect$$libshutdown$$0000000E      0x08000146   Section        0  libshutdown2.o(.ARM.Collect$$libshutdown$$0000000E)
    .ARM.Collect$$libshutdown$$00000011      0x08000146   Section        0  libshutdown2.o(.ARM.Collect$$libshutdown$$00000011)
    .ARM.Collect$$libshutdown$$00000012      0x08000146   Section        2  libshutdown2.o(.ARM.Collect$$libshutdown$$00000012)
    .ARM.Collect$$rtentry$$00000000          0x08000148   Section        0  __rtentry.o(.ARM.Collect$$rtentry$$00000000)
    .ARM.Collect$$rtentry$$00000002          0x08000148   Section        0  __rtentry2.o(.ARM.Collect$$rtentry$$00000002)
    .ARM.Collect$$rtentry$$00000004          0x08000148   Section        6  __rtentry4.o(.ARM.Collect$$rtentry$$00000004)
    .ARM.Collect$$rtentry$$00000009          0x0800014e   Section        0  __rtentry2.o(.ARM.Collect$$rtentry$$00000009)
    .ARM.Collect$$rtentry$$0000000A          0x0800014e   Section        4  __rtentry2.o(.ARM.Collect$$rtentry$$0000000A)
    .ARM.Collect$$rtentry$$0000000C          0x08000152   Section        0  __rtentry2.o(.ARM.Collect$$rtentry$$0000000C)
    .ARM.Collect$$rtentry$$0000000D          0x08000152   Section        8  __rtentry2.o(.ARM.Collect$$rtentry$$0000000D)
    .ARM.Collect$$rtexit$$00000000           0x0800015a   Section        2  rtexit.o(.ARM.Collect$$rtexit$$00000000)
    .ARM.Collect$$rtexit$$00000002           0x0800015c   Section        0  rtexit2.o(.ARM.Collect$$rtexit$$00000002)
    .ARM.Collect$$rtexit$$00000003           0x0800015c   Section        4  rtexit2.o(.ARM.Collect$$rtexit$$00000003)
    .ARM.Collect$$rtexit$$00000004           0x08000160   Section        6  rtexit2.o(.ARM.Collect$$rtexit$$00000004)
    .emb_text                                0x08000168   Section       56  rt_memcpy.o(.emb_text)
    .emb_text                                0x080001a0   Section        0  maybetermalloc1.o(.emb_text)
    .text                                    0x080001a0   Section       56  startup_stm32g0b1xx.o(.text)
    .text                                    0x080001d8   Section        0  h1_alloc.o(.text)
    .text                                    0x0800023a   Section        0  llshl.o(.text)
    .text                                    0x0800025a   Section        0  rt_memcpy.o(.text)
    .text                                    0x080002dc   Section        0  rt_memclr.o(.text)
    .text                                    0x0800031c   Section        0  strcmp.o(.text)
    .text                                    0x080003a4   Section      346  aeabi_sdiv.o(.text)
    .text                                    0x080004fe   Section        0  heapauxi.o(.text)
    .text                                    0x08000504   Section        8  rt_heap_descriptor_intlibspace.o(.text)
    .text                                    0x0800050c   Section        0  hguard.o(.text)
    .text                                    0x08000510   Section        0  init_alloc.o(.text)
    .text                                    0x08000598   Section        0  h1_init.o(.text)
    .text                                    0x080005a6   Section        0  h1_free.o(.text)
    .text                                    0x080005f4   Section        8  libspace.o(.text)
    .text                                    0x080005fc   Section        0  h1_extend.o(.text)
    .text                                    0x08000630   Section        0  defsig_rtmem_outer.o(.text)
    .text                                    0x0800063c   Section        2  use_no_semi.o(.text)
    .text                                    0x0800063e   Section       62  sys_stackheap_outer.o(.text)
    .text                                    0x0800063e   Section        0  indicate_semi.o(.text)
    .text                                    0x0800067c   Section        0  exit.o(.text)
    .text                                    0x0800068c   Section        0  defsig_exit.o(.text)
    .text                                    0x08000698   Section        0  defsig_rtmem_inner.o(.text)
    .text                                    0x080006e8   Section        0  sys_exit.o(.text)
    .text                                    0x080006f4   Section        0  defsig_general.o(.text)
    .text                                    0x08000728   Section        0  sys_wrch.o(.text)
    i.CAN_DataDecode                         0x08000734   Section        0  comm_update_handle.o(i.CAN_DataDecode)
    i.ChipFlashDownload_Process              0x080007b0   Section        0  comm_update_handle.o(i.ChipFlashDownload_Process)
    i.Error_Handler                          0x080008c8   Section        0  main.o(i.Error_Handler)
    i.FDCAN_CalcultateRamBlockAddresses      0x080008cc   Section        0  stm32g0xx_hal_fdcan.o(i.FDCAN_CalcultateRamBlockAddresses)
    FDCAN_CalcultateRamBlockAddresses        0x080008cd   Thumb Code   104  stm32g0xx_hal_fdcan.o(i.FDCAN_CalcultateRamBlockAddresses)
    i.FDCAN_CopyMessageToRAM                 0x08000940   Section        0  stm32g0xx_hal_fdcan.o(i.FDCAN_CopyMessageToRAM)
    FDCAN_CopyMessageToRAM                   0x08000941   Thumb Code   102  stm32g0xx_hal_fdcan.o(i.FDCAN_CopyMessageToRAM)
    i.FLASH_MassErase                        0x080009ac   Section        0  stm32g0xx_hal_flash_ex.o(i.FLASH_MassErase)
    FLASH_MassErase                          0x080009ad   Thumb Code    16  stm32g0xx_hal_flash_ex.o(i.FLASH_MassErase)
    i.FLASH_PageErase                        0x080009c0   Section        0  stm32g0xx_hal_flash_ex.o(i.FLASH_PageErase)
    i.FLASH_Program_DoubleWord               0x080009f0   Section        0  stm32g0xx_hal_flash.o(i.FLASH_Program_DoubleWord)
    FLASH_Program_DoubleWord                 0x080009f1   Thumb Code    22  stm32g0xx_hal_flash.o(i.FLASH_Program_DoubleWord)
    i.FLASH_Program_Fast                     0x08000a0c   Section        0  stm32g0xx_hal_flash.o(i.FLASH_Program_Fast)
    FLASH_Program_Fast                       0x08000a0d   Thumb Code    48  stm32g0xx_hal_flash.o(i.FLASH_Program_Fast)
    i.FLASH_WaitForLastOperation             0x08000a40   Section        0  stm32g0xx_hal_flash.o(i.FLASH_WaitForLastOperation)
    i.Flash_Read                             0x08000aa4   Section        0  stm32flash.o(i.Flash_Read)
    i.Flash_Write                            0x08000ac8   Section        0  stm32flash.o(i.Flash_Write)
    i.HAL_FDCAN_ActivateNotification         0x08000bf0   Section        0  stm32g0xx_hal_fdcan.o(i.HAL_FDCAN_ActivateNotification)
    i.HAL_FDCAN_AddMessageToTxFifoQ          0x08000ce6   Section        0  stm32g0xx_hal_fdcan.o(i.HAL_FDCAN_AddMessageToTxFifoQ)
    i.HAL_FDCAN_Init                         0x08000d30   Section        0  stm32g0xx_hal_fdcan.o(i.HAL_FDCAN_Init)
    i.HAL_FDCAN_MspInit                      0x08000ed4   Section        0  stm32g0xx_hal_msp.o(i.HAL_FDCAN_MspInit)
    i.HAL_FDCAN_Start                        0x08000f50   Section        0  stm32g0xx_hal_fdcan.o(i.HAL_FDCAN_Start)
    i.HAL_FLASHEx_Erase                      0x08000f7c   Section        0  stm32g0xx_hal_flash_ex.o(i.HAL_FLASHEx_Erase)
    i.HAL_FLASH_Lock                         0x08001000   Section        0  stm32g0xx_hal_flash.o(i.HAL_FLASH_Lock)
    i.HAL_FLASH_Program                      0x0800101c   Section        0  stm32g0xx_hal_flash.o(i.HAL_FLASH_Program)
    i.HAL_FLASH_Unlock                       0x0800107c   Section        0  stm32g0xx_hal_flash.o(i.HAL_FLASH_Unlock)
    i.HAL_GPIO_Init                          0x080010a4   Section        0  stm32g0xx_hal_gpio.o(i.HAL_GPIO_Init)
    i.HAL_GetTick                            0x08001208   Section        0  stm32g0xx_hal.o(i.HAL_GetTick)
    i.HAL_IncTick                            0x08001214   Section        0  stm32g0xx_hal.o(i.HAL_IncTick)
    i.HAL_Init                               0x08001224   Section        0  stm32g0xx_hal.o(i.HAL_Init)
    i.HAL_InitTick                           0x0800124c   Section        0  stm32g0xx_hal.o(i.HAL_InitTick)
    i.HAL_MspInit                            0x08001294   Section        0  stm32g0xx_hal_msp.o(i.HAL_MspInit)
    i.HAL_NVIC_SetPriority                   0x080012c8   Section        0  stm32g0xx_hal_cortex.o(i.HAL_NVIC_SetPriority)
    i.HAL_NVIC_SystemReset                   0x080012d0   Section        0  stm32g0xx_hal_cortex.o(i.HAL_NVIC_SystemReset)
    i.HAL_PWREx_ControlVoltageScaling        0x080012ec   Section        0  stm32g0xx_hal_pwr_ex.o(i.HAL_PWREx_ControlVoltageScaling)
    i.HAL_RCCEx_PeriphCLKConfig              0x08001338   Section        0  stm32g0xx_hal_rcc_ex.o(i.HAL_RCCEx_PeriphCLKConfig)
    i.HAL_RCC_ClockConfig                    0x080015b8   Section        0  stm32g0xx_hal_rcc.o(i.HAL_RCC_ClockConfig)
    i.HAL_RCC_GetSysClockFreq                0x08001710   Section        0  stm32g0xx_hal_rcc.o(i.HAL_RCC_GetSysClockFreq)
    i.HAL_RCC_OscConfig                      0x0800179c   Section        0  stm32g0xx_hal_rcc.o(i.HAL_RCC_OscConfig)
    i.HAL_SYSCFG_StrobeDBattpinsConfig       0x08001bd4   Section        0  stm32g0xx_hal.o(i.HAL_SYSCFG_StrobeDBattpinsConfig)
    i.HAL_SYSTICK_Config                     0x08001be8   Section        0  stm32g0xx_hal_cortex.o(i.HAL_SYSTICK_Config)
    i.HAL_TIMEx_MasterConfigSynchronization  0x08001c18   Section        0  stm32g0xx_hal_tim_ex.o(i.HAL_TIMEx_MasterConfigSynchronization)
    i.HAL_TIM_Base_Init                      0x08001c94   Section        0  stm32g0xx_hal_tim.o(i.HAL_TIM_Base_Init)
    i.HAL_TIM_Base_MspInit                   0x08001ce0   Section        0  stm32g0xx_hal_msp.o(i.HAL_TIM_Base_MspInit)
    i.HAL_TIM_Base_Start_IT                  0x08001d04   Section        0  stm32g0xx_hal_tim.o(i.HAL_TIM_Base_Start_IT)
    i.HAL_TIM_ConfigClockSource              0x08001d70   Section        0  stm32g0xx_hal_tim.o(i.HAL_TIM_ConfigClockSource)
    i.HardFault_Handler                      0x08001e50   Section        0  stm32g0xx_it.o(i.HardFault_Handler)
    i.MX_FDCAN1_Init                         0x08001e54   Section        0  main.o(i.MX_FDCAN1_Init)
    MX_FDCAN1_Init                           0x08001e55   Thumb Code   114  main.o(i.MX_FDCAN1_Init)
    i.MX_TIM3_Init                           0x08001ed0   Section        0  main.o(i.MX_TIM3_Init)
    MX_TIM3_Init                             0x08001ed1   Thumb Code   106  main.o(i.MX_TIM3_Init)
    i.NMI_Handler                            0x08001f48   Section        0  stm32g0xx_it.o(i.NMI_Handler)
    i.PendSV_Handler                         0x08001f4a   Section        0  stm32g0xx_it.o(i.PendSV_Handler)
    i.SVC_Handler                            0x08001f4c   Section        0  stm32g0xx_it.o(i.SVC_Handler)
    i.SysTick_Handler                        0x08001f4e   Section        0  stm32g0xx_it.o(i.SysTick_Handler)
    i.SystemClock_Config                     0x08001f56   Section        0  main.o(i.SystemClock_Config)
    i.SystemInit                             0x08001fb0   Section        0  system_stm32g0xx.o(i.SystemInit)
    i.TIM_Base_SetConfig                     0x08001fb4   Section        0  stm32g0xx_hal_tim.o(i.TIM_Base_SetConfig)
    i.TIM_ETR_SetConfig                      0x0800205c   Section        0  stm32g0xx_hal_tim.o(i.TIM_ETR_SetConfig)
    i.TIM_ITRx_SetConfig                     0x08002074   Section        0  stm32g0xx_hal_tim.o(i.TIM_ITRx_SetConfig)
    TIM_ITRx_SetConfig                       0x08002075   Thumb Code    16  stm32g0xx_hal_tim.o(i.TIM_ITRx_SetConfig)
    i.TIM_TI1_ConfigInputStage               0x08002088   Section        0  stm32g0xx_hal_tim.o(i.TIM_TI1_ConfigInputStage)
    TIM_TI1_ConfigInputStage                 0x08002089   Thumb Code    34  stm32g0xx_hal_tim.o(i.TIM_TI1_ConfigInputStage)
    i.TIM_TI2_ConfigInputStage               0x080020aa   Section        0  stm32g0xx_hal_tim.o(i.TIM_TI2_ConfigInputStage)
    TIM_TI2_ConfigInputStage                 0x080020ab   Thumb Code    38  stm32g0xx_hal_tim.o(i.TIM_TI2_ConfigInputStage)
    i.__ARM_common_switch8                   0x080020d0   Section        0  stm32g0xx_hal_dma.o(i.__ARM_common_switch8)
    i.__NVIC_SetPriority                     0x080020ec   Section        0  stm32g0xx_hal_cortex.o(i.__NVIC_SetPriority)
    __NVIC_SetPriority                       0x080020ed   Thumb Code    60  stm32g0xx_hal_cortex.o(i.__NVIC_SetPriority)
    i.bms_UpdateChuck                        0x08002130   Section        0  comm_update_handle.o(i.bms_UpdateChuck)
    i.bms_get_update_status                  0x08002254   Section        0  comm_update_handle.o(i.bms_get_update_status)
    i.bms_update_apply                       0x08002278   Section        0  comm_update_handle.o(i.bms_update_apply)
    i.bms_update_start                       0x080022c4   Section        0  comm_update_handle.o(i.bms_update_start)
    i.can_circulbuf_init                     0x080022f8   Section        0  can_circularbuf.o(i.can_circulbuf_init)
    i.can_is_empty                           0x08002318   Section        0  can_circularbuf.o(i.can_is_empty)
    i.can_take_data                          0x0800232c   Section        0  can_circularbuf.o(i.can_take_data)
    i.can_tx                                 0x0800236c   Section        0  can.o(i.can_tx)
    i.crc32_compute                          0x080023b4   Section        0  sys.o(i.crc32_compute)
    i.main                                   0x080023ec   Section        0  main.o(i.main)
    .constdata                               0x0800241c   Section       16  stm32g0xx_hal_fdcan.o(.constdata)
    DLCtoBytes                               0x0800241c   Data          16  stm32g0xx_hal_fdcan.o(.constdata)
    .constdata                               0x0800242c   Section       64  system_stm32g0xx.o(.constdata)
    .data                                    0x20000000   Section       12  stm32g0xx_hal.o(.data)
    .data                                    0x2000000c   Section        4  system_stm32g0xx.o(.data)
    .data                                    0x20000010   Section        8  can_circularbuf.o(.data)
    .data                                    0x20000018   Section       31  comm_update_handle.o(.data)
    u32cnt                                   0x20000018   Data           4  comm_update_handle.o(.data)
    .bss                                     0x20000038   Section      176  main.o(.bss)
    .bss                                     0x200000e8   Section       28  stm32g0xx_hal_flash.o(.bss)
    .bss                                     0x20000104   Section      292  comm_update_handle.o(.bss)
    .bss                                     0x20000228   Section       96  can.o(.bss)
    .bss                                     0x20000288   Section       16  stm32flash.o(.bss)
    .bss                                     0x20000298   Section       96  libspace.o(.bss)
    HEAP                                     0x200002f8   Section     3840  startup_stm32g0b1xx.o(HEAP)
    Heap_Mem                                 0x200002f8   Data        3840  startup_stm32g0b1xx.o(HEAP)
    STACK                                    0x200011f8   Section     1024  startup_stm32g0b1xx.o(STACK)
    Stack_Mem                                0x200011f8   Data        1024  startup_stm32g0b1xx.o(STACK)
    __initial_sp                             0x200015f8   Data           0  startup_stm32g0b1xx.o(STACK)

    Global Symbols

    Symbol Name                              Value     Ov Type        Size  Object(Section)

    BuildAttributes$$THM_ISAv3M$S$PE$A:L22$X:L11$S22$IEEE1$IW$USESV6$~STKCKD$USESV7$~SHL$OTIME$ROPI$EBA8$UX$STANDARDLIB$REQ8$PRES8$EABIv2 0x00000000   Number         0  anon$$obj.o ABSOLUTE
    __ARM_use_no_argv                        0x00000000   Number         0  main.o ABSOLUTE
    __ARM_exceptions_init                     - Undefined Weak Reference
    __alloca_initialize                       - Undefined Weak Reference
    __arm_fini_                               - Undefined Weak Reference
    __arm_preinit_                            - Undefined Weak Reference
    __cpp_initialize__aeabi_                  - Undefined Weak Reference
    __cxa_finalize                            - Undefined Weak Reference
    __rt_locale                               - Undefined Weak Reference
    __sigvec_lookup                           - Undefined Weak Reference
    __user_heap_extent                        - Undefined Weak Reference
    _atexit_init                              - Undefined Weak Reference
    _call_atexit_fns                          - Undefined Weak Reference
    _clock_init                               - Undefined Weak Reference
    _fp_trap_init                             - Undefined Weak Reference
    _fp_trap_shutdown                         - Undefined Weak Reference
    _get_lc_collate                           - Undefined Weak Reference
    _get_lc_ctype                             - Undefined Weak Reference
    _get_lc_monetary                          - Undefined Weak Reference
    _get_lc_numeric                           - Undefined Weak Reference
    _get_lc_time                              - Undefined Weak Reference
    _getenv_init                              - Undefined Weak Reference
    _handle_redirection                       - Undefined Weak Reference
    _initio                                   - Undefined Weak Reference
    _mutex_acquire                            - Undefined Weak Reference
    _mutex_free                               - Undefined Weak Reference
    _mutex_release                            - Undefined Weak Reference
    _rand_init                                - Undefined Weak Reference
    _signal_finish                            - Undefined Weak Reference
    _signal_init                              - Undefined Weak Reference
    _terminateio                              - Undefined Weak Reference
    __Vectors_Size                           0x000000bc   Number         0  startup_stm32g0b1xx.o ABSOLUTE
    __Vectors                                0x08000000   Data           4  startup_stm32g0b1xx.o(RESET)
    __Vectors_End                            0x080000bc   Data           0  startup_stm32g0b1xx.o(RESET)
    __main                                   0x080000bd   Thumb Code     8  __main.o(!!!main)
    __scatterload                            0x080000c5   Thumb Code     0  __scatter.o(!!!scatter)
    __scatterload_rt2                        0x080000c5   Thumb Code    52  __scatter.o(!!!scatter)
    __scatterload_rt2_thumb_only             0x080000c5   Thumb Code     0  __scatter.o(!!!scatter)
    __scatterload_null                       0x080000d5   Thumb Code     0  __scatter.o(!!!scatter)
    __scatterload_copy                       0x08000101   Thumb Code    26  __scatter_copy.o(!!handler_copy)
    __scatterload_zeroinit                   0x0800011d   Thumb Code    28  __scatter_zi.o(!!handler_zi)
    __rt_lib_init                            0x08000139   Thumb Code     0  libinit.o(.ARM.Collect$$libinit$$00000000)
    __rt_lib_init_fp_1                       0x0800013b   Thumb Code     0  libinit2.o(.ARM.Collect$$libinit$$00000002)
    __rt_lib_init_heap_2                     0x0800013b   Thumb Code     0  libinit2.o(.ARM.Collect$$libinit$$00000005)
    __rt_lib_init_preinit_1                  0x0800013b   Thumb Code     0  libinit2.o(.ARM.Collect$$libinit$$00000004)
    __rt_lib_init_alloca_1                   0x08000143   Thumb Code     0  libinit2.o(.ARM.Collect$$libinit$$0000002E)
    __rt_lib_init_argv_1                     0x08000143   Thumb Code     0  libinit2.o(.ARM.Collect$$libinit$$0000002C)
    __rt_lib_init_atexit_1                   0x08000143   Thumb Code     0  libinit2.o(.ARM.Collect$$libinit$$0000001B)
    __rt_lib_init_clock_1                    0x08000143   Thumb Code     0  libinit2.o(.ARM.Collect$$libinit$$00000021)
    __rt_lib_init_cpp_1                      0x08000143   Thumb Code     0  libinit2.o(.ARM.Collect$$libinit$$00000032)
    __rt_lib_init_exceptions_1               0x08000143   Thumb Code     0  libinit2.o(.ARM.Collect$$libinit$$00000030)
    __rt_lib_init_fp_trap_1                  0x08000143   Thumb Code     0  libinit2.o(.ARM.Collect$$libinit$$0000001F)
    __rt_lib_init_getenv_1                   0x08000143   Thumb Code     0  libinit2.o(.ARM.Collect$$libinit$$00000023)
    __rt_lib_init_heap_1                     0x08000143   Thumb Code     0  libinit2.o(.ARM.Collect$$libinit$$0000000A)
    __rt_lib_init_lc_collate_1               0x08000143   Thumb Code     0  libinit2.o(.ARM.Collect$$libinit$$00000011)
    __rt_lib_init_lc_ctype_1                 0x08000143   Thumb Code     0  libinit2.o(.ARM.Collect$$libinit$$00000013)
    __rt_lib_init_lc_monetary_1              0x08000143   Thumb Code     0  libinit2.o(.ARM.Collect$$libinit$$00000015)
    __rt_lib_init_lc_numeric_1               0x08000143   Thumb Code     0  libinit2.o(.ARM.Collect$$libinit$$00000017)
    __rt_lib_init_lc_time_1                  0x08000143   Thumb Code     0  libinit2.o(.ARM.Collect$$libinit$$00000019)
    __rt_lib_init_rand_1                     0x08000143   Thumb Code     0  libinit2.o(.ARM.Collect$$libinit$$0000000E)
    __rt_lib_init_return                     0x08000143   Thumb Code     0  libinit2.o(.ARM.Collect$$libinit$$00000033)
    __rt_lib_init_signal_1                   0x08000143   Thumb Code     0  libinit2.o(.ARM.Collect$$libinit$$0000001D)
    __rt_lib_init_stdio_1                    0x08000143   Thumb Code     0  libinit2.o(.ARM.Collect$$libinit$$00000025)
    __rt_lib_init_user_alloc_1               0x08000143   Thumb Code     0  libinit2.o(.ARM.Collect$$libinit$$0000000C)
    __rt_lib_shutdown                        0x08000145   Thumb Code     0  libshutdown.o(.ARM.Collect$$libshutdown$$00000000)
    __rt_lib_shutdown_cpp_1                  0x08000147   Thumb Code     0  libshutdown2.o(.ARM.Collect$$libshutdown$$00000004)
    __rt_lib_shutdown_fini_1                 0x08000147   Thumb Code     0  libshutdown2.o(.ARM.Collect$$libshutdown$$00000002)
    __rt_lib_shutdown_fp_trap_1              0x08000147   Thumb Code     0  libshutdown2.o(.ARM.Collect$$libshutdown$$00000009)
    __rt_lib_shutdown_heap_1                 0x08000147   Thumb Code     0  libshutdown2.o(.ARM.Collect$$libshutdown$$00000011)
    __rt_lib_shutdown_return                 0x08000147   Thumb Code     0  libshutdown2.o(.ARM.Collect$$libshutdown$$00000012)
    __rt_lib_shutdown_signal_1               0x08000147   Thumb Code     0  libshutdown2.o(.ARM.Collect$$libshutdown$$0000000C)
    __rt_lib_shutdown_stdio_1                0x08000147   Thumb Code     0  libshutdown2.o(.ARM.Collect$$libshutdown$$00000006)
    __rt_lib_shutdown_user_alloc_1           0x08000147   Thumb Code     0  libshutdown2.o(.ARM.Collect$$libshutdown$$0000000E)
    __rt_entry                               0x08000149   Thumb Code     0  __rtentry.o(.ARM.Collect$$rtentry$$00000000)
    __rt_entry_presh_1                       0x08000149   Thumb Code     0  __rtentry2.o(.ARM.Collect$$rtentry$$00000002)
    __rt_entry_sh                            0x08000149   Thumb Code     0  __rtentry4.o(.ARM.Collect$$rtentry$$00000004)
    __rt_entry_li                            0x0800014f   Thumb Code     0  __rtentry2.o(.ARM.Collect$$rtentry$$0000000A)
    __rt_entry_postsh_1                      0x0800014f   Thumb Code     0  __rtentry2.o(.ARM.Collect$$rtentry$$00000009)
    __rt_entry_main                          0x08000153   Thumb Code     0  __rtentry2.o(.ARM.Collect$$rtentry$$0000000D)
    __rt_entry_postli_1                      0x08000153   Thumb Code     0  __rtentry2.o(.ARM.Collect$$rtentry$$0000000C)
    __rt_exit                                0x0800015b   Thumb Code     0  rtexit.o(.ARM.Collect$$rtexit$$00000000)
    __rt_exit_ls                             0x0800015d   Thumb Code     0  rtexit2.o(.ARM.Collect$$rtexit$$00000003)
    __rt_exit_prels_1                        0x0800015d   Thumb Code     0  rtexit2.o(.ARM.Collect$$rtexit$$00000002)
    __rt_exit_exit                           0x08000161   Thumb Code     0  rtexit2.o(.ARM.Collect$$rtexit$$00000004)
    __aeabi_memcpy4                          0x08000169   Thumb Code    56  rt_memcpy.o(.emb_text)
    __aeabi_memcpy8                          0x08000169   Thumb Code     0  rt_memcpy.o(.emb_text)
    Reset_Handler                            0x080001a1   Thumb Code     8  startup_stm32g0b1xx.o(.text)
    _maybe_terminate_alloc                   0x080001a1   Thumb Code     0  maybetermalloc1.o(.emb_text)
    ADC1_COMP_IRQHandler                     0x080001b3   Thumb Code     0  startup_stm32g0b1xx.o(.text)
    CEC_IRQHandler                           0x080001b3   Thumb Code     0  startup_stm32g0b1xx.o(.text)
    DMA1_Ch4_7_DMA2_Ch1_5_DMAMUX1_OVR_IRQHandler 0x080001b3   Thumb Code     0  startup_stm32g0b1xx.o(.text)
    DMA1_Channel1_IRQHandler                 0x080001b3   Thumb Code     0  startup_stm32g0b1xx.o(.text)
    DMA1_Channel2_3_IRQHandler               0x080001b3   Thumb Code     0  startup_stm32g0b1xx.o(.text)
    EXTI0_1_IRQHandler                       0x080001b3   Thumb Code     0  startup_stm32g0b1xx.o(.text)
    EXTI2_3_IRQHandler                       0x080001b3   Thumb Code     0  startup_stm32g0b1xx.o(.text)
    EXTI4_15_IRQHandler                      0x080001b3   Thumb Code     0  startup_stm32g0b1xx.o(.text)
    FLASH_IRQHandler                         0x080001b3   Thumb Code     0  startup_stm32g0b1xx.o(.text)
    I2C1_IRQHandler                          0x080001b3   Thumb Code     0  startup_stm32g0b1xx.o(.text)
    I2C2_3_IRQHandler                        0x080001b3   Thumb Code     0  startup_stm32g0b1xx.o(.text)
    PVD_VDDIO2_IRQHandler                    0x080001b3   Thumb Code     0  startup_stm32g0b1xx.o(.text)
    RCC_CRS_IRQHandler                       0x080001b3   Thumb Code     0  startup_stm32g0b1xx.o(.text)
    RTC_TAMP_IRQHandler                      0x080001b3   Thumb Code     0  startup_stm32g0b1xx.o(.text)
    SPI1_IRQHandler                          0x080001b3   Thumb Code     0  startup_stm32g0b1xx.o(.text)
    SPI2_3_IRQHandler                        0x080001b3   Thumb Code     0  startup_stm32g0b1xx.o(.text)
    TIM14_IRQHandler                         0x080001b3   Thumb Code     0  startup_stm32g0b1xx.o(.text)
    TIM15_IRQHandler                         0x080001b3   Thumb Code     0  startup_stm32g0b1xx.o(.text)
    TIM16_FDCAN_IT0_IRQHandler               0x080001b3   Thumb Code     0  startup_stm32g0b1xx.o(.text)
    TIM17_FDCAN_IT1_IRQHandler               0x080001b3   Thumb Code     0  startup_stm32g0b1xx.o(.text)
    TIM1_BRK_UP_TRG_COM_IRQHandler           0x080001b3   Thumb Code     0  startup_stm32g0b1xx.o(.text)
    TIM1_CC_IRQHandler                       0x080001b3   Thumb Code     0  startup_stm32g0b1xx.o(.text)
    TIM2_IRQHandler                          0x080001b3   Thumb Code     0  startup_stm32g0b1xx.o(.text)
    TIM3_TIM4_IRQHandler                     0x080001b3   Thumb Code     0  startup_stm32g0b1xx.o(.text)
    TIM6_DAC_LPTIM1_IRQHandler               0x080001b3   Thumb Code     0  startup_stm32g0b1xx.o(.text)
    TIM7_LPTIM2_IRQHandler                   0x080001b3   Thumb Code     0  startup_stm32g0b1xx.o(.text)
    USART1_IRQHandler                        0x080001b3   Thumb Code     0  startup_stm32g0b1xx.o(.text)
    USART2_LPUART2_IRQHandler                0x080001b3   Thumb Code     0  startup_stm32g0b1xx.o(.text)
    USART3_4_5_6_LPUART1_IRQHandler          0x080001b3   Thumb Code     0  startup_stm32g0b1xx.o(.text)
    USB_UCPD1_2_IRQHandler                   0x080001b3   Thumb Code     0  startup_stm32g0b1xx.o(.text)
    WWDG_IRQHandler                          0x080001b3   Thumb Code     0  startup_stm32g0b1xx.o(.text)
    __user_initial_stackheap                 0x080001b5   Thumb Code     0  startup_stm32g0b1xx.o(.text)
    malloc                                   0x080001d9   Thumb Code    98  h1_alloc.o(.text)
    __aeabi_llsl                             0x0800023b   Thumb Code    32  llshl.o(.text)
    _ll_shift_l                              0x0800023b   Thumb Code     0  llshl.o(.text)
    __aeabi_memcpy                           0x0800025b   Thumb Code   130  rt_memcpy.o(.text)
    __rt_memcpy                              0x0800025b   Thumb Code     0  rt_memcpy.o(.text)
    _memset_w                                0x080002dd   Thumb Code    26  rt_memclr.o(.text)
    _memset                                  0x080002f7   Thumb Code    30  rt_memclr.o(.text)
    __aeabi_memclr                           0x08000315   Thumb Code     4  rt_memclr.o(.text)
    __rt_memclr                              0x08000315   Thumb Code     0  rt_memclr.o(.text)
    __aeabi_memclr4                          0x08000319   Thumb Code     0  rt_memclr.o(.text)
    __aeabi_memclr8                          0x08000319   Thumb Code     0  rt_memclr.o(.text)
    __rt_memclr_w                            0x08000319   Thumb Code     4  rt_memclr.o(.text)
    strcmp                                   0x0800031d   Thumb Code   132  strcmp.o(.text)
    __aeabi_uidiv                            0x080003a5   Thumb Code     0  aeabi_sdiv.o(.text)
    __aeabi_uidivmod                         0x080003a5   Thumb Code    20  aeabi_sdiv.o(.text)
    __aeabi_idiv                             0x080003b9   Thumb Code     0  aeabi_sdiv.o(.text)
    __aeabi_idivmod                          0x080003b9   Thumb Code   326  aeabi_sdiv.o(.text)
    __use_two_region_memory                  0x080004ff   Thumb Code     2  heapauxi.o(.text)
    __rt_heap_escrow                         0x08000501   Thumb Code     2  heapauxi.o(.text)
    __rt_heap_expand                         0x08000503   Thumb Code     2  heapauxi.o(.text)
    __rt_heap_descriptor                     0x08000505   Thumb Code     8  rt_heap_descriptor_intlibspace.o(.text)
    __use_no_heap                            0x0800050d   Thumb Code     2  hguard.o(.text)
    __heap$guard                             0x0800050f   Thumb Code     2  hguard.o(.text)
    _terminate_user_alloc                    0x08000511   Thumb Code     2  init_alloc.o(.text)
    _init_user_alloc                         0x08000513   Thumb Code     2  init_alloc.o(.text)
    __Heap_Full                              0x08000515   Thumb Code    32  init_alloc.o(.text)
    __Heap_Broken                            0x08000535   Thumb Code    10  init_alloc.o(.text)
    _init_alloc                              0x0800053f   Thumb Code    90  init_alloc.o(.text)
    __Heap_Initialize                        0x08000599   Thumb Code    10  h1_init.o(.text)
    __Heap_DescSize                          0x080005a3   Thumb Code     4  h1_init.o(.text)
    free                                     0x080005a7   Thumb Code    76  h1_free.o(.text)
    __user_libspace                          0x080005f5   Thumb Code     8  libspace.o(.text)
    __user_perproc_libspace                  0x080005f5   Thumb Code     0  libspace.o(.text)
    __user_perthread_libspace                0x080005f5   Thumb Code     0  libspace.o(.text)
    __Heap_ProvideMemory                     0x080005fd   Thumb Code    52  h1_extend.o(.text)
    __rt_SIGRTMEM                            0x08000631   Thumb Code    12  defsig_rtmem_outer.o(.text)
    __I$use$semihosting                      0x0800063d   Thumb Code     0  use_no_semi.o(.text)
    __use_no_semihosting_swi                 0x0800063d   Thumb Code     2  use_no_semi.o(.text)
    __semihosting_library_function           0x0800063f   Thumb Code     0  indicate_semi.o(.text)
    __user_setup_stackheap                   0x0800063f   Thumb Code    62  sys_stackheap_outer.o(.text)
    exit                                     0x0800067d   Thumb Code    16  exit.o(.text)
    __sig_exit                               0x0800068d   Thumb Code    12  defsig_exit.o(.text)
    __rt_SIGRTMEM_inner                      0x08000699   Thumb Code    22  defsig_rtmem_inner.o(.text)
    _sys_exit                                0x080006e9   Thumb Code     8  sys_exit.o(.text)
    __default_signal_display                 0x080006f5   Thumb Code    52  defsig_general.o(.text)
    _ttywrch                                 0x08000729   Thumb Code    12  sys_wrch.o(.text)
    CAN_DataDecode                           0x08000735   Thumb Code   106  comm_update_handle.o(i.CAN_DataDecode)
    ChipFlashDownload_Process                0x080007b1   Thumb Code   258  comm_update_handle.o(i.ChipFlashDownload_Process)
    Error_Handler                            0x080008c9   Thumb Code     4  main.o(i.Error_Handler)
    FLASH_PageErase                          0x080009c1   Thumb Code    36  stm32g0xx_hal_flash_ex.o(i.FLASH_PageErase)
    FLASH_WaitForLastOperation               0x08000a41   Thumb Code    82  stm32g0xx_hal_flash.o(i.FLASH_WaitForLastOperation)
    Flash_Read                               0x08000aa5   Thumb Code    34  stm32flash.o(i.Flash_Read)
    Flash_Write                              0x08000ac9   Thumb Code   280  stm32flash.o(i.Flash_Write)
    HAL_FDCAN_ActivateNotification           0x08000bf1   Thumb Code   246  stm32g0xx_hal_fdcan.o(i.HAL_FDCAN_ActivateNotification)
    HAL_FDCAN_AddMessageToTxFifoQ            0x08000ce7   Thumb Code    72  stm32g0xx_hal_fdcan.o(i.HAL_FDCAN_AddMessageToTxFifoQ)
    HAL_FDCAN_Init                           0x08000d31   Thumb Code   412  stm32g0xx_hal_fdcan.o(i.HAL_FDCAN_Init)
    HAL_FDCAN_MspInit                        0x08000ed5   Thumb Code   116  stm32g0xx_hal_msp.o(i.HAL_FDCAN_MspInit)
    HAL_FDCAN_Start                          0x08000f51   Thumb Code    44  stm32g0xx_hal_fdcan.o(i.HAL_FDCAN_Start)
    HAL_FLASHEx_Erase                        0x08000f7d   Thumb Code   124  stm32g0xx_hal_flash_ex.o(i.HAL_FLASHEx_Erase)
    HAL_FLASH_Lock                           0x08001001   Thumb Code    22  stm32g0xx_hal_flash.o(i.HAL_FLASH_Lock)
    HAL_FLASH_Program                        0x0800101d   Thumb Code    88  stm32g0xx_hal_flash.o(i.HAL_FLASH_Program)
    HAL_FLASH_Unlock                         0x0800107d   Thumb Code    28  stm32g0xx_hal_flash.o(i.HAL_FLASH_Unlock)
    HAL_GPIO_Init                            0x080010a5   Thumb Code   336  stm32g0xx_hal_gpio.o(i.HAL_GPIO_Init)
    HAL_GetTick                              0x08001209   Thumb Code     6  stm32g0xx_hal.o(i.HAL_GetTick)
    HAL_IncTick                              0x08001215   Thumb Code    12  stm32g0xx_hal.o(i.HAL_IncTick)
    HAL_Init                                 0x08001225   Thumb Code    36  stm32g0xx_hal.o(i.HAL_Init)
    HAL_InitTick                             0x0800124d   Thumb Code    64  stm32g0xx_hal.o(i.HAL_InitTick)
    HAL_MspInit                              0x08001295   Thumb Code    46  stm32g0xx_hal_msp.o(i.HAL_MspInit)
    HAL_NVIC_SetPriority                     0x080012c9   Thumb Code     8  stm32g0xx_hal_cortex.o(i.HAL_NVIC_SetPriority)
    HAL_NVIC_SystemReset                     0x080012d1   Thumb Code    18  stm32g0xx_hal_cortex.o(i.HAL_NVIC_SystemReset)
    HAL_PWREx_ControlVoltageScaling          0x080012ed   Thumb Code    62  stm32g0xx_hal_pwr_ex.o(i.HAL_PWREx_ControlVoltageScaling)
    HAL_RCCEx_PeriphCLKConfig                0x08001339   Thumb Code   618  stm32g0xx_hal_rcc_ex.o(i.HAL_RCCEx_PeriphCLKConfig)
    HAL_RCC_ClockConfig                      0x080015b9   Thumb Code   318  stm32g0xx_hal_rcc.o(i.HAL_RCC_ClockConfig)
    HAL_RCC_GetSysClockFreq                  0x08001711   Thumb Code   130  stm32g0xx_hal_rcc.o(i.HAL_RCC_GetSysClockFreq)
    HAL_RCC_OscConfig                        0x0800179d   Thumb Code  1078  stm32g0xx_hal_rcc.o(i.HAL_RCC_OscConfig)
    HAL_SYSCFG_StrobeDBattpinsConfig         0x08001bd5   Thumb Code    16  stm32g0xx_hal.o(i.HAL_SYSCFG_StrobeDBattpinsConfig)
    HAL_SYSTICK_Config                       0x08001be9   Thumb Code    38  stm32g0xx_hal_cortex.o(i.HAL_SYSTICK_Config)
    HAL_TIMEx_MasterConfigSynchronization    0x08001c19   Thumb Code   108  stm32g0xx_hal_tim_ex.o(i.HAL_TIMEx_MasterConfigSynchronization)
    HAL_TIM_Base_Init                        0x08001c95   Thumb Code    76  stm32g0xx_hal_tim.o(i.HAL_TIM_Base_Init)
    HAL_TIM_Base_MspInit                     0x08001ce1   Thumb Code    28  stm32g0xx_hal_msp.o(i.HAL_TIM_Base_MspInit)
    HAL_TIM_Base_Start_IT                    0x08001d05   Thumb Code    86  stm32g0xx_hal_tim.o(i.HAL_TIM_Base_Start_IT)
    HAL_TIM_ConfigClockSource                0x08001d71   Thumb Code   220  stm32g0xx_hal_tim.o(i.HAL_TIM_ConfigClockSource)
    HardFault_Handler                        0x08001e51   Thumb Code     2  stm32g0xx_it.o(i.HardFault_Handler)
    NMI_Handler                              0x08001f49   Thumb Code     2  stm32g0xx_it.o(i.NMI_Handler)
    PendSV_Handler                           0x08001f4b   Thumb Code     2  stm32g0xx_it.o(i.PendSV_Handler)
    SVC_Handler                              0x08001f4d   Thumb Code     2  stm32g0xx_it.o(i.SVC_Handler)
    SysTick_Handler                          0x08001f4f   Thumb Code     8  stm32g0xx_it.o(i.SysTick_Handler)
    SystemClock_Config                       0x08001f57   Thumb Code    90  main.o(i.SystemClock_Config)
    SystemInit                               0x08001fb1   Thumb Code     2  system_stm32g0xx.o(i.SystemInit)
    TIM_Base_SetConfig                       0x08001fb5   Thumb Code   138  stm32g0xx_hal_tim.o(i.TIM_Base_SetConfig)
    TIM_ETR_SetConfig                        0x0800205d   Thumb Code    22  stm32g0xx_hal_tim.o(i.TIM_ETR_SetConfig)
    __ARM_common_switch8                     0x080020d1   Thumb Code    26  stm32g0xx_hal_dma.o(i.__ARM_common_switch8)
    bms_UpdateChuck                          0x08002131   Thumb Code   278  comm_update_handle.o(i.bms_UpdateChuck)
    bms_get_update_status                    0x08002255   Thumb Code    26  comm_update_handle.o(i.bms_get_update_status)
    bms_update_apply                         0x08002279   Thumb Code    68  comm_update_handle.o(i.bms_update_apply)
    bms_update_start                         0x080022c5   Thumb Code    38  comm_update_handle.o(i.bms_update_start)
    can_circulbuf_init                       0x080022f9   Thumb Code    24  can_circularbuf.o(i.can_circulbuf_init)
    can_is_empty                             0x08002319   Thumb Code    20  can_circularbuf.o(i.can_is_empty)
    can_take_data                            0x0800232d   Thumb Code    62  can_circularbuf.o(i.can_take_data)
    can_tx                                   0x0800236d   Thumb Code    64  can.o(i.can_tx)
    crc32_compute                            0x080023b5   Thumb Code    52  sys.o(i.crc32_compute)
    main                                     0x080023ed   Thumb Code    44  main.o(i.main)
    AHBPrescTable                            0x0800242c   Data          64  system_stm32g0xx.o(.constdata)
    Region$$Table$$Base                      0x0800246c   Number         0  anon$$obj.o(Region$$Table)
    Region$$Table$$Limit                     0x0800248c   Number         0  anon$$obj.o(Region$$Table)
    uwTickFreq                               0x20000000   Data           1  stm32g0xx_hal.o(.data)
    uwTickPrio                               0x20000004   Data           4  stm32g0xx_hal.o(.data)
    uwTick                                   0x20000008   Data           4  stm32g0xx_hal.o(.data)
    SystemCoreClock                          0x2000000c   Data           4  system_stm32g0xx.o(.data)
    gt_STDID_can1_circul_buf                 0x20000010   Data           8  can_circularbuf.o(.data)
    binString1                               0x2000001c   Data           9  comm_update_handle.o(.data)
    binString2                               0x20000025   Data           9  comm_update_handle.o(.data)
    binString3                               0x2000002e   Data           9  comm_update_handle.o(.data)
    hfdcan1                                  0x20000038   Data         100  main.o(.bss)
    htim3                                    0x2000009c   Data          76  main.o(.bss)
    pFlash                                   0x200000e8   Data          28  stm32g0xx_hal_flash.o(.bss)
    gt_comm_update_handle                    0x20000104   Data         292  comm_update_handle.o(.bss)
    FDCAN_TxHeader                           0x20000228   Data          36  can.o(.bss)
    FDCAN_RxHeader                           0x2000024c   Data          40  can.o(.bss)
    gt_can_param                             0x20000274   Data          20  can.o(.bss)
    EraseInitStruct                          0x20000288   Data          16  stm32flash.o(.bss)
    __libspace_start                         0x20000298   Data          96  libspace.o(.bss)
    __temporary_stack_top$libspace           0x200002f8   Data           0  libspace.o(.bss)



==============================================================================

Memory Map of the image

  Image Entry point : 0x080000bd

  Load Region LR_IROM1 (Base: 0x08000000, Size: 0x000024c4, Max: 0x00040000, ABSOLUTE)

    Execution Region ER_IROM1 (Exec base: 0x08000000, Load base: 0x08000000, Size: 0x0000248c, Max: 0x00040000, ABSOLUTE)

    Exec Addr    Load Addr    Size         Type   Attr      Idx    E Section Name        Object

    0x08000000   0x08000000   0x000000bc   Data   RO            3    RESET               startup_stm32g0b1xx.o
    0x080000bc   0x080000bc   0x00000008   Code   RO         3438  * !!!main             c_p.l(__main.o)
    0x080000c4   0x080000c4   0x0000003c   Code   RO         3659    !!!scatter          c_p.l(__scatter.o)
    0x08000100   0x08000100   0x0000001a   Code   RO         3661    !!handler_copy      c_p.l(__scatter_copy.o)
    0x0800011a   0x0800011a   0x00000002   PAD
    0x0800011c   0x0800011c   0x0000001c   Code   RO         3663    !!handler_zi        c_p.l(__scatter_zi.o)
    0x08000138   0x08000138   0x00000002   Code   RO         3595    .ARM.Collect$$libinit$$00000000  c_p.l(libinit.o)
    0x0800013a   0x0800013a   0x00000000   Code   RO         3481    .ARM.Collect$$libinit$$00000002  c_p.l(libinit2.o)
    0x0800013a   0x0800013a   0x00000000   Code   RO         3483    .ARM.Collect$$libinit$$00000004  c_p.l(libinit2.o)
    0x0800013a   0x0800013a   0x00000008   Code   RO         3484    .ARM.Collect$$libinit$$00000005  c_p.l(libinit2.o)
    0x08000142   0x08000142   0x00000000   Code   RO         3486    .ARM.Collect$$libinit$$0000000A  c_p.l(libinit2.o)
    0x08000142   0x08000142   0x00000000   Code   RO         3488    .ARM.Collect$$libinit$$0000000C  c_p.l(libinit2.o)
    0x08000142   0x08000142   0x00000000   Code   RO         3490    .ARM.Collect$$libinit$$0000000E  c_p.l(libinit2.o)
    0x08000142   0x08000142   0x00000000   Code   RO         3493    .ARM.Collect$$libinit$$00000011  c_p.l(libinit2.o)
    0x08000142   0x08000142   0x00000000   Code   RO         3495    .ARM.Collect$$libinit$$00000013  c_p.l(libinit2.o)
    0x08000142   0x08000142   0x00000000   Code   RO         3497    .ARM.Collect$$libinit$$00000015  c_p.l(libinit2.o)
    0x08000142   0x08000142   0x00000000   Code   RO         3499    .ARM.Collect$$libinit$$00000017  c_p.l(libinit2.o)
    0x08000142   0x08000142   0x00000000   Code   RO         3501    .ARM.Collect$$libinit$$00000019  c_p.l(libinit2.o)
    0x08000142   0x08000142   0x00000000   Code   RO         3503    .ARM.Collect$$libinit$$0000001B  c_p.l(libinit2.o)
    0x08000142   0x08000142   0x00000000   Code   RO         3505    .ARM.Collect$$libinit$$0000001D  c_p.l(libinit2.o)
    0x08000142   0x08000142   0x00000000   Code   RO         3507    .ARM.Collect$$libinit$$0000001F  c_p.l(libinit2.o)
    0x08000142   0x08000142   0x00000000   Code   RO         3509    .ARM.Collect$$libinit$$00000021  c_p.l(libinit2.o)
    0x08000142   0x08000142   0x00000000   Code   RO         3511    .ARM.Collect$$libinit$$00000023  c_p.l(libinit2.o)
    0x08000142   0x08000142   0x00000000   Code   RO         3513    .ARM.Collect$$libinit$$00000025  c_p.l(libinit2.o)
    0x08000142   0x08000142   0x00000000   Code   RO         3517    .ARM.Collect$$libinit$$0000002C  c_p.l(libinit2.o)
    0x08000142   0x08000142   0x00000000   Code   RO         3519    .ARM.Collect$$libinit$$0000002E  c_p.l(libinit2.o)
    0x08000142   0x08000142   0x00000000   Code   RO         3521    .ARM.Collect$$libinit$$00000030  c_p.l(libinit2.o)
    0x08000142   0x08000142   0x00000000   Code   RO         3523    .ARM.Collect$$libinit$$00000032  c_p.l(libinit2.o)
    0x08000142   0x08000142   0x00000002   Code   RO         3524    .ARM.Collect$$libinit$$00000033  c_p.l(libinit2.o)
    0x08000144   0x08000144   0x00000002   Code   RO         3656    .ARM.Collect$$libshutdown$$00000000  c_p.l(libshutdown.o)
    0x08000146   0x08000146   0x00000000   Code   RO         3612    .ARM.Collect$$libshutdown$$00000002  c_p.l(libshutdown2.o)
    0x08000146   0x08000146   0x00000000   Code   RO         3614    .ARM.Collect$$libshutdown$$00000004  c_p.l(libshutdown2.o)
    0x08000146   0x08000146   0x00000000   Code   RO         3616    .ARM.Collect$$libshutdown$$00000006  c_p.l(libshutdown2.o)
    0x08000146   0x08000146   0x00000000   Code   RO         3619    .ARM.Collect$$libshutdown$$00000009  c_p.l(libshutdown2.o)
    0x08000146   0x08000146   0x00000000   Code   RO         3622    .ARM.Collect$$libshutdown$$0000000C  c_p.l(libshutdown2.o)
    0x08000146   0x08000146   0x00000000   Code   RO         3624    .ARM.Collect$$libshutdown$$0000000E  c_p.l(libshutdown2.o)
    0x08000146   0x08000146   0x00000000   Code   RO         3627    .ARM.Collect$$libshutdown$$00000011  c_p.l(libshutdown2.o)
    0x08000146   0x08000146   0x00000002   Code   RO         3628    .ARM.Collect$$libshutdown$$00000012  c_p.l(libshutdown2.o)
    0x08000148   0x08000148   0x00000000   Code   RO         3442    .ARM.Collect$$rtentry$$00000000  c_p.l(__rtentry.o)
    0x08000148   0x08000148   0x00000000   Code   RO         3531    .ARM.Collect$$rtentry$$00000002  c_p.l(__rtentry2.o)
    0x08000148   0x08000148   0x00000006   Code   RO         3543    .ARM.Collect$$rtentry$$00000004  c_p.l(__rtentry4.o)
    0x0800014e   0x0800014e   0x00000000   Code   RO         3533    .ARM.Collect$$rtentry$$00000009  c_p.l(__rtentry2.o)
    0x0800014e   0x0800014e   0x00000004   Code   RO         3534    .ARM.Collect$$rtentry$$0000000A  c_p.l(__rtentry2.o)
    0x08000152   0x08000152   0x00000000   Code   RO         3536    .ARM.Collect$$rtentry$$0000000C  c_p.l(__rtentry2.o)
    0x08000152   0x08000152   0x00000008   Code   RO         3537    .ARM.Collect$$rtentry$$0000000D  c_p.l(__rtentry2.o)
    0x0800015a   0x0800015a   0x00000002   Code   RO         3599    .ARM.Collect$$rtexit$$00000000  c_p.l(rtexit.o)
    0x0800015c   0x0800015c   0x00000000   Code   RO         3632    .ARM.Collect$$rtexit$$00000002  c_p.l(rtexit2.o)
    0x0800015c   0x0800015c   0x00000004   Code   RO         3633    .ARM.Collect$$rtexit$$00000003  c_p.l(rtexit2.o)
    0x08000160   0x08000160   0x00000006   Code   RO         3634    .ARM.Collect$$rtexit$$00000004  c_p.l(rtexit2.o)
    0x08000166   0x08000166   0x00000002   PAD
    0x08000168   0x08000168   0x00000038   Code   RO         3424    .emb_text           c_p.l(rt_memcpy.o)
    0x080001a0   0x080001a0   0x00000000   Code   RO         3549    .emb_text           c_p.l(maybetermalloc1.o)
    0x080001a0   0x080001a0   0x00000038   Code   RO            4    .text               startup_stm32g0b1xx.o
    0x080001d8   0x080001d8   0x00000062   Code   RO         3368    .text               c_p.l(h1_alloc.o)
    0x0800023a   0x0800023a   0x00000020   Code   RO         3422    .text               c_p.l(llshl.o)
    0x0800025a   0x0800025a   0x00000082   Code   RO         3425    .text               c_p.l(rt_memcpy.o)
    0x080002dc   0x080002dc   0x00000040   Code   RO         3428    .text               c_p.l(rt_memclr.o)
    0x0800031c   0x0800031c   0x00000088   Code   RO         3430    .text               c_p.l(strcmp.o)
    0x080003a4   0x080003a4   0x0000015a   Code   RO         3432    .text               c_p.l(aeabi_sdiv.o)
    0x080004fe   0x080004fe   0x00000006   Code   RO         3436    .text               c_p.l(heapauxi.o)
    0x08000504   0x08000504   0x00000008   Code   RO         3450    .text               c_p.l(rt_heap_descriptor_intlibspace.o)
    0x0800050c   0x0800050c   0x00000004   Code   RO         3452    .text               c_p.l(hguard.o)
    0x08000510   0x08000510   0x00000088   Code   RO         3454    .text               c_p.l(init_alloc.o)
    0x08000598   0x08000598   0x0000000e   Code   RO         3460    .text               c_p.l(h1_init.o)
    0x080005a6   0x080005a6   0x0000004c   Code   RO         3462    .text               c_p.l(h1_free.o)
    0x080005f2   0x080005f2   0x00000002   PAD
    0x080005f4   0x080005f4   0x00000008   Code   RO         3527    .text               c_p.l(libspace.o)
    0x080005fc   0x080005fc   0x00000034   Code   RO         3551    .text               c_p.l(h1_extend.o)
    0x08000630   0x08000630   0x0000000c   Code   RO         3555    .text               c_p.l(defsig_rtmem_outer.o)
    0x0800063c   0x0800063c   0x00000002   Code   RO         3566    .text               c_p.l(use_no_semi.o)
    0x0800063e   0x0800063e   0x00000000   Code   RO         3568    .text               c_p.l(indicate_semi.o)
    0x0800063e   0x0800063e   0x0000003e   Code   RO         3569    .text               c_p.l(sys_stackheap_outer.o)
    0x0800067c   0x0800067c   0x00000010   Code   RO         3576    .text               c_p.l(exit.o)
    0x0800068c   0x0800068c   0x0000000c   Code   RO         3578    .text               c_p.l(defsig_exit.o)
    0x08000698   0x08000698   0x00000050   Code   RO         3584    .text               c_p.l(defsig_rtmem_inner.o)
    0x080006e8   0x080006e8   0x0000000c   Code   RO         3596    .text               c_p.l(sys_exit.o)
    0x080006f4   0x080006f4   0x00000034   Code   RO         3607    .text               c_p.l(defsig_general.o)
    0x08000728   0x08000728   0x0000000c   Code   RO         3629    .text               c_p.l(sys_wrch.o)
    0x08000734   0x08000734   0x0000007c   Code   RO         3173    i.CAN_DataDecode    comm_update_handle.o
    0x080007b0   0x080007b0   0x00000118   Code   RO         3174    i.ChipFlashDownload_Process  comm_update_handle.o
    0x080008c8   0x080008c8   0x00000004   Code   RO           12    i.Error_Handler     main.o
    0x080008cc   0x080008cc   0x00000074   Code   RO          268    i.FDCAN_CalcultateRamBlockAddresses  stm32g0xx_hal_fdcan.o
    0x08000940   0x08000940   0x0000006c   Code   RO          269    i.FDCAN_CopyMessageToRAM  stm32g0xx_hal_fdcan.o
    0x080009ac   0x080009ac   0x00000014   Code   RO          974    i.FLASH_MassErase   stm32g0xx_hal_flash_ex.o
    0x080009c0   0x080009c0   0x00000030   Code   RO          984    i.FLASH_PageErase   stm32g0xx_hal_flash_ex.o
    0x080009f0   0x080009f0   0x0000001c   Code   RO          868    i.FLASH_Program_DoubleWord  stm32g0xx_hal_flash.o
    0x08000a0c   0x08000a0c   0x00000034   Code   RO          869    i.FLASH_Program_Fast  stm32g0xx_hal_flash.o
    0x08000a40   0x08000a40   0x00000064   Code   RO          870    i.FLASH_WaitForLastOperation  stm32g0xx_hal_flash.o
    0x08000aa4   0x08000aa4   0x00000022   Code   RO         3280    i.Flash_Read        stm32flash.o
    0x08000ac6   0x08000ac6   0x00000002   PAD
    0x08000ac8   0x08000ac8   0x00000128   Code   RO         3281    i.Flash_Write       stm32flash.o
    0x08000bf0   0x08000bf0   0x000000f6   Code   RO          271    i.HAL_FDCAN_ActivateNotification  stm32g0xx_hal_fdcan.o
    0x08000ce6   0x08000ce6   0x00000048   Code   RO          272    i.HAL_FDCAN_AddMessageToTxFifoQ  stm32g0xx_hal_fdcan.o
    0x08000d2e   0x08000d2e   0x00000002   PAD
    0x08000d30   0x08000d30   0x000001a4   Code   RO          313    i.HAL_FDCAN_Init    stm32g0xx_hal_fdcan.o
    0x08000ed4   0x08000ed4   0x0000007c   Code   RO          225    i.HAL_FDCAN_MspInit  stm32g0xx_hal_msp.o
    0x08000f50   0x08000f50   0x0000002c   Code   RO          322    i.HAL_FDCAN_Start   stm32g0xx_hal_fdcan.o
    0x08000f7c   0x08000f7c   0x00000084   Code   RO          988    i.HAL_FLASHEx_Erase  stm32g0xx_hal_flash_ex.o
    0x08001000   0x08001000   0x0000001c   Code   RO          874    i.HAL_FLASH_Lock    stm32g0xx_hal_flash.o
    0x0800101c   0x0800101c   0x00000060   Code   RO          879    i.HAL_FLASH_Program  stm32g0xx_hal_flash.o
    0x0800107c   0x0800107c   0x00000028   Code   RO          881    i.HAL_FLASH_Unlock  stm32g0xx_hal_flash.o
    0x080010a4   0x080010a4   0x00000164   Code   RO         1107    i.HAL_GPIO_Init     stm32g0xx_hal_gpio.o
    0x08001208   0x08001208   0x0000000c   Code   RO         1746    i.HAL_GetTick       stm32g0xx_hal.o
    0x08001214   0x08001214   0x00000010   Code   RO         1752    i.HAL_IncTick       stm32g0xx_hal.o
    0x08001224   0x08001224   0x00000028   Code   RO         1753    i.HAL_Init          stm32g0xx_hal.o
    0x0800124c   0x0800124c   0x00000048   Code   RO         1754    i.HAL_InitTick      stm32g0xx_hal.o
    0x08001294   0x08001294   0x00000034   Code   RO          226    i.HAL_MspInit       stm32g0xx_hal_msp.o
    0x080012c8   0x080012c8   0x00000008   Code   RO         1634    i.HAL_NVIC_SetPriority  stm32g0xx_hal_cortex.o
    0x080012d0   0x080012d0   0x0000001c   Code   RO         1635    i.HAL_NVIC_SystemReset  stm32g0xx_hal_cortex.o
    0x080012ec   0x080012ec   0x0000004c   Code   RO         1409    i.HAL_PWREx_ControlVoltageScaling  stm32g0xx_hal_pwr_ex.o
    0x08001338   0x08001338   0x00000280   Code   RO          780    i.HAL_RCCEx_PeriphCLKConfig  stm32g0xx_hal_rcc_ex.o
    0x080015b8   0x080015b8   0x00000158   Code   RO          655    i.HAL_RCC_ClockConfig  stm32g0xx_hal_rcc.o
    0x08001710   0x08001710   0x0000008c   Code   RO          665    i.HAL_RCC_GetSysClockFreq  stm32g0xx_hal_rcc.o
    0x0800179c   0x0800179c   0x00000436   Code   RO          669    i.HAL_RCC_OscConfig  stm32g0xx_hal_rcc.o
    0x08001bd2   0x08001bd2   0x00000002   PAD
    0x08001bd4   0x08001bd4   0x00000014   Code   RO         1766    i.HAL_SYSCFG_StrobeDBattpinsConfig  stm32g0xx_hal.o
    0x08001be8   0x08001be8   0x00000030   Code   RO         1638    i.HAL_SYSTICK_Config  stm32g0xx_hal_cortex.o
    0x08001c18   0x08001c18   0x0000007c   Code   RO         2770    i.HAL_TIMEx_MasterConfigSynchronization  stm32g0xx_hal_tim_ex.o
    0x08001c94   0x08001c94   0x0000004c   Code   RO         2037    i.HAL_TIM_Base_Init  stm32g0xx_hal_tim.o
    0x08001ce0   0x08001ce0   0x00000024   Code   RO          228    i.HAL_TIM_Base_MspInit  stm32g0xx_hal_msp.o
    0x08001d04   0x08001d04   0x0000006c   Code   RO         2042    i.HAL_TIM_Base_Start_IT  stm32g0xx_hal_tim.o
    0x08001d70   0x08001d70   0x000000e0   Code   RO         2046    i.HAL_TIM_ConfigClockSource  stm32g0xx_hal_tim.o
    0x08001e50   0x08001e50   0x00000002   Code   RO          180    i.HardFault_Handler  stm32g0xx_it.o
    0x08001e52   0x08001e52   0x00000002   PAD
    0x08001e54   0x08001e54   0x0000007c   Code   RO           13    i.MX_FDCAN1_Init    main.o
    0x08001ed0   0x08001ed0   0x00000078   Code   RO           14    i.MX_TIM3_Init      main.o
    0x08001f48   0x08001f48   0x00000002   Code   RO          181    i.NMI_Handler       stm32g0xx_it.o
    0x08001f4a   0x08001f4a   0x00000002   Code   RO          182    i.PendSV_Handler    stm32g0xx_it.o
    0x08001f4c   0x08001f4c   0x00000002   Code   RO          183    i.SVC_Handler       stm32g0xx_it.o
    0x08001f4e   0x08001f4e   0x00000008   Code   RO          184    i.SysTick_Handler   stm32g0xx_it.o
    0x08001f56   0x08001f56   0x0000005a   Code   RO           15    i.SystemClock_Config  main.o
    0x08001fb0   0x08001fb0   0x00000002   Code   RO         3047    i.SystemInit        system_stm32g0xx.o
    0x08001fb2   0x08001fb2   0x00000002   PAD
    0x08001fb4   0x08001fb4   0x000000a8   Code   RO         2130    i.TIM_Base_SetConfig  stm32g0xx_hal_tim.o
    0x0800205c   0x0800205c   0x00000016   Code   RO         2141    i.TIM_ETR_SetConfig  stm32g0xx_hal_tim.o
    0x08002072   0x08002072   0x00000002   PAD
    0x08002074   0x08002074   0x00000014   Code   RO         2142    i.TIM_ITRx_SetConfig  stm32g0xx_hal_tim.o
    0x08002088   0x08002088   0x00000022   Code   RO         2150    i.TIM_TI1_ConfigInputStage  stm32g0xx_hal_tim.o
    0x080020aa   0x080020aa   0x00000026   Code   RO         2152    i.TIM_TI2_ConfigInputStage  stm32g0xx_hal_tim.o
    0x080020d0   0x080020d0   0x0000001a   Code   RO         1267    i.__ARM_common_switch8  stm32g0xx_hal_dma.o
    0x080020ea   0x080020ea   0x00000002   PAD
    0x080020ec   0x080020ec   0x00000044   Code   RO         1640    i.__NVIC_SetPriority  stm32g0xx_hal_cortex.o
    0x08002130   0x08002130   0x00000124   Code   RO         3175    i.bms_UpdateChuck   comm_update_handle.o
    0x08002254   0x08002254   0x00000024   Code   RO         3176    i.bms_get_update_status  comm_update_handle.o
    0x08002278   0x08002278   0x0000004c   Code   RO         3178    i.bms_update_apply  comm_update_handle.o
    0x080022c4   0x080022c4   0x00000034   Code   RO         3179    i.bms_update_start  comm_update_handle.o
    0x080022f8   0x080022f8   0x00000020   Code   RO         3080    i.can_circulbuf_init  can_circularbuf.o
    0x08002318   0x08002318   0x00000014   Code   RO         3081    i.can_is_empty      can_circularbuf.o
    0x0800232c   0x0800232c   0x0000003e   Code   RO         3086    i.can_take_data     can_circularbuf.o
    0x0800236a   0x0800236a   0x00000002   PAD
    0x0800236c   0x0800236c   0x00000048   Code   RO         3245    i.can_tx            can.o
    0x080023b4   0x080023b4   0x00000038   Code   RO         3147    i.crc32_compute     sys.o
    0x080023ec   0x080023ec   0x00000030   Code   RO           16    i.main              main.o
    0x0800241c   0x0800241c   0x00000010   Data   RO          330    .constdata          stm32g0xx_hal_fdcan.o
    0x0800242c   0x0800242c   0x00000040   Data   RO         3048    .constdata          system_stm32g0xx.o
    0x0800246c   0x0800246c   0x00000020   Data   RO         3657    Region$$Table       anon$$obj.o


    Execution Region RW_IRAM1 (Exec base: 0x20000000, Load base: 0x0800248c, Size: 0x000015f8, Max: 0x00024000, ABSOLUTE)

    Exec Addr    Load Addr    Size         Type   Attr      Idx    E Section Name        Object

    0x20000000   0x0800248c   0x0000000c   Data   RW         1772    .data               stm32g0xx_hal.o
    0x2000000c   0x08002498   0x00000004   Data   RW         3050    .data               system_stm32g0xx.o
    0x20000010   0x0800249c   0x00000008   Data   RW         3087    .data               can_circularbuf.o
    0x20000018   0x080024a4   0x0000001f   Data   RW         3181    .data               comm_update_handle.o
    0x20000037   0x080024c3   0x00000001   PAD
    0x20000038        -       0x000000b0   Zero   RW           17    .bss                main.o
    0x200000e8        -       0x0000001c   Zero   RW          882    .bss                stm32g0xx_hal_flash.o
    0x20000104        -       0x00000124   Zero   RW         3180    .bss                comm_update_handle.o
    0x20000228        -       0x00000060   Zero   RW         3246    .bss                can.o
    0x20000288        -       0x00000010   Zero   RW         3282    .bss                stm32flash.o
    0x20000298        -       0x00000060   Zero   RW         3528    .bss                c_p.l(libspace.o)
    0x200002f8        -       0x00000f00   Zero   RW            2    HEAP                startup_stm32g0b1xx.o
    0x200011f8        -       0x00000400   Zero   RW            1    STACK               startup_stm32g0b1xx.o


==============================================================================

Image component sizes


      Code (inc. data)   RO Data    RW Data    ZI Data      Debug   Object Name

        72          8          0          0         96       1572   can.o
       114          8          0          8          0       3143   can_circularbuf.o
       860         94          0         31        292       6821   comm_update_handle.o
       386         28          0          0        176     591325   main.o
        56         26        188          0       4864        640   startup_stm32g0b1xx.o
       330         16          0          0         16       2665   stm32flash.o
       160         26          0         12          0      21576   stm32g0xx_hal.o
       152         28          0          0          0      12035   stm32g0xx_hal_cortex.o
        26          0          0          0          0         72   stm32g0xx_hal_dma.o
      1006         26         16          0          0       7864   stm32g0xx_hal_fdcan.o
       344         54          0          0         28      21794   stm32g0xx_hal_flash.o
       200         24          0          0          0       4002   stm32g0xx_hal_flash_ex.o
       356         20          0          0          0       1340   stm32g0xx_hal_gpio.o
       212         22          0          0          0       2149   stm32g0xx_hal_msp.o
        76         14          0          0          0        742   stm32g0xx_hal_pwr_ex.o
      1562         72          0          0          0       4642   stm32g0xx_hal_rcc.o
       640         22          0          0          0       1884   stm32g0xx_hal_rcc_ex.o
       690         60          0          0          0       6655   stm32g0xx_hal_tim.o
       124         16          0          0          0       1436   stm32g0xx_hal_tim_ex.o
        16          0          0          0          0       2147   stm32g0xx_it.o
        56          4          0          0          0       1032   sys.o
         2          0         64          4          0       1123   system_stm32g0xx.o

    ----------------------------------------------------------------------
      7456        568        300         56       5472     696659   Object Totals
         0          0         32          0          0          0   (incl. Generated)
        16          0          0          1          0          0   (incl. Padding)

    ----------------------------------------------------------------------

      Code (inc. data)   RO Data    RW Data    ZI Data      Debug   Library Member Name

         8          0          0          0          0         68   __main.o
         0          0          0          0          0          0   __rtentry.o
        12          0          0          0          0          0   __rtentry2.o
         6          0          0          0          0          0   __rtentry4.o
        60          8          0          0          0          0   __scatter.o
        26          0          0          0          0          0   __scatter_copy.o
        28          0          0          0          0          0   __scatter_zi.o
       346          0          0          0          0         92   aeabi_sdiv.o
        12          0          0          0          0         68   defsig_exit.o
        52          0          0          0          0         72   defsig_general.o
        80         58          0          0          0         68   defsig_rtmem_inner.o
        12          0          0          0          0         68   defsig_rtmem_outer.o
        16          0          0          0          0         68   exit.o
        98          0          0          0          0         72   h1_alloc.o
        52          0          0          0          0         68   h1_extend.o
        76          0          0          0          0         72   h1_free.o
        14          0          0          0          0         76   h1_init.o
         6          0          0          0          0        136   heapauxi.o
         4          0          0          0          0        120   hguard.o
         0          0          0          0          0          0   indicate_semi.o
       136          0          0          0          0        160   init_alloc.o
         2          0          0          0          0          0   libinit.o
        10          0          0          0          0          0   libinit2.o
         2          0          0          0          0          0   libshutdown.o
         2          0          0          0          0          0   libshutdown2.o
         8          4          0          0         96         68   libspace.o
        32          0          0          0          0         68   llshl.o
         0          0          0          0          0          0   maybetermalloc1.o
         8          4          0          0          0         68   rt_heap_descriptor_intlibspace.o
        64          0          0          0          0        108   rt_memclr.o
       186          0          0          0          0        144   rt_memcpy.o
         2          0          0          0          0          0   rtexit.o
        10          0          0          0          0          0   rtexit2.o
       136          4          0          0          0         72   strcmp.o
        12          4          0          0          0         60   sys_exit.o
        62          0          0          0          0         80   sys_stackheap_outer.o
        12          0          0          0          0         68   sys_wrch.o
         2          0          0          0          0         68   use_no_semi.o

    ----------------------------------------------------------------------
      1600         82          0          0         96       2012   Library Totals
         6          0          0          0          0          0   (incl. Padding)

    ----------------------------------------------------------------------

      Code (inc. data)   RO Data    RW Data    ZI Data      Debug   Library Name

      1594         82          0          0         96       2012   c_p.l

    ----------------------------------------------------------------------
      1600         82          0          0         96       2012   Library Totals

    ----------------------------------------------------------------------

==============================================================================


      Code (inc. data)   RO Data    RW Data    ZI Data      Debug   

      9056        650        300         56       5568     694903   Grand Totals
      9056        650        300         56       5568     694903   ELF Image Totals
      9056        650        300         56          0          0   ROM Totals

==============================================================================

    Total RO  Size (Code + RO Data)                 9356 (   9.14kB)
    Total RW  Size (RW Data + ZI Data)              5624 (   5.49kB)
    Total ROM Size (Code + RO Data + RW Data)       9412 (   9.19kB)

==============================================================================

