Component: ARM Compiler 5.06 update 7 (build 960) Tool: armlink [4d3601]

==============================================================================

Section Cross References

    startup_stm32g0b1xx.o(STACK) refers (Special) to heapauxi.o(.text) for __use_two_region_memory
    startup_stm32g0b1xx.o(HEAP) refers (Special) to heapauxi.o(.text) for __use_two_region_memory
    startup_stm32g0b1xx.o(RESET) refers (Special) to heapauxi.o(.text) for __use_two_region_memory
    startup_stm32g0b1xx.o(RESET) refers to startup_stm32g0b1xx.o(STACK) for __initial_sp
    startup_stm32g0b1xx.o(RESET) refers to startup_stm32g0b1xx.o(.text) for Reset_Handler
    startup_stm32g0b1xx.o(RESET) refers to stm32g0xx_it.o(i.NMI_Handler) for NMI_Handler
    startup_stm32g0b1xx.o(RESET) refers to stm32g0xx_it.o(i.HardFault_Handler) for HardFault_Handler
    startup_stm32g0b1xx.o(RESET) refers to stm32g0xx_it.o(i.SVC_Handler) for SVC_Handler
    startup_stm32g0b1xx.o(RESET) refers to stm32g0xx_it.o(i.PendSV_Handler) for PendSV_Handler
    startup_stm32g0b1xx.o(RESET) refers to stm32g0xx_it.o(i.SysTick_Handler) for SysTick_Handler
    startup_stm32g0b1xx.o(RESET) refers to stm32g0xx_it.o(i.TIM16_FDCAN_IT0_IRQHandler) for TIM16_FDCAN_IT0_IRQHandler
    startup_stm32g0b1xx.o(RESET) refers to stm32g0xx_it.o(i.TIM17_FDCAN_IT1_IRQHandler) for TIM17_FDCAN_IT1_IRQHandler
    startup_stm32g0b1xx.o(.text) refers (Special) to heapauxi.o(.text) for __use_two_region_memory
    startup_stm32g0b1xx.o(.text) refers to system_stm32g0xx.o(i.SystemInit) for SystemInit
    startup_stm32g0b1xx.o(.text) refers to __main.o(!!!main) for __main
    startup_stm32g0b1xx.o(.text) refers to startup_stm32g0b1xx.o(HEAP) for Heap_Mem
    startup_stm32g0b1xx.o(.text) refers to startup_stm32g0b1xx.o(STACK) for Stack_Mem
    main.o(i.BootFlagState_Write) refers to stm32flash.o(i.Flash_Write) for Flash_Write
    main.o(i.MX_FDCAN1_Init) refers to stm32g0xx_hal_fdcan.o(i.HAL_FDCAN_Init) for HAL_FDCAN_Init
    main.o(i.MX_FDCAN1_Init) refers to main.o(i.Error_Handler) for Error_Handler
    main.o(i.MX_FDCAN1_Init) refers to stm32g0xx_hal_fdcan.o(i.HAL_FDCAN_ActivateNotification) for HAL_FDCAN_ActivateNotification
    main.o(i.MX_FDCAN1_Init) refers to stm32g0xx_hal_fdcan.o(i.HAL_FDCAN_Start) for HAL_FDCAN_Start
    main.o(i.MX_FDCAN1_Init) refers to can_circularbuf.o(i.can_circulbuf_init) for can_circulbuf_init
    main.o(i.MX_FDCAN1_Init) refers to main.o(.bss) for .bss
    main.o(i.MX_GPIO_Init) refers to rt_memclr.o(.text) for __aeabi_memclr4
    main.o(i.MX_GPIO_Init) refers to stm32g0xx_hal_gpio.o(i.HAL_GPIO_WritePin) for HAL_GPIO_WritePin
    main.o(i.MX_GPIO_Init) refers to stm32g0xx_hal_gpio.o(i.HAL_GPIO_Init) for HAL_GPIO_Init
    main.o(i.MX_TIM3_Init) refers to stm32g0xx_hal_tim.o(i.HAL_TIM_Base_Init) for HAL_TIM_Base_Init
    main.o(i.MX_TIM3_Init) refers to main.o(i.Error_Handler) for Error_Handler
    main.o(i.MX_TIM3_Init) refers to stm32g0xx_hal_tim.o(i.HAL_TIM_ConfigClockSource) for HAL_TIM_ConfigClockSource
    main.o(i.MX_TIM3_Init) refers to stm32g0xx_hal_tim_ex.o(i.HAL_TIMEx_MasterConfigSynchronization) for HAL_TIMEx_MasterConfigSynchronization
    main.o(i.MX_TIM3_Init) refers to main.o(.bss) for .bss
    main.o(i.SystemClock_Config) refers to rt_memclr.o(.text) for __aeabi_memclr4
    main.o(i.SystemClock_Config) refers to stm32g0xx_hal_pwr_ex.o(i.HAL_PWREx_ControlVoltageScaling) for HAL_PWREx_ControlVoltageScaling
    main.o(i.SystemClock_Config) refers to stm32g0xx_hal_rcc.o(i.HAL_RCC_OscConfig) for HAL_RCC_OscConfig
    main.o(i.SystemClock_Config) refers to main.o(i.Error_Handler) for Error_Handler
    main.o(i.SystemClock_Config) refers to stm32g0xx_hal_rcc.o(i.HAL_RCC_ClockConfig) for HAL_RCC_ClockConfig
    main.o(i.main) refers to stm32g0xx_hal.o(i.HAL_Init) for HAL_Init
    main.o(i.main) refers to main.o(i.SystemClock_Config) for SystemClock_Config
    main.o(i.main) refers to main.o(i.MX_GPIO_Init) for MX_GPIO_Init
    main.o(i.main) refers to main.o(i.MX_FDCAN1_Init) for MX_FDCAN1_Init
    main.o(i.main) refers to main.o(i.MX_TIM3_Init) for MX_TIM3_Init
    main.o(i.main) refers to comm_update_handle.o(i.CAN_DataDecode) for CAN_DataDecode
    stm32g0xx_it.o(i.SysTick_Handler) refers to stm32g0xx_hal.o(i.HAL_IncTick) for HAL_IncTick
    stm32g0xx_it.o(i.TIM16_FDCAN_IT0_IRQHandler) refers to stm32g0xx_hal_fdcan.o(i.HAL_FDCAN_IRQHandler) for HAL_FDCAN_IRQHandler
    stm32g0xx_it.o(i.TIM16_FDCAN_IT0_IRQHandler) refers to main.o(.bss) for hfdcan1
    stm32g0xx_it.o(i.TIM17_FDCAN_IT1_IRQHandler) refers to stm32g0xx_hal_fdcan.o(i.HAL_FDCAN_IRQHandler) for HAL_FDCAN_IRQHandler
    stm32g0xx_it.o(i.TIM17_FDCAN_IT1_IRQHandler) refers to main.o(.bss) for hfdcan1
    stm32g0xx_hal_msp.o(i.HAL_FDCAN_MspDeInit) refers to stm32g0xx_hal_gpio.o(i.HAL_GPIO_DeInit) for HAL_GPIO_DeInit
    stm32g0xx_hal_msp.o(i.HAL_FDCAN_MspDeInit) refers to stm32g0xx_hal_cortex.o(i.HAL_NVIC_DisableIRQ) for HAL_NVIC_DisableIRQ
[...]
    Removing segger_rtt.o(.constdata), (17 bytes).
    Removing segger_rtt.o(.data), (17 bytes).
    Removing segger_rtt_printf.o(i.SEGGER_RTT_printf), (24 bytes).
    Removing segger_rtt_printf.o(i.SEGGER_RTT_vprintf), (414 bytes).
    Removing segger_rtt_printf.o(i._PrintInt), (230 bytes).
    Removing segger_rtt_printf.o(i._PrintUnsigned), (232 bytes).
    Removing segger_rtt_printf.o(i._StoreChar), (62 bytes).
    Removing segger_rtt_printf.o(.constdata), (16 bytes).
    Removing comm_update_handle.o(.rev16_text), (4 bytes).
    Removing comm_update_handle.o(.revsh_text), (4 bytes).
    Removing comm_update_handle.o(i.bms_update_acked_chuck), (2 bytes).
    Removing flash_update_handle.o(.rev16_text), (4 bytes).
    Removing flash_update_handle.o(.revsh_text), (4 bytes).

496 unused section(s) (total 37224 bytes) removed from the image.

==============================================================================

Image Symbol Table

    Local Symbols

    Symbol Name                              Value     Ov Type        Size  Object(Section)

    ../Core/Src/main.c                       0x00000000   Number         0  main.o ABSOLUTE
    ../Core/Src/stm32g0xx_hal_msp.c          0x00000000   Number         0  stm32g0xx_hal_msp.o ABSOLUTE
    ../Core/Src/stm32g0xx_it.c               0x00000000   Number         0  stm32g0xx_it.o ABSOLUTE
    ../Core/Src/system_stm32g0xx.c           0x00000000   Number         0  system_stm32g0xx.o ABSOLUTE
    ../Drivers/STM32G0xx_HAL_Driver/Src/stm32g0xx_hal.c 0x00000000   Number         0  stm32g0xx_hal.o ABSOLUTE
    ../Drivers/STM32G0xx_HAL_Driver/Src/stm32g0xx_hal_cortex.c 0x00000000   Number         0  stm32g0xx_hal_cortex.o ABSOLUTE
    ../Drivers/STM32G0xx_HAL_Driver/Src/stm32g0xx_hal_dma.c 0x00000000   Number         0  stm32g0xx_hal_dma.o ABSOLUTE
    ../Drivers/STM32G0xx_HAL_Driver/Src/stm32g0xx_hal_dma_ex.c 0x00000000   Number         0  stm32g0xx_hal_dma_ex.o ABSOLUTE
    ../Drivers/STM32G0xx_HAL_Driver/Src/stm32g0xx_hal_exti.c 0x00000000   Number         0  stm32g0xx_hal_exti.o ABSOLUTE
    ../Drivers/STM32G0xx_HAL_Driver/Src/stm32g0xx_hal_fdcan.c 0x00000000   Number         0  stm32g0xx_hal_fdcan.o ABSOLUTE
    ../Drivers/STM32G0xx_HAL_Driver/Src/stm32g0xx_hal_flash.c 0x00000000   Number         0  stm32g0xx_hal_flash.o ABSOLUTE
    ../Drivers/STM32G0xx_HAL_Driver/Src/stm32g0xx_hal_flash_ex.c 0x00000000   Number         0  stm32g0xx_hal_flash_ex.o ABSOLUTE
    ../Drivers/STM32G0xx_HAL_Driver/Src/stm32g0xx_hal_gpio.c 0x00000000   Number         0  stm32g0xx_hal_gpio.o ABSOLUTE
    ../Drivers/STM32G0xx_HAL_Driver/Src/stm32g0xx_hal_pwr.c 0x00000000   Number         0  stm32g0xx_hal_pwr.o ABSOLUTE
    ../Drivers/STM32G0xx_HAL_Driver/Src/stm32g0xx_hal_pwr_ex.c 0x00000000   Number         0  stm32g0xx_hal_pwr_ex.o ABSOLUTE
    ../Drivers/STM32G0xx_HAL_Driver/Src/stm32g0xx_hal_rcc.c 0x00000000   Number         0  stm32g0xx_hal_rcc.o ABSOLUTE
    ../Drivers/STM32G0xx_HAL_Driver/Src/stm32g0xx_hal_rcc_ex.c 0x00000000   Number         0  stm32g0xx_hal_rcc_ex.o ABSOLUTE
    ../Drivers/STM32G0xx_HAL_Driver/Src/stm32g0xx_hal_tim.c 0x00000000   Number         0  stm32g0xx_hal_tim.o ABSOLUTE
    ../Drivers/STM32G0xx_HAL_Driver/Src/stm32g0xx_hal_tim_ex.c 0x00000000   Number         0  stm32g0xx_hal_tim_ex.o ABSOLUTE
    ../Drivers/STM32G0xx_HAL_Driver/Src/stm32g0xx_ll_dma.c 0x00000000   Number         0  stm32g0xx_ll_dma.o ABSOLUTE
    ../Drivers/STM32G0xx_HAL_Driver/Src/stm32g0xx_ll_rcc.c 0x00000000   Number         0  stm32g0xx_ll_rcc.o ABSOLUTE
    ../clib/angel/boardlib.s                 0x00000000   Number         0  boardshut.o ABSOLUTE
    ../clib/angel/boardlib.s                 0x00000000   Number         0  boardinit3.o ABSOLUTE
    ../clib/angel/boardlib.s                 0x00000000   Number         0  boardinit2.o ABSOLUTE
    ../clib/angel/boardlib.s                 0x00000000   Number         0  boardinit1.o ABSOLUTE
    ../clib/angel/handlers.s                 0x00000000   Number         0  __scatter_zi.o ABSOLUTE
    ../clib/angel/handlers.s                 0x00000000   Number         0  __scatter_copy.o ABSOLUTE
    ../clib/angel/kernel.s                   0x00000000   Number         0  __rtentry4.o ABSOLUTE
    ../clib/angel/kernel.s                   0x00000000   Number         0  __rtentry2.o ABSOLUTE
    ../clib/angel/kernel.s                   0x00000000   Number         0  __rtentry.o ABSOLUTE
    ../clib/angel/kernel.s                   0x00000000   Number         0  rtexit2.o ABSOLUTE
    ../clib/angel/kernel.s                   0x00000000   Number         0  rtexit.o ABSOLUTE
    ../clib/angel/rt.s                       0x00000000   Number         0  aeabi_idiv0_sigfpe.o ABSOLUTE
    ../clib/angel/rt.s                       0x00000000   Number         0  rt_raise.o ABSOLUTE
    ../clib/angel/rt.s                       0x00000000   Number         0  rt_heap_descriptor_intlibspace.o ABSOLUTE
    ../clib/angel/rt.s                       0x00000000   Number         0  aeabi_idiv0.o ABSOLUTE
    ../clib/angel/rt.s                       0x00000000   Number         0  rt_div0.o ABSOLUTE
    ../clib/angel/rt.s                       0x00000000   Number         0  rt_heap_descriptor.o ABSOLUTE
    ../clib/angel/scatterp.s                 0x00000000   Number         0  __scatter.o ABSOLUTE
    ../clib/angel/startup.s                  0x00000000   Number         0  __main.o ABSOLUTE
    ../clib/angel/sys.s                      0x00000000   Number         0  libspace.o ABSOLUTE
    ../clib/angel/sys.s                      0x00000000   Number         0  mutex_dummy.o ABSOLUTE
    ../clib/angel/sys.s                      0x00000000   Number         0  sys_stackheap_outer.o ABSOLUTE
    ../clib/angel/sys.s                      0x00000000   Number         0  indicate_semi.o ABSOLUTE
    ../clib/angel/sys.s                      0x00000000   Number         0  use_no_semi.o ABSOLUTE
    ../clib/angel/sys.s                      0x00000000   Number         0  tempstk.o ABSOLUTE
    ../clib/angel/sysapp.c                   0x00000000   Number         0  sys_exit.o ABSOLUTE
    ../clib/angel/sysapp.c                   0x00000000   Number         0  sys_command.o ABSOLUTE
    ../clib/angel/sysapp.c                   0x00000000   Number         0  sys_wrch.o ABSOLUTE
    ../clib/armsys.c                         0x00000000   Number         0  argv_veneer.o ABSOLUTE
    ../clib/armsys.c                         0x00000000   Number         0  _get_argv.o ABSOLUTE
    ../clib/armsys.c                         0x00000000   Number         0  no_argv.o ABSOLUTE
    ../clib/armsys.c                         0x00000000   Number         0  _get_argv_nomalloc.o ABSOLUTE
    ../clib/division.s                       0x00000000   Number         0  aeabi_sdiv_div0.o ABSOLUTE
    ../clib/division.s                       0x00000000   Number         0  aeabi_sdiv.o ABSOLUTE
    ../clib/heap1.c                          0x00000000   Number         0  h1_alloc.o ABSOLUTE
    ../clib/heap1.c                          0x00000000   Number         0  h1_free_mt.o ABSOLUTE
    ../clib/heap1.c                          0x00000000   Number         0  h1_alloc_mt.o ABSOLUTE
    ../clib/heap1.c                          0x00000000   Number         0  h1_extend_mt.o ABSOLUTE
    ../clib/heap1.c                          0x00000000   Number         0  h1_final_mt.o ABSOLUTE
    ../clib/heap1.c                          0x00000000   Number         0  h1_init_mt.o ABSOLUTE
    ../clib/heap1.c                          0x00000000   Number         0  h1_final.o ABSOLUTE
    ../clib/heap1.c                          0x00000000   Number         0  h1_free.o ABSOLUTE
    ../clib/heap1.c                          0x00000000   Number         0  h1_extend.o ABSOLUTE
    ../clib/heap1.c                          0x00000000   Number         0  h1_init.o ABSOLUTE
    ../clib/heap2.c                          0x00000000   Number         0  fdtree.o ABSOLUTE
    ../clib/heap2.c                          0x00000000   Number         0  heap2mt.o ABSOLUTE
    ../clib/heap2.c                          0x00000000   Number         0  heap2.o ABSOLUTE
    ../clib/heapalloc.c                      0x00000000   Number         0  term_alloc.o ABSOLUTE
    ../clib/heapalloc.c                      0x00000000   Number         0  malloc.o ABSOLUTE
    ../clib/heapalloc.c                      0x00000000   Number         0  hguard.o ABSOLUTE
    ../clib/heapalloc.c                      0x00000000   Number         0  init_alloc.o ABSOLUTE
    ../clib/heapalloc.c                      0x00000000   Number         0  heapstubs.o ABSOLUTE
    ../clib/heapalloc.c                      0x00000000   Number         0  free.o ABSOLUTE
    ../clib/heapalloc.c                      0x00000000   Number         0  maybetermalloc2.o ABSOLUTE
    ../clib/heapalloc.c                      0x00000000   Number         0  maybetermalloc2.o ABSOLUTE
    ../clib/heapalloc.c                      0x00000000   Number         0  maybetermalloc1.o ABSOLUTE
    ../clib/heapalloc.c                      0x00000000   Number         0  maybetermalloc1.o ABSOLUTE
    ../clib/heapalloc.c                      0x00000000   Number         0  hrguard.o ABSOLUTE
    ../clib/heapaux.c                        0x00000000   Number         0  heapauxi.o ABSOLUTE
    ../clib/heapaux.c                        0x00000000   Number         0  heapauxa.o ABSOLUTE
    ../clib/libinit.s                        0x00000000   Number         0  libinit2.o ABSOLUTE
    ../clib/libinit.s                        0x00000000   Number         0  libshutdown.o ABSOLUTE
    ../clib/libinit.s                        0x00000000   Number         0  libshutdown2.o ABSOLUTE
    ../clib/libinit.s                        0x00000000   Number         0  libinit.o ABSOLUTE
    ../clib/longlong.c                       0x00000000   Number         0  llshl.o ABSOLUTE
    ../clib/memcpset.c                       0x00000000   Number         0  rt_memclr.o ABSOLUTE
    ../clib/memcpset.c                       0x00000000   Number         0  rt_memcpy.o ABSOLUTE
    ../clib/memcpset.c                       0x00000000   Number         0  rt_memcpy.o ABSOLUTE
    ../clib/signal.c                         0x00000000   Number         0  defsig_segv_inner.o ABSOLUTE
    ../clib/signal.c                         0x00000000   Number         0  defsig_cppl_inner.o ABSOLUTE
    ../clib/signal.c                         0x00000000   Number         0  defsig_other.o ABSOLUTE
    ../clib/signal.c                         0x00000000   Number         0  defsig_fpe_inner.o ABSOLUTE
    ../clib/signal.c                         0x00000000   Number         0  defsig_general.o ABSOLUTE
    ../clib/signal.c                         0x00000000   Number         0  __raise.o ABSOLUTE
    ../clib/signal.c                         0x00000000   Number         0  defsig_rtmem_inner.o ABSOLUTE
    ../clib/signal.c                         0x00000000   Number         0  defsig_fpe_formal.o ABSOLUTE
    ../clib/signal.c                         0x00000000   Number         0  defsig_fpe_outer.o ABSOLUTE
    ../clib/signal.c                         0x00000000   Number         0  defsig_exit.o ABSOLUTE
    ../clib/signal.c                         0x00000000   Number         0  defsig_rtmem_outer.o ABSOLUTE
    ../clib/signal.c                         0x00000000   Number         0  defsig_rtmem_formal.o ABSOLUTE
    ../clib/signal.c                         0x00000000   Number         0  defsig_abrt_inner.o ABSOLUTE
    ../clib/signal.c                         0x00000000   Number         0  defsig_rtred_inner.o ABSOLUTE
    ../clib/signal.c                         0x00000000   Number         0  defsig_stak_inner.o ABSOLUTE
    ../clib/signal.c                         0x00000000   Number         0  defsig_pvfn_inner.o ABSOLUTE
    ../clib/signal.s                         0x00000000   Number         0  defsig.o ABSOLUTE
    ../clib/stdlib.c                         0x00000000   Number         0  exit.o ABSOLUTE
    ../clib/string.c                         0x00000000   Number         0  strcmp.o ABSOLUTE
    ../clib/string.c                         0x00000000   Number         0  strlen.o ABSOLUTE
    ../fplib/cfplib/fpinit.c                 0x00000000   Number         0  fpinit.o ABSOLUTE
    ..\Core\Src\main.c                       0x00000000   Number         0  main.o ABSOLUTE
    ..\Core\Src\stm32g0xx_hal_msp.c          0x00000000   Number         0  stm32g0xx_hal_msp.o ABSOLUTE
    ..\Core\Src\stm32g0xx_it.c               0x00000000   Number         0  stm32g0xx_it.o ABSOLUTE
    ..\Core\Src\system_stm32g0xx.c           0x00000000   Number         0  system_stm32g0xx.o ABSOLUTE
    ..\Drivers\STM32G0xx_HAL_Driver\Src\stm32g0xx_hal.c 0x00000000   Number         0  stm32g0xx_hal.o ABSOLUTE
    ..\Drivers\STM32G0xx_HAL_Driver\Src\stm32g0xx_hal_cortex.c 0x00000000   Number         0  stm32g0xx_hal_cortex.o ABSOLUTE
    ..\Drivers\STM32G0xx_HAL_Driver\Src\stm32g0xx_hal_dma.c 0x00000000   Number         0  stm32g0xx_hal_dma.o ABSOLUTE
    ..\Drivers\STM32G0xx_HAL_Driver\Src\stm32g0xx_hal_dma_ex.c 0x00000000   Number         0  stm32g0xx_hal_dma_ex.o ABSOLUTE
    ..\Drivers\STM32G0xx_HAL_Driver\Src\stm32g0xx_hal_exti.c 0x00000000   Number         0  stm32g0xx_hal_exti.o ABSOLUTE
    ..\Drivers\STM32G0xx_HAL_Driver\Src\stm32g0xx_hal_fdcan.c 0x00000000   Number         0  stm32g0xx_hal_fdcan.o ABSOLUTE
    ..\Drivers\STM32G0xx_HAL_Driver\Src\stm32g0xx_hal_flash.c 0x00000000   Number         0  stm32g0xx_hal_flash.o ABSOLUTE
    ..\Drivers\STM32G0xx_HAL_Driver\Src\stm32g0xx_hal_flash_ex.c 0x00000000   Number         0  stm32g0xx_hal_flash_ex.o ABSOLUTE
    ..\Drivers\STM32G0xx_HAL_Driver\Src\stm32g0xx_hal_gpio.c 0x00000000   Number         0  stm32g0xx_hal_gpio.o ABSOLUTE
    ..\Drivers\STM32G0xx_HAL_Driver\Src\stm32g0xx_hal_pwr.c 0x00000000   Number         0  stm32g0xx_hal_pwr.o ABSOLUTE
    ..\Drivers\STM32G0xx_HAL_Driver\Src\stm32g0xx_hal_pwr_ex.c 0x00000000   Number         0  stm32g0xx_hal_pwr_ex.o ABSOLUTE
    ..\Drivers\STM32G0xx_HAL_Driver\Src\stm32g0xx_hal_rcc.c 0x00000000   Number         0  stm32g0xx_hal_rcc.o ABSOLUTE
    ..\Drivers\STM32G0xx_HAL_Driver\Src\stm32g0xx_hal_rcc_ex.c 0x00000000   Number         0  stm32g0xx_hal_rcc_ex.o ABSOLUTE
    ..\Drivers\STM32G0xx_HAL_Driver\Src\stm32g0xx_hal_tim.c 0x00000000   Number         0  stm32g0xx_hal_tim.o ABSOLUTE
    ..\Drivers\STM32G0xx_HAL_Driver\Src\stm32g0xx_hal_tim_ex.c 0x00000000   Number         0  stm32g0xx_hal_tim_ex.o ABSOLUTE
    ..\User\Comm_Update\comm_update_handle.c 0x00000000   Number         0  comm_update_handle.o ABSOLUTE
    ..\User\Comm_Update\flash_update_handle.c 0x00000000   Number         0  flash_update_handle.o ABSOLUTE
    ..\User\Drv\can.c                        0x00000000   Number         0  can.o ABSOLUTE
    ..\User\Drv\stm32flash.c                 0x00000000   Number         0  stm32flash.o ABSOLUTE
    ..\User\Drv\timer.c                      0x00000000   Number         0  timer.o ABSOLUTE
    ..\User\Middle\CAN_CircularBuf.c         0x00000000   Number         0  can_circularbuf.o ABSOLUTE
    ..\User\Middle\sys.c                     0x00000000   Number         0  sys.o ABSOLUTE
    ..\User\RTT\SEGGER_RTT.c                 0x00000000   Number         0  segger_rtt.o ABSOLUTE
    ..\User\RTT\SEGGER_RTT_printf.c          0x00000000   Number         0  segger_rtt_printf.o ABSOLUTE
    ..\\User\\Comm_Update\\comm_update_handle.c 0x00000000   Number         0  comm_update_handle.o ABSOLUTE
    ..\\User\\Comm_Update\\flash_update_handle.c 0x00000000   Number         0  flash_update_handle.o ABSOLUTE
    ..\\User\\Drv\\can.c                     0x00000000   Number         0  can.o ABSOLUTE
    ..\\User\\Drv\\stm32flash.c              0x00000000   Number         0  stm32flash.o ABSOLUTE
    ..\\User\\Drv\\timer.c                   0x00000000   Number         0  timer.o ABSOLUTE
    ..\\User\\Middle\\CAN_CircularBuf.c      0x00000000   Number         0  can_circularbuf.o ABSOLUTE
    ..\\User\\Middle\\sys.c                  0x00000000   Number         0  sys.o ABSOLUTE
    dc.s                                     0x00000000   Number         0  dc.o ABSOLUTE
    startup_stm32g0b1xx.s                    0x00000000   Number         0  startup_stm32g0b1xx.o ABSOLUTE
    RESET                                    0x08009000   Section      188  startup_stm32g0b1xx.o(RESET)
    !!!main                                  0x080090bc   Section        8  __main.o(!!!main)
    !!!scatter                               0x080090c4   Section       60  __scatter.o(!!!scatter)
    !!handler_copy                           0x08009100   Section       26  __scatter_copy.o(!!handler_copy)
    !!handler_zi                             0x0800911c   Section       28  __scatter_zi.o(!!handler_zi)
    .ARM.Collect$$libinit$$00000000          0x08009138   Section        2  libinit.o(.ARM.Collect$$libinit$$00000000)
    .ARM.Collect$$libinit$$00000002          0x0800913a   Section        0  libinit2.o(.ARM.Collect$$libinit$$00000002)
    .ARM.Collect$$libinit$$00000004          0x0800913a   Section        0  libinit2.o(.ARM.Collect$$libinit$$00000004)
    .ARM.Collect$$libinit$$00000005          0x0800913a   Section        8  libinit2.o(.ARM.Collect$$libinit$$00000005)
    .ARM.Collect$$libinit$$0000000A          0x08009142   Section        0  libinit2.o(.ARM.Collect$$libinit$$0000000A)
    .ARM.Collect$$libinit$$0000000C          0x08009142   Section        0  libinit2.o(.ARM.Collect$$libinit$$0000000C)
    .ARM.Collect$$libinit$$0000000E          0x08009142   Section        0  libinit2.o(.ARM.Collect$$libinit$$0000000E)
    .ARM.Collect$$libinit$$00000011          0x08009142   Section        0  libinit2.o(.ARM.Collect$$libinit$$00000011)
    .ARM.Collect$$libinit$$00000013          0x08009142   Section        0  libinit2.o(.ARM.Collect$$libinit$$00000013)
    .ARM.Collect$$libinit$$00000015          0x08009142   Section        0  libinit2.o(.ARM.Collect$$libinit$$00000015)
    .ARM.Collect$$libinit$$00000017          0x08009142   Section        0  libinit2.o(.ARM.Collect$$libinit$$00000017)
    .ARM.Collect$$libinit$$00000019          0x08009142   Section        0  libinit2.o(.ARM.Collect$$libinit$$00000019)
    .ARM.Collect$$libinit$$0000001B          0x08009142   Section        0  libinit2.o(.ARM.Collect$$libinit$$0000001B)
    .ARM.Collect$$libinit$$0000001D          0x08009142   Section        0  libinit2.o(.ARM.Collect$$libinit$$0000001D)
    .ARM.Collect$$libinit$$0000001F          0x08009142   Section        0  libinit2.o(.ARM.Collect$$libinit$$0000001F)
    .ARM.Collect$$libinit$$00000021          0x08009142   Section        0  libinit2.o(.ARM.Collect$$libinit$$00000021)
    .ARM.Collect$$libinit$$00000023          0x08009142   Section        0  libinit2.o(.ARM.Collect$$libinit$$00000023)
    .ARM.Collect$$libinit$$00000025          0x08009142   Section        0  libinit2.o(.ARM.Collect$$libinit$$00000025)
    .ARM.Collect$$libinit$$0000002C          0x08009142   Section        0  libinit2.o(.ARM.Collect$$libinit$$0000002C)
    .ARM.Collect$$libinit$$0000002E          0x08009142   Section        0  libinit2.o(.ARM.Collect$$libinit$$0000002E)
    .ARM.Collect$$libinit$$00000030          0x08009142   Section        0  libinit2.o(.ARM.Collect$$libinit$$00000030)
    .ARM.Collect$$libinit$$00000032          0x08009142   Section        0  libinit2.o(.ARM.Collect$$libinit$$00000032)
    .ARM.Collect$$libinit$$00000033          0x08009142   Section        2  libinit2.o(.ARM.Collect$$libinit$$00000033)
    .ARM.Collect$$libshutdown$$00000000      0x08009144   Section        2  libshutdown.o(.ARM.Collect$$libshutdown$$00000000)
    .ARM.Collect$$libshutdown$$00000002      0x08009146   Section        0  libshutdown2.o(.ARM.Collect$$libshutdown$$00000002)
    .ARM.Collect$$libshutdown$$00000004      0x08009146   Section        0  libshutdown2.o(.ARM.Collect$$libshutdown$$00000004)
    .ARM.Collect$$libshutdown$$00000006      0x08009146   Section        0  libshutdown2.o(.ARM.Collect$$libshutdown$$00000006)
    .ARM.Collect$$libshutdown$$00000009      0x08009146   Section        0  libshutdown2.o(.ARM.Collect$$libshutdown$$00000009)
    .ARM.Collect$$libshutdown$$0000000C      0x08009146   Section        0  libshutdown2.o(.ARM.Collect$$libshutdown$$0000000C)
    .ARM.Collect$$libshutdown$$0000000E      0x08009146   Section        0  libshutdown2.o(.ARM.Collect$$libshutdown$$0000000E)
    .ARM.Collect$$libshutdown$$00000011      0x08009146   Section        0  libshutdown2.o(.ARM.Collect$$libshutdown$$00000011)
    .ARM.Collect$$libshutdown$$00000012      0x08009146   Section        2  libshutdown2.o(.ARM.Collect$$libshutdown$$00000012)
    .ARM.Collect$$rtentry$$00000000          0x08009148   Section        0  __rtentry.o(.ARM.Collect$$rtentry$$00000000)
    .ARM.Collect$$rtentry$$00000002          0x08009148   Section        0  __rtentry2.o(.ARM.Collect$$rtentry$$00000002)
    .ARM.Collect$$rtentry$$00000004          0x08009148   Section        6  __rtentry4.o(.ARM.Collect$$rtentry$$00000004)
    .ARM.Collect$$rtentry$$00000009          0x0800914e   Section        0  __rtentry2.o(.ARM.Collect$$rtentry$$00000009)
    .ARM.Collect$$rtentry$$0000000A          0x0800914e   Section        4  __rtentry2.o(.ARM.Collect$$rtentry$$0000000A)
    .ARM.Collect$$rtentry$$0000000C          0x08009152   Section        0  __rtentry2.o(.ARM.Collect$$rtentry$$0000000C)
    .ARM.Collect$$rtentry$$0000000D          0x08009152   Section        8  __rtentry2.o(.ARM.Collect$$rtentry$$0000000D)
    .ARM.Collect$$rtexit$$00000000           0x0800915a   Section        2  rtexit.o(.ARM.Collect$$rtexit$$00000000)
    .ARM.Collect$$rtexit$$00000002           0x0800915c   Section        0  rtexit2.o(.ARM.Collect$$rtexit$$00000002)
    .ARM.Collect$$rtexit$$00000003           0x0800915c   Section        4  rtexit2.o(.ARM.Collect$$rtexit$$00000003)
    .ARM.Collect$$rtexit$$00000004           0x08009160   Section        6  rtexit2.o(.ARM.Collect$$rtexit$$00000004)
    .emb_text                                0x08009168   Section       56  rt_memcpy.o(.emb_text)
    .emb_text                                0x080091a0   Section        0  maybetermalloc1.o(.emb_text)
    .text                                    0x080091a0   Section       56  startup_stm32g0b1xx.o(.text)
    .text                                    0x080091d8   Section        0  h1_alloc.o(.text)
    .text                                    0x0800923a   Section        0  llshl.o(.text)
    .text                                    0x0800925a   Section        0  rt_memcpy.o(.text)
    .text                                    0x080092dc   Section        0  rt_memclr.o(.text)
    .text                                    0x0800931c   Section        0  strcmp.o(.text)
    .text                                    0x080093a4   Section      346  aeabi_sdiv.o(.text)
    .text                                    0x080094fe   Section        0  heapauxi.o(.text)
    .text                                    0x08009504   Section        8  rt_heap_descriptor_intlibspace.o(.text)
    .text                                    0x0800950c   Section        0  hguard.o(.text)
    .text                                    0x08009510   Section        0  init_alloc.o(.text)
    .text                                    0x08009598   Section        0  h1_init.o(.text)
    .text                                    0x080095a6   Section        0  h1_free.o(.text)
    .text                                    0x080095f4   Section        8  libspace.o(.text)
    .text                                    0x080095fc   Section        0  h1_extend.o(.text)
    .text                                    0x08009630   Section        0  defsig_rtmem_outer.o(.text)
    .text                                    0x0800963c   Section        2  use_no_semi.o(.text)
    .text                                    0x0800963e   Section        0  indicate_semi.o(.text)
    .text                                    0x0800963e   Section       62  sys_stackheap_outer.o(.text)
    .text                                    0x0800967c   Section        0  exit.o(.text)
    .text                                    0x0800968c   Section        0  defsig_exit.o(.text)
    .text                                    0x08009698   Section        0  defsig_rtmem_inner.o(.text)
    .text                                    0x080096e8   Section        0  sys_exit.o(.text)
    .text                                    0x080096f4   Section        0  defsig_general.o(.text)
    .text                                    0x08009728   Section        0  sys_wrch.o(.text)
    i.CAN_DataDecode                         0x08009734   Section        0  comm_update_handle.o(i.CAN_DataDecode)
    i.ChipFlashDownload_Process              0x080097b4   Section        0  flash_update_handle.o(i.ChipFlashDownload_Process)
    i.Error_Handler                          0x080098ec   Section        0  main.o(i.Error_Handler)
    i.FDCAN_CalcultateRamBlockAddresses      0x080098f0   Section        0  stm32g0xx_hal_fdcan.o(i.FDCAN_CalcultateRamBlockAddresses)
    FDCAN_CalcultateRamBlockAddresses        0x080098f1   Thumb Code   104  stm32g0xx_hal_fdcan.o(i.FDCAN_CalcultateRamBlockAddresses)
    i.FDCAN_CopyMessageToRAM                 0x08009964   Section        0  stm32g0xx_hal_fdcan.o(i.FDCAN_CopyMessageToRAM)
    FDCAN_CopyMessageToRAM                   0x08009965   Thumb Code   108  stm32g0xx_hal_fdcan.o(i.FDCAN_CopyMessageToRAM)
    i.FLASH_MassErase                        0x080099d4   Section        0  stm32g0xx_hal_flash_ex.o(i.FLASH_MassErase)
    FLASH_MassErase                          0x080099d5   Thumb Code    16  stm32g0xx_hal_flash_ex.o(i.FLASH_MassErase)
    i.FLASH_PageErase                        0x080099e8   Section        0  stm32g0xx_hal_flash_ex.o(i.FLASH_PageErase)
    i.FLASH_Program_DoubleWord               0x08009a18   Section        0  stm32g0xx_hal_flash.o(i.FLASH_Program_DoubleWord)
    FLASH_Program_DoubleWord                 0x08009a19   Thumb Code    22  stm32g0xx_hal_flash.o(i.FLASH_Program_DoubleWord)
    i.FLASH_Program_Fast                     0x08009a34   Section        0  stm32g0xx_hal_flash.o(i.FLASH_Program_Fast)
    FLASH_Program_Fast                       0x08009a35   Thumb Code    50  stm32g0xx_hal_flash.o(i.FLASH_Program_Fast)
    i.FLASH_WaitForLastOperation             0x08009a6c   Section        0  stm32g0xx_hal_flash.o(i.FLASH_WaitForLastOperation)
    i.Flash_Read                             0x08009ad4   Section        0  stm32flash.o(i.Flash_Read)
    i.Flash_Write                            0x08009af8   Section        0  stm32flash.o(i.Flash_Write)
    i.HAL_FDCAN_ActivateNotification         0x08009c34   Section        0  stm32g0xx_hal_fdcan.o(i.HAL_FDCAN_ActivateNotification)
    i.HAL_FDCAN_AddMessageToTxFifoQ          0x08009d2a   Section        0  stm32g0xx_hal_fdcan.o(i.HAL_FDCAN_AddMessageToTxFifoQ)
    i.HAL_FDCAN_ErrorCallback                0x08009d78   Section        0  stm32g0xx_hal_fdcan.o(i.HAL_FDCAN_ErrorCallback)
    i.HAL_FDCAN_ErrorStatusCallback          0x08009d7a   Section        0  stm32g0xx_hal_fdcan.o(i.HAL_FDCAN_ErrorStatusCallback)
    i.HAL_FDCAN_GetRxFifoFillLevel           0x08009d7c   Section        0  stm32g0xx_hal_fdcan.o(i.HAL_FDCAN_GetRxFifoFillLevel)
    i.HAL_FDCAN_GetRxMessage                 0x08009d94   Section        0  stm32g0xx_hal_fdcan.o(i.HAL_FDCAN_GetRxMessage)
    i.HAL_FDCAN_HighPriorityMessageCallback  0x08009e90   Section        0  stm32g0xx_hal_fdcan.o(i.HAL_FDCAN_HighPriorityMessageCallback)
    i.HAL_FDCAN_IRQHandler                   0x08009e92   Section        0  stm32g0xx_hal_fdcan.o(i.HAL_FDCAN_IRQHandler)
    i.HAL_FDCAN_Init                         0x0800a008   Section        0  stm32g0xx_hal_fdcan.o(i.HAL_FDCAN_Init)
    i.HAL_FDCAN_MspInit                      0x0800a1d0   Section        0  stm32g0xx_hal_msp.o(i.HAL_FDCAN_MspInit)
    i.HAL_FDCAN_RxFifo0Callback              0x0800a26c   Section        0  can.o(i.HAL_FDCAN_RxFifo0Callback)
    i.HAL_FDCAN_RxFifo1Callback              0x0800a2dc   Section        0  stm32g0xx_hal_fdcan.o(i.HAL_FDCAN_RxFifo1Callback)
    i.HAL_FDCAN_Start                        0x0800a2de   Section        0  stm32g0xx_hal_fdcan.o(i.HAL_FDCAN_Start)
    i.HAL_FDCAN_TimeoutOccurredCallback      0x0800a30a   Section        0  stm32g0xx_hal_fdcan.o(i.HAL_FDCAN_TimeoutOccurredCallback)
    i.HAL_FDCAN_TimestampWraparoundCallback  0x0800a30c   Section        0  stm32g0xx_hal_fdcan.o(i.HAL_FDCAN_TimestampWraparoundCallback)
    i.HAL_FDCAN_TxBufferAbortCallback        0x0800a30e   Section        0  stm32g0xx_hal_fdcan.o(i.HAL_FDCAN_TxBufferAbortCallback)
    i.HAL_FDCAN_TxBufferCompleteCallback     0x0800a310   Section        0  stm32g0xx_hal_fdcan.o(i.HAL_FDCAN_TxBufferCompleteCallback)
    i.HAL_FDCAN_TxEventFifoCallback          0x0800a312   Section        0  stm32g0xx_hal_fdcan.o(i.HAL_FDCAN_TxEventFifoCallback)
    i.HAL_FDCAN_TxFifoEmptyCallback          0x0800a314   Section        0  stm32g0xx_hal_fdcan.o(i.HAL_FDCAN_TxFifoEmptyCallback)
    i.HAL_FLASHEx_Erase                      0x0800a318   Section        0  stm32g0xx_hal_flash_ex.o(i.HAL_FLASHEx_Erase)
    i.HAL_FLASH_Lock                         0x0800a39c   Section        0  stm32g0xx_hal_flash.o(i.HAL_FLASH_Lock)
    i.HAL_FLASH_Program                      0x0800a3b8   Section        0  stm32g0xx_hal_flash.o(i.HAL_FLASH_Program)
    i.HAL_FLASH_Unlock                       0x0800a41c   Section        0  stm32g0xx_hal_flash.o(i.HAL_FLASH_Unlock)
    i.HAL_GPIO_Init                          0x0800a444   Section        0  stm32g0xx_hal_gpio.o(i.HAL_GPIO_Init)
    i.HAL_GPIO_WritePin                      0x0800a594   Section        0  stm32g0xx_hal_gpio.o(i.HAL_GPIO_WritePin)
    i.HAL_GetTick                            0x0800a5a0   Section        0  stm32g0xx_hal.o(i.HAL_GetTick)
    i.HAL_IncTick                            0x0800a5ac   Section        0  stm32g0xx_hal.o(i.HAL_IncTick)
    i.HAL_Init                               0x0800a5bc   Section        0  stm32g0xx_hal.o(i.HAL_Init)
    i.HAL_InitTick                           0x0800a5e4   Section        0  stm32g0xx_hal.o(i.HAL_InitTick)
    i.HAL_MspInit                            0x0800a634   Section        0  stm32g0xx_hal_msp.o(i.HAL_MspInit)
    i.HAL_NVIC_EnableIRQ                     0x0800a668   Section        0  stm32g0xx_hal_cortex.o(i.HAL_NVIC_EnableIRQ)
    i.HAL_NVIC_SetPriority                   0x0800a680   Section        0  stm32g0xx_hal_cortex.o(i.HAL_NVIC_SetPriority)
    i.HAL_NVIC_SystemReset                   0x0800a688   Section        0  stm32g0xx_hal_cortex.o(i.HAL_NVIC_SystemReset)
    i.HAL_PWREx_ControlVoltageScaling        0x0800a6a4   Section        0  stm32g0xx_hal_pwr_ex.o(i.HAL_PWREx_ControlVoltageScaling)
    i.HAL_RCCEx_PeriphCLKConfig              0x0800a6f0   Section        0  stm32g0xx_hal_rcc_ex.o(i.HAL_RCCEx_PeriphCLKConfig)
    i.HAL_RCC_ClockConfig                    0x0800a990   Section        0  stm32g0xx_hal_rcc.o(i.HAL_RCC_ClockConfig)
    i.HAL_RCC_GetSysClockFreq                0x0800ab04   Section        0  stm32g0xx_hal_rcc.o(i.HAL_RCC_GetSysClockFreq)
    i.HAL_RCC_OscConfig                      0x0800aba0   Section        0  stm32g0xx_hal_rcc.o(i.HAL_RCC_OscConfig)
    i.HAL_SYSCFG_StrobeDBattpinsConfig       0x0800b028   Section        0  stm32g0xx_hal.o(i.HAL_SYSCFG_StrobeDBattpinsConfig)
    i.HAL_SYSTICK_Config                     0x0800b03c   Section        0  stm32g0xx_hal_cortex.o(i.HAL_SYSTICK_Config)
    i.HAL_TIMEx_MasterConfigSynchronization  0x0800b06c   Section        0  stm32g0xx_hal_tim_ex.o(i.HAL_TIMEx_MasterConfigSynchronization)
    i.HAL_TIM_Base_Init                      0x0800b0e8   Section        0  stm32g0xx_hal_tim.o(i.HAL_TIM_Base_Init)
    i.HAL_TIM_Base_MspInit                   0x0800b138   Section        0  stm32g0xx_hal_msp.o(i.HAL_TIM_Base_MspInit)
    i.HAL_TIM_ConfigClockSource              0x0800b15c   Section        0  stm32g0xx_hal_tim.o(i.HAL_TIM_ConfigClockSource)
    i.HardFault_Handler                      0x0800b248   Section        0  stm32g0xx_it.o(i.HardFault_Handler)
    i.MX_FDCAN1_Init                         0x0800b24c   Section        0  main.o(i.MX_FDCAN1_Init)
    MX_FDCAN1_Init                           0x0800b24d   Thumb Code   124  main.o(i.MX_FDCAN1_Init)
    i.MX_GPIO_Init                           0x0800b2d0   Section        0  main.o(i.MX_GPIO_Init)
    MX_GPIO_Init                             0x0800b2d1   Thumb Code    78  main.o(i.MX_GPIO_Init)
    i.MX_TIM3_Init                           0x0800b328   Section        0  main.o(i.MX_TIM3_Init)
    MX_TIM3_Init                             0x0800b329   Thumb Code    98  main.o(i.MX_TIM3_Init)
    i.NMI_Handler                            0x0800b398   Section        0  stm32g0xx_it.o(i.NMI_Handler)
    i.PendSV_Handler                         0x0800b39a   Section        0  stm32g0xx_it.o(i.PendSV_Handler)
    i.SVC_Handler                            0x0800b39c   Section        0  stm32g0xx_it.o(i.SVC_Handler)
    i.SysTick_Handler                        0x0800b39e   Section        0  stm32g0xx_it.o(i.SysTick_Handler)
    i.SystemClock_Config                     0x0800b3a6   Section        0  main.o(i.SystemClock_Config)
    i.SystemInit                             0x0800b400   Section        0  system_stm32g0xx.o(i.SystemInit)
    i.TIM16_FDCAN_IT0_IRQHandler             0x0800b410   Section        0  stm32g0xx_it.o(i.TIM16_FDCAN_IT0_IRQHandler)
    i.TIM17_FDCAN_IT1_IRQHandler             0x0800b420   Section        0  stm32g0xx_it.o(i.TIM17_FDCAN_IT1_IRQHandler)
    i.TIM_Base_SetConfig                     0x0800b430   Section        0  stm32g0xx_hal_tim.o(i.TIM_Base_SetConfig)
    i.TIM_ETR_SetConfig                      0x0800b4d4   Section        0  stm32g0xx_hal_tim.o(i.TIM_ETR_SetConfig)
    i.TIM_ITRx_SetConfig                     0x0800b4ec   Section        0  stm32g0xx_hal_tim.o(i.TIM_ITRx_SetConfig)
    TIM_ITRx_SetConfig                       0x0800b4ed   Thumb Code    16  stm32g0xx_hal_tim.o(i.TIM_ITRx_SetConfig)
    i.TIM_TI1_ConfigInputStage               0x0800b500   Section        0  stm32g0xx_hal_tim.o(i.TIM_TI1_ConfigInputStage)
    TIM_TI1_ConfigInputStage                 0x0800b501   Thumb Code    34  stm32g0xx_hal_tim.o(i.TIM_TI1_ConfigInputStage)
    i.TIM_TI2_ConfigInputStage               0x0800b522   Section        0  stm32g0xx_hal_tim.o(i.TIM_TI2_ConfigInputStage)
    TIM_TI2_ConfigInputStage                 0x0800b523   Thumb Code    38  stm32g0xx_hal_tim.o(i.TIM_TI2_ConfigInputStage)
    i.__ARM_common_switch8                   0x0800b548   Section        0  stm32g0xx_hal_dma.o(i.__ARM_common_switch8)
    i.__NVIC_SetPriority                     0x0800b564   Section        0  stm32g0xx_hal_cortex.o(i.__NVIC_SetPriority)
    __NVIC_SetPriority                       0x0800b565   Thumb Code    60  stm32g0xx_hal_cortex.o(i.__NVIC_SetPriority)
    i.bms_UpdateChuck                        0x0800b5a8   Section        0  comm_update_handle.o(i.bms_UpdateChuck)
    i.bms_get_update_status                  0x0800b72c   Section        0  comm_update_handle.o(i.bms_get_update_status)
    i.bms_update_apply                       0x0800b74c   Section        0  comm_update_handle.o(i.bms_update_apply)
    i.bms_update_start                       0x0800b82c   Section        0  comm_update_handle.o(i.bms_update_start)
    i.can_circulbuf_init                     0x0800b864   Section        0  can_circularbuf.o(i.can_circulbuf_init)
    i.can_is_empty                           0x0800b884   Section        0  can_circularbuf.o(i.can_is_empty)
    i.can_is_full                            0x0800b89c   Section        0  can_circularbuf.o(i.can_is_full)
    i.can_put_data                           0x0800b8c0   Section        0  can_circularbuf.o(i.can_put_data)
    i.can_rx_data                            0x0800b908   Section        0  can_circularbuf.o(i.can_rx_data)
    i.can_take_data                          0x0800b958   Section        0  can_circularbuf.o(i.can_take_data)
    i.can_tx                                 0x0800b99c   Section        0  can.o(i.can_tx)
    i.crc32_compute                          0x0800b9ec   Section        0  sys.o(i.crc32_compute)
    i.main                                   0x0800ba28   Section        0  main.o(i.main)
    .constdata                               0x0800ba44   Section       16  stm32g0xx_hal_fdcan.o(.constdata)
    DLCtoBytes                               0x0800ba44   Data          16  stm32g0xx_hal_fdcan.o(.constdata)
    .constdata                               0x0800ba54   Section       64  system_stm32g0xx.o(.constdata)
    .data                                    0x20000000   Section       12  stm32g0xx_hal.o(.data)
    .data                                    0x2000000c   Section        4  system_stm32g0xx.o(.data)
    .data                                    0x20000010   Section        8  can_circularbuf.o(.data)
    .data                                    0x20000018   Section       31  comm_update_handle.o(.data)
    u32cnt                                   0x20000018   Data           4  comm_update_handle.o(.data)
    .bss                                     0x20000038   Section      176  main.o(.bss)
    .bss                                     0x200000e8   Section       28  stm32g0xx_hal_flash.o(.bss)
    .bss                                     0x20000104   Section       96  can.o(.bss)
    .bss                                     0x20000164   Section       16  stm32flash.o(.bss)
    .bss                                     0x20000174   Section      292  comm_update_handle.o(.bss)
    .bss                                     0x20000298   Section       96  libspace.o(.bss)
    HEAP                                     0x200002f8   Section     3840  startup_stm32g0b1xx.o(HEAP)
    Heap_Mem                                 0x200002f8   Data        3840  startup_stm32g0b1xx.o(HEAP)
    STACK                                    0x200011f8   Section     1024  startup_stm32g0b1xx.o(STACK)
    Stack_Mem                                0x200011f8   Data        1024  startup_stm32g0b1xx.o(STACK)
    __initial_sp                             0x200015f8   Data           0  startup_stm32g0b1xx.o(STACK)

    Global Symbols

    Symbol Name                              Value     Ov Type        Size  Object(Section)

    BuildAttributes$$THM_ISAv3M$S$PE$A:L22$X:L11$S22$IEEE1$IW$USESV6$~STKCKD$USESV7$~SHL$OTIME$ROPI$EBA8$UX$STANDARDLIB$REQ8$PRES8$EABIv2 0x00000000   Number         0  anon$$obj.o ABSOLUTE
    __ARM_use_no_argv                        0x00000000   Number         0  main.o ABSOLUTE
    __ARM_exceptions_init                     - Undefined Weak Reference
    __alloca_initialize                       - Undefined Weak Reference
    __arm_fini_                               - Undefined Weak Reference
    __arm_preinit_                            - Undefined Weak Reference
    __cpp_initialize__aeabi_                  - Undefined Weak Reference
    __cxa_finalize                            - Undefined Weak Reference
    __rt_locale                               - Undefined Weak Reference
    __sigvec_lookup                           - Undefined Weak Reference
    __user_heap_extent                        - Undefined Weak Reference
    _atexit_init                              - Undefined Weak Reference
    _call_atexit_fns                          - Undefined Weak Reference
    _clock_init                               - Undefined Weak Reference
    _fp_trap_init                             - Undefined Weak Reference
    _fp_trap_shutdown                         - Undefined Weak Reference
    _get_lc_collate                           - Undefined Weak Reference
    _get_lc_ctype                             - Undefined Weak Reference
    _get_lc_monetary                          - Undefined Weak Reference
    _get_lc_numeric                           - Undefined Weak Reference
    _get_lc_time                              - Undefined Weak Reference
    _getenv_init                              - Undefined Weak Reference
    _handle_redirection                       - Undefined Weak Reference
    _initio                                   - Undefined Weak Reference
    _mutex_acquire                            - Undefined Weak Reference
    _mutex_free                               - Undefined Weak Reference
    _mutex_release                            - Undefined Weak Reference
    _rand_init                                - Undefined Weak Reference
    _signal_finish                            - Undefined Weak Reference
    _signal_init                              - Undefined Weak Reference
    _terminateio                              - Undefined Weak Reference
    __Vectors_Size                           0x000000bc   Number         0  startup_stm32g0b1xx.o ABSOLUTE
    __Vectors                                0x08009000   Data           4  startup_stm32g0b1xx.o(RESET)
    __Vectors_End                            0x080090bc   Data           0  startup_stm32g0b1xx.o(RESET)
    __main                                   0x080090bd   Thumb Code     8  __main.o(!!!main)
    __scatterload                            0x080090c5   Thumb Code     0  __scatter.o(!!!scatter)
    __scatterload_rt2                        0x080090c5   Thumb Code    52  __scatter.o(!!!scatter)
    __scatterload_rt2_thumb_only             0x080090c5   Thumb Code     0  __scatter.o(!!!scatter)
    __scatterload_null                       0x080090d5   Thumb Code     0  __scatter.o(!!!scatter)
    __scatterload_copy                       0x08009101   Thumb Code    26  __scatter_copy.o(!!handler_copy)
    __scatterload_zeroinit                   0x0800911d   Thumb Code    28  __scatter_zi.o(!!handler_zi)
    __rt_lib_init                            0x08009139   Thumb Code     0  libinit.o(.ARM.Collect$$libinit$$00000000)
    __rt_lib_init_fp_1                       0x0800913b   Thumb Code     0  libinit2.o(.ARM.Collect$$libinit$$00000002)
    __rt_lib_init_heap_2                     0x0800913b   Thumb Code     0  libinit2.o(.ARM.Collect$$libinit$$00000005)
    __rt_lib_init_preinit_1                  0x0800913b   Thumb Code     0  libinit2.o(.ARM.Collect$$libinit$$00000004)
    __rt_lib_init_alloca_1                   0x08009143   Thumb Code     0  libinit2.o(.ARM.Collect$$libinit$$0000002E)
    __rt_lib_init_argv_1                     0x08009143   Thumb Code     0  libinit2.o(.ARM.Collect$$libinit$$0000002C)
    __rt_lib_init_atexit_1                   0x08009143   Thumb Code     0  libinit2.o(.ARM.Collect$$libinit$$0000001B)
    __rt_lib_init_clock_1                    0x08009143   Thumb Code     0  libinit2.o(.ARM.Collect$$libinit$$00000021)
    __rt_lib_init_cpp_1                      0x08009143   Thumb Code     0  libinit2.o(.ARM.Collect$$libinit$$00000032)
    __rt_lib_init_exceptions_1               0x08009143   Thumb Code     0  libinit2.o(.ARM.Collect$$libinit$$00000030)
    __rt_lib_init_fp_trap_1                  0x08009143   Thumb Code     0  libinit2.o(.ARM.Collect$$libinit$$0000001F)
    __rt_lib_init_getenv_1                   0x08009143   Thumb Code     0  libinit2.o(.ARM.Collect$$libinit$$00000023)
    __rt_lib_init_heap_1                     0x08009143   Thumb Code     0  libinit2.o(.ARM.Collect$$libinit$$0000000A)
    __rt_lib_init_lc_collate_1               0x08009143   Thumb Code     0  libinit2.o(.ARM.Collect$$libinit$$00000011)
    __rt_lib_init_lc_ctype_1                 0x08009143   Thumb Code     0  libinit2.o(.ARM.Collect$$libinit$$00000013)
    __rt_lib_init_lc_monetary_1              0x08009143   Thumb Code     0  libinit2.o(.ARM.Collect$$libinit$$00000015)
    __rt_lib_init_lc_numeric_1               0x08009143   Thumb Code     0  libinit2.o(.ARM.Collect$$libinit$$00000017)
    __rt_lib_init_lc_time_1                  0x08009143   Thumb Code     0  libinit2.o(.ARM.Collect$$libinit$$00000019)
    __rt_lib_init_rand_1                     0x08009143   Thumb Code     0  libinit2.o(.ARM.Collect$$libinit$$0000000E)
    __rt_lib_init_return                     0x08009143   Thumb Code     0  libinit2.o(.ARM.Collect$$libinit$$00000033)
    __rt_lib_init_signal_1                   0x08009143   Thumb Code     0  libinit2.o(.ARM.Collect$$libinit$$0000001D)
    __rt_lib_init_stdio_1                    0x08009143   Thumb Code     0  libinit2.o(.ARM.Collect$$libinit$$00000025)
    __rt_lib_init_user_alloc_1               0x08009143   Thumb Code     0  libinit2.o(.ARM.Collect$$libinit$$0000000C)
    __rt_lib_shutdown                        0x08009145   Thumb Code     0  libshutdown.o(.ARM.Collect$$libshutdown$$00000000)
    __rt_lib_shutdown_cpp_1                  0x08009147   Thumb Code     0  libshutdown2.o(.ARM.Collect$$libshutdown$$00000004)
    __rt_lib_shutdown_fini_1                 0x08009147   Thumb Code     0  libshutdown2.o(.ARM.Collect$$libshutdown$$00000002)
    __rt_lib_shutdown_fp_trap_1              0x08009147   Thumb Code     0  libshutdown2.o(.ARM.Collect$$libshutdown$$00000009)
    __rt_lib_shutdown_heap_1                 0x08009147   Thumb Code     0  libshutdown2.o(.ARM.Collect$$libshutdown$$00000011)
    __rt_lib_shutdown_return                 0x08009147   Thumb Code     0  libshutdown2.o(.ARM.Collect$$libshutdown$$00000012)
    __rt_lib_shutdown_signal_1               0x08009147   Thumb Code     0  libshutdown2.o(.ARM.Collect$$libshutdown$$0000000C)
    __rt_lib_shutdown_stdio_1                0x08009147   Thumb Code     0  libshutdown2.o(.ARM.Collect$$libshutdown$$00000006)
    __rt_lib_shutdown_user_alloc_1           0x08009147   Thumb Code     0  libshutdown2.o(.ARM.Collect$$libshutdown$$0000000E)
    __rt_entry                               0x08009149   Thumb Code     0  __rtentry.o(.ARM.Collect$$rtentry$$00000000)
    __rt_entry_presh_1                       0x08009149   Thumb Code     0  __rtentry2.o(.ARM.Collect$$rtentry$$00000002)
    __rt_entry_sh                            0x08009149   Thumb Code     0  __rtentry4.o(.ARM.Collect$$rtentry$$00000004)
    __rt_entry_li                            0x0800914f   Thumb Code     0  __rtentry2.o(.ARM.Collect$$rtentry$$0000000A)
    __rt_entry_postsh_1                      0x0800914f   Thumb Code     0  __rtentry2.o(.ARM.Collect$$rtentry$$00000009)
    __rt_entry_main                          0x08009153   Thumb Code     0  __rtentry2.o(.ARM.Collect$$rtentry$$0000000D)
    __rt_entry_postli_1                      0x08009153   Thumb Code     0  __rtentry2.o(.ARM.Collect$$rtentry$$0000000C)
    __rt_exit                                0x0800915b   Thumb Code     0  rtexit.o(.ARM.Collect$$rtexit$$00000000)
    __rt_exit_ls                             0x0800915d   Thumb Code     0  rtexit2.o(.ARM.Collect$$rtexit$$00000003)
    __rt_exit_prels_1                        0x0800915d   Thumb Code     0  rtexit2.o(.ARM.Collect$$rtexit$$00000002)
    __rt_exit_exit                           0x08009161   Thumb Code     0  rtexit2.o(.ARM.Collect$$rtexit$$00000004)
    __aeabi_memcpy4                          0x08009169   Thumb Code    56  rt_memcpy.o(.emb_text)
    __aeabi_memcpy8                          0x08009169   Thumb Code     0  rt_memcpy.o(.emb_text)
    Reset_Handler                            0x080091a1   Thumb Code     8  startup_stm32g0b1xx.o(.text)
    _maybe_terminate_alloc                   0x080091a1   Thumb Code     0  maybetermalloc1.o(.emb_text)
    ADC1_COMP_IRQHandler                     0x080091b3   Thumb Code     0  startup_stm32g0b1xx.o(.text)
    CEC_IRQHandler                           0x080091b3   Thumb Code     0  startup_stm32g0b1xx.o(.text)
    DMA1_Ch4_7_DMA2_Ch1_5_DMAMUX1_OVR_IRQHandler 0x080091b3   Thumb Code     0  startup_stm32g0b1xx.o(.text)
    DMA1_Channel1_IRQHandler                 0x080091b3   Thumb Code     0  startup_stm32g0b1xx.o(.text)
    DMA1_Channel2_3_IRQHandler               0x080091b3   Thumb Code     0  startup_stm32g0b1xx.o(.text)
    EXTI0_1_IRQHandler                       0x080091b3   Thumb Code     0  startup_stm32g0b1xx.o(.text)
    EXTI2_3_IRQHandler                       0x080091b3   Thumb Code     0  startup_stm32g0b1xx.o(.text)
    EXTI4_15_IRQHandler                      0x080091b3   Thumb Code     0  startup_stm32g0b1xx.o(.text)
    FLASH_IRQHandler                         0x080091b3   Thumb Code     0  startup_stm32g0b1xx.o(.text)
    I2C1_IRQHandler                          0x080091b3   Thumb Code     0  startup_stm32g0b1xx.o(.text)
    I2C2_3_IRQHandler                        0x080091b3   Thumb Code     0  startup_stm32g0b1xx.o(.text)
    PVD_VDDIO2_IRQHandler                    0x080091b3   Thumb Code     0  startup_stm32g0b1xx.o(.text)
    RCC_CRS_IRQHandler                       0x080091b3   Thumb Code     0  startup_stm32g0b1xx.o(.text)
    RTC_TAMP_IRQHandler                      0x080091b3   Thumb Code     0  startup_stm32g0b1xx.o(.text)
    SPI1_IRQHandler                          0x080091b3   Thumb Code     0  startup_stm32g0b1xx.o(.text)
    SPI2_3_IRQHandler                        0x080091b3   Thumb Code     0  startup_stm32g0b1xx.o(.text)
    TIM14_IRQHandler                         0x080091b3   Thumb Code     0  startup_stm32g0b1xx.o(.text)
    TIM15_IRQHandler                         0x080091b3   Thumb Code     0  startup_stm32g0b1xx.o(.text)
    TIM1_BRK_UP_TRG_COM_IRQHandler           0x080091b3   Thumb Code     0  startup_stm32g0b1xx.o(.text)
    TIM1_CC_IRQHandler                       0x080091b3   Thumb Code     0  startup_stm32g0b1xx.o(.text)
    TIM2_IRQHandler                          0x080091b3   Thumb Code     0  startup_stm32g0b1xx.o(.text)
    TIM3_TIM4_IRQHandler                     0x080091b3   Thumb Code     0  startup_stm32g0b1xx.o(.text)
    TIM6_DAC_LPTIM1_IRQHandler               0x080091b3   Thumb Code     0  startup_stm32g0b1xx.o(.text)
    TIM7_LPTIM2_IRQHandler                   0x080091b3   Thumb Code     0  startup_stm32g0b1xx.o(.text)
    USART1_IRQHandler                        0x080091b3   Thumb Code     0  startup_stm32g0b1xx.o(.text)
    USART2_LPUART2_IRQHandler                0x080091b3   Thumb Code     0  startup_stm32g0b1xx.o(.text)
    USART3_4_5_6_LPUART1_IRQHandler          0x080091b3   Thumb Code     0  startup_stm32g0b1xx.o(.text)
    USB_UCPD1_2_IRQHandler                   0x080091b3   Thumb Code     0  startup_stm32g0b1xx.o(.text)
    WWDG_IRQHandler                          0x080091b3   Thumb Code     0  startup_stm32g0b1xx.o(.text)
    __user_initial_stackheap                 0x080091b5   Thumb Code     0  startup_stm32g0b1xx.o(.text)
    malloc                                   0x080091d9   Thumb Code    98  h1_alloc.o(.text)
    __aeabi_llsl                             0x0800923b   Thumb Code    32  llshl.o(.text)
    _ll_shift_l                              0x0800923b   Thumb Code     0  llshl.o(.text)
    __aeabi_memcpy                           0x0800925b   Thumb Code   130  rt_memcpy.o(.text)
    __rt_memcpy                              0x0800925b   Thumb Code     0  rt_memcpy.o(.text)
    _memset_w                                0x080092dd   Thumb Code    26  rt_memclr.o(.text)
    _memset                                  0x080092f7   Thumb Code    30  rt_memclr.o(.text)
    __aeabi_memclr                           0x08009315   Thumb Code     4  rt_memclr.o(.text)
    __rt_memclr                              0x08009315   Thumb Code     0  rt_memclr.o(.text)
    __aeabi_memclr4                          0x08009319   Thumb Code     0  rt_memclr.o(.text)
    __aeabi_memclr8                          0x08009319   Thumb Code     0  rt_memclr.o(.text)
    __rt_memclr_w                            0x08009319   Thumb Code     4  rt_memclr.o(.text)
    strcmp                                   0x0800931d   Thumb Code   132  strcmp.o(.text)
    __aeabi_uidiv                            0x080093a5   Thumb Code     0  aeabi_sdiv.o(.text)
    __aeabi_uidivmod                         0x080093a5   Thumb Code    20  aeabi_sdiv.o(.text)
    __aeabi_idiv                             0x080093b9   Thumb Code     0  aeabi_sdiv.o(.text)
    __aeabi_idivmod                          0x080093b9   Thumb Code   326  aeabi_sdiv.o(.text)
    __use_two_region_memory                  0x080094ff   Thumb Code     2  heapauxi.o(.text)
    __rt_heap_escrow                         0x08009501   Thumb Code     2  heapauxi.o(.text)
    __rt_heap_expand                         0x08009503   Thumb Code     2  heapauxi.o(.text)
    __rt_heap_descriptor                     0x08009505   Thumb Code     8  rt_heap_descriptor_intlibspace.o(.text)
    __use_no_heap                            0x0800950d   Thumb Code     2  hguard.o(.text)
    __heap$guard                             0x0800950f   Thumb Code     2  hguard.o(.text)
    _terminate_user_alloc                    0x08009511   Thumb Code     2  init_alloc.o(.text)
    _init_user_alloc                         0x08009513   Thumb Code     2  init_alloc.o(.text)
    __Heap_Full                              0x08009515   Thumb Code    32  init_alloc.o(.text)
    __Heap_Broken                            0x08009535   Thumb Code    10  init_alloc.o(.text)
    _init_alloc                              0x0800953f   Thumb Code    90  init_alloc.o(.text)
    __Heap_Initialize                        0x08009599   Thumb Code    10  h1_init.o(.text)
    __Heap_DescSize                          0x080095a3   Thumb Code     4  h1_init.o(.text)
    free                                     0x080095a7   Thumb Code    76  h1_free.o(.text)
    __user_libspace                          0x080095f5   Thumb Code     8  libspace.o(.text)
    __user_perproc_libspace                  0x080095f5   Thumb Code     0  libspace.o(.text)
    __user_perthread_libspace                0x080095f5   Thumb Code     0  libspace.o(.text)
    __Heap_ProvideMemory                     0x080095fd   Thumb Code    52  h1_extend.o(.text)
    __rt_SIGRTMEM                            0x08009631   Thumb Code    12  defsig_rtmem_outer.o(.text)
    __I$use$semihosting                      0x0800963d   Thumb Code     0  use_no_semi.o(.text)
    __use_no_semihosting_swi                 0x0800963d   Thumb Code     2  use_no_semi.o(.text)
    __semihosting_library_function           0x0800963f   Thumb Code     0  indicate_semi.o(.text)
    __user_setup_stackheap                   0x0800963f   Thumb Code    62  sys_stackheap_outer.o(.text)
    exit                                     0x0800967d   Thumb Code    16  exit.o(.text)
    __sig_exit                               0x0800968d   Thumb Code    12  defsig_exit.o(.text)
    __rt_SIGRTMEM_inner                      0x08009699   Thumb Code    22  defsig_rtmem_inner.o(.text)
    _sys_exit                                0x080096e9   Thumb Code     8  sys_exit.o(.text)
    __default_signal_display                 0x080096f5   Thumb Code    52  defsig_general.o(.text)
    _ttywrch                                 0x08009729   Thumb Code    12  sys_wrch.o(.text)
    CAN_DataDecode                           0x08009735   Thumb Code   118  comm_update_handle.o(i.CAN_DataDecode)
    ChipFlashDownload_Process                0x080097b5   Thumb Code   294  flash_update_handle.o(i.ChipFlashDownload_Process)
    Error_Handler                            0x080098ed   Thumb Code     4  main.o(i.Error_Handler)
    FLASH_PageErase                          0x080099e9   Thumb Code    36  stm32g0xx_hal_flash_ex.o(i.FLASH_PageErase)
    FLASH_WaitForLastOperation               0x08009a6d   Thumb Code    88  stm32g0xx_hal_flash.o(i.FLASH_WaitForLastOperation)
    Flash_Read                               0x08009ad5   Thumb Code    34  stm32flash.o(i.Flash_Read)
    Flash_Write                              0x08009af9   Thumb Code   298  stm32flash.o(i.Flash_Write)
    HAL_FDCAN_ActivateNotification           0x08009c35   Thumb Code   246  stm32g0xx_hal_fdcan.o(i.HAL_FDCAN_ActivateNotification)
    HAL_FDCAN_AddMessageToTxFifoQ            0x08009d2b   Thumb Code    78  stm32g0xx_hal_fdcan.o(i.HAL_FDCAN_AddMessageToTxFifoQ)
    HAL_FDCAN_ErrorCallback                  0x08009d79   Thumb Code     2  stm32g0xx_hal_fdcan.o(i.HAL_FDCAN_ErrorCallback)
    HAL_FDCAN_ErrorStatusCallback            0x08009d7b   Thumb Code     2  stm32g0xx_hal_fdcan.o(i.HAL_FDCAN_ErrorStatusCallback)
    HAL_FDCAN_GetRxFifoFillLevel             0x08009d7d   Thumb Code    24  stm32g0xx_hal_fdcan.o(i.HAL_FDCAN_GetRxFifoFillLevel)
    HAL_FDCAN_GetRxMessage                   0x08009d95   Thumb Code   248  stm32g0xx_hal_fdcan.o(i.HAL_FDCAN_GetRxMessage)
    HAL_FDCAN_HighPriorityMessageCallback    0x08009e91   Thumb Code     2  stm32g0xx_hal_fdcan.o(i.HAL_FDCAN_HighPriorityMessageCallback)
    HAL_FDCAN_IRQHandler                     0x08009e93   Thumb Code   372  stm32g0xx_hal_fdcan.o(i.HAL_FDCAN_IRQHandler)
    HAL_FDCAN_Init                           0x0800a009   Thumb Code   448  stm32g0xx_hal_fdcan.o(i.HAL_FDCAN_Init)
    HAL_FDCAN_MspInit                        0x0800a1d1   Thumb Code   148  stm32g0xx_hal_msp.o(i.HAL_FDCAN_MspInit)
    HAL_FDCAN_RxFifo0Callback                0x0800a26d   Thumb Code   102  can.o(i.HAL_FDCAN_RxFifo0Callback)
    HAL_FDCAN_RxFifo1Callback                0x0800a2dd   Thumb Code     2  stm32g0xx_hal_fdcan.o(i.HAL_FDCAN_RxFifo1Callback)
    HAL_FDCAN_Start                          0x0800a2df   Thumb Code    44  stm32g0xx_hal_fdcan.o(i.HAL_FDCAN_Start)
    HAL_FDCAN_TimeoutOccurredCallback        0x0800a30b   Thumb Code     2  stm32g0xx_hal_fdcan.o(i.HAL_FDCAN_TimeoutOccurredCallback)
    HAL_FDCAN_TimestampWraparoundCallback    0x0800a30d   Thumb Code     2  stm32g0xx_hal_fdcan.o(i.HAL_FDCAN_TimestampWraparoundCallback)
    HAL_FDCAN_TxBufferAbortCallback          0x0800a30f   Thumb Code     2  stm32g0xx_hal_fdcan.o(i.HAL_FDCAN_TxBufferAbortCallback)
    HAL_FDCAN_TxBufferCompleteCallback       0x0800a311   Thumb Code     2  stm32g0xx_hal_fdcan.o(i.HAL_FDCAN_TxBufferCompleteCallback)
    HAL_FDCAN_TxEventFifoCallback            0x0800a313   Thumb Code     2  stm32g0xx_hal_fdcan.o(i.HAL_FDCAN_TxEventFifoCallback)
    HAL_FDCAN_TxFifoEmptyCallback            0x0800a315   Thumb Code     2  stm32g0xx_hal_fdcan.o(i.HAL_FDCAN_TxFifoEmptyCallback)
    HAL_FLASHEx_Erase                        0x0800a319   Thumb Code   124  stm32g0xx_hal_flash_ex.o(i.HAL_FLASHEx_Erase)
    HAL_FLASH_Lock                           0x0800a39d   Thumb Code    22  stm32g0xx_hal_flash.o(i.HAL_FLASH_Lock)
    HAL_FLASH_Program                        0x0800a3b9   Thumb Code    92  stm32g0xx_hal_flash.o(i.HAL_FLASH_Program)
    HAL_FLASH_Unlock                         0x0800a41d   Thumb Code    28  stm32g0xx_hal_flash.o(i.HAL_FLASH_Unlock)
    HAL_GPIO_Init                            0x0800a445   Thumb Code   316  stm32g0xx_hal_gpio.o(i.HAL_GPIO_Init)
    HAL_GPIO_WritePin                        0x0800a595   Thumb Code    12  stm32g0xx_hal_gpio.o(i.HAL_GPIO_WritePin)
    HAL_GetTick                              0x0800a5a1   Thumb Code     6  stm32g0xx_hal.o(i.HAL_GetTick)
    HAL_IncTick                              0x0800a5ad   Thumb Code    12  stm32g0xx_hal.o(i.HAL_IncTick)
    HAL_Init                                 0x0800a5bd   Thumb Code    36  stm32g0xx_hal.o(i.HAL_Init)
    HAL_InitTick                             0x0800a5e5   Thumb Code    72  stm32g0xx_hal.o(i.HAL_InitTick)
    HAL_MspInit                              0x0800a635   Thumb Code    46  stm32g0xx_hal_msp.o(i.HAL_MspInit)
    HAL_NVIC_EnableIRQ                       0x0800a669   Thumb Code    18  stm32g0xx_hal_cortex.o(i.HAL_NVIC_EnableIRQ)
    HAL_NVIC_SetPriority                     0x0800a681   Thumb Code     8  stm32g0xx_hal_cortex.o(i.HAL_NVIC_SetPriority)
    HAL_NVIC_SystemReset                     0x0800a689   Thumb Code    18  stm32g0xx_hal_cortex.o(i.HAL_NVIC_SystemReset)
    HAL_PWREx_ControlVoltageScaling          0x0800a6a5   Thumb Code    62  stm32g0xx_hal_pwr_ex.o(i.HAL_PWREx_ControlVoltageScaling)
    HAL_RCCEx_PeriphCLKConfig                0x0800a6f1   Thumb Code   652  stm32g0xx_hal_rcc_ex.o(i.HAL_RCCEx_PeriphCLKConfig)
    HAL_RCC_ClockConfig                      0x0800a991   Thumb Code   348  stm32g0xx_hal_rcc.o(i.HAL_RCC_ClockConfig)
    HAL_RCC_GetSysClockFreq                  0x0800ab05   Thumb Code   148  stm32g0xx_hal_rcc.o(i.HAL_RCC_GetSysClockFreq)
    HAL_RCC_OscConfig                        0x0800aba1   Thumb Code  1156  stm32g0xx_hal_rcc.o(i.HAL_RCC_OscConfig)
    HAL_SYSCFG_StrobeDBattpinsConfig         0x0800b029   Thumb Code    16  stm32g0xx_hal.o(i.HAL_SYSCFG_StrobeDBattpinsConfig)
    HAL_SYSTICK_Config                       0x0800b03d   Thumb Code    38  stm32g0xx_hal_cortex.o(i.HAL_SYSTICK_Config)
    HAL_TIMEx_MasterConfigSynchronization    0x0800b06d   Thumb Code   108  stm32g0xx_hal_tim_ex.o(i.HAL_TIMEx_MasterConfigSynchronization)
    HAL_TIM_Base_Init                        0x0800b0e9   Thumb Code    78  stm32g0xx_hal_tim.o(i.HAL_TIM_Base_Init)
    HAL_TIM_Base_MspInit                     0x0800b139   Thumb Code    28  stm32g0xx_hal_msp.o(i.HAL_TIM_Base_MspInit)
    HAL_TIM_ConfigClockSource                0x0800b15d   Thumb Code   232  stm32g0xx_hal_tim.o(i.HAL_TIM_ConfigClockSource)
    HardFault_Handler                        0x0800b249   Thumb Code     2  stm32g0xx_it.o(i.HardFault_Handler)
    NMI_Handler                              0x0800b399   Thumb Code     2  stm32g0xx_it.o(i.NMI_Handler)
    PendSV_Handler                           0x0800b39b   Thumb Code     2  stm32g0xx_it.o(i.PendSV_Handler)
    SVC_Handler                              0x0800b39d   Thumb Code     2  stm32g0xx_it.o(i.SVC_Handler)
    SysTick_Handler                          0x0800b39f   Thumb Code     8  stm32g0xx_it.o(i.SysTick_Handler)
    SystemClock_Config                       0x0800b3a7   Thumb Code    90  main.o(i.SystemClock_Config)
    SystemInit                               0x0800b401   Thumb Code     8  system_stm32g0xx.o(i.SystemInit)
    TIM16_FDCAN_IT0_IRQHandler               0x0800b411   Thumb Code    10  stm32g0xx_it.o(i.TIM16_FDCAN_IT0_IRQHandler)
    TIM17_FDCAN_IT1_IRQHandler               0x0800b421   Thumb Code    10  stm32g0xx_it.o(i.TIM17_FDCAN_IT1_IRQHandler)
    TIM_Base_SetConfig                       0x0800b431   Thumb Code   136  stm32g0xx_hal_tim.o(i.TIM_Base_SetConfig)
    TIM_ETR_SetConfig                        0x0800b4d5   Thumb Code    22  stm32g0xx_hal_tim.o(i.TIM_ETR_SetConfig)
    __ARM_common_switch8                     0x0800b549   Thumb Code    26  stm32g0xx_hal_dma.o(i.__ARM_common_switch8)
    bms_UpdateChuck                          0x0800b5a9   Thumb Code   376  comm_update_handle.o(i.bms_UpdateChuck)
    bms_get_update_status                    0x0800b72d   Thumb Code    28  comm_update_handle.o(i.bms_get_update_status)
    bms_update_apply                         0x0800b74d   Thumb Code   220  comm_update_handle.o(i.bms_update_apply)
    bms_update_start                         0x0800b82d   Thumb Code    48  comm_update_handle.o(i.bms_update_start)
    can_circulbuf_init                       0x0800b865   Thumb Code    24  can_circularbuf.o(i.can_circulbuf_init)
    can_is_empty                             0x0800b885   Thumb Code    24  can_circularbuf.o(i.can_is_empty)
    can_is_full                              0x0800b89d   Thumb Code    36  can_circularbuf.o(i.can_is_full)
    can_put_data                             0x0800b8c1   Thumb Code    72  can_circularbuf.o(i.can_put_data)
    can_rx_data                              0x0800b909   Thumb Code    74  can_circularbuf.o(i.can_rx_data)
    can_take_data                            0x0800b959   Thumb Code    66  can_circularbuf.o(i.can_take_data)
    can_tx                                   0x0800b99d   Thumb Code    72  can.o(i.can_tx)
    crc32_compute                            0x0800b9ed   Thumb Code    56  sys.o(i.crc32_compute)
    main                                     0x0800ba29   Thumb Code    28  main.o(i.main)
    AHBPrescTable                            0x0800ba54   Data          64  system_stm32g0xx.o(.constdata)
    Region$$Table$$Base                      0x0800ba94   Number         0  anon$$obj.o(Region$$Table)
    Region$$Table$$Limit                     0x0800bab4   Number         0  anon$$obj.o(Region$$Table)
    uwTickFreq                               0x20000000   Data           1  stm32g0xx_hal.o(.data)
    uwTickPrio                               0x20000004   Data           4  stm32g0xx_hal.o(.data)
    uwTick                                   0x20000008   Data           4  stm32g0xx_hal.o(.data)
    SystemCoreClock                          0x2000000c   Data           4  system_stm32g0xx.o(.data)
    gt_STDID_can1_circul_buf                 0x20000010   Data           8  can_circularbuf.o(.data)
    binString1                               0x2000001c   Data           9  comm_update_handle.o(.data)
    binString2                               0x20000025   Data           9  comm_update_handle.o(.data)
    binString3                               0x2000002e   Data           9  comm_update_handle.o(.data)
    hfdcan1                                  0x20000038   Data         100  main.o(.bss)
    htim3                                    0x2000009c   Data          76  main.o(.bss)
    pFlash                                   0x200000e8   Data          28  stm32g0xx_hal_flash.o(.bss)
    FDCAN_TxHeader                           0x20000104   Data          36  can.o(.bss)
    FDCAN_RxHeader                           0x20000128   Data          40  can.o(.bss)
    gt_can_param                             0x20000150   Data          20  can.o(.bss)
    EraseInitStruct                          0x20000164   Data          16  stm32flash.o(.bss)
    gt_comm_update_handle                    0x20000174   Data         292  comm_update_handle.o(.bss)
    __libspace_start                         0x20000298   Data          96  libspace.o(.bss)
    __temporary_stack_top$libspace           0x200002f8   Data           0  libspace.o(.bss)



==============================================================================

Memory Map of the image

  Image Entry point : 0x080090bd

  Load Region LR_IROM1 (Base: 0x08009000, Size: 0x00002aec, Max: 0x00018800, ABSOLUTE)

    Execution Region ER_IROM1 (Exec base: 0x08009000, Load base: 0x08009000, Size: 0x00002ab4, Max: 0x00018800, ABSOLUTE)

    Exec Addr    Load Addr    Size         Type   Attr      Idx    E Section Name        Object

    0x08009000   0x08009000   0x000000bc   Data   RO            3    RESET               startup_stm32g0b1xx.o
    0x080090bc   0x080090bc   0x00000008   Code   RO         3814  * !!!main             c_p.l(__main.o)
    0x080090c4   0x080090c4   0x0000003c   Code   RO         4035    !!!scatter          c_p.l(__scatter.o)
    0x08009100   0x08009100   0x0000001a   Code   RO         4037    !!handler_copy      c_p.l(__scatter_copy.o)
    0x0800911a   0x0800911a   0x00000002   PAD
    0x0800911c   0x0800911c   0x0000001c   Code   RO         4039    !!handler_zi        c_p.l(__scatter_zi.o)
    0x08009138   0x08009138   0x00000002   Code   RO         3971    .ARM.Collect$$libinit$$00000000  c_p.l(libinit.o)
    0x0800913a   0x0800913a   0x00000000   Code   RO         3857    .ARM.Collect$$libinit$$00000002  c_p.l(libinit2.o)
    0x0800913a   0x0800913a   0x00000000   Code   RO         3859    .ARM.Collect$$libinit$$00000004  c_p.l(libinit2.o)
    0x0800913a   0x0800913a   0x00000008   Code   RO         3860    .ARM.Collect$$libinit$$00000005  c_p.l(libinit2.o)
    0x08009142   0x08009142   0x00000000   Code   RO         3862    .ARM.Collect$$libinit$$0000000A  c_p.l(libinit2.o)
    0x08009142   0x08009142   0x00000000   Code   RO         3864    .ARM.Collect$$libinit$$0000000C  c_p.l(libinit2.o)
    0x08009142   0x08009142   0x00000000   Code   RO         3866    .ARM.Collect$$libinit$$0000000E  c_p.l(libinit2.o)
    0x08009142   0x08009142   0x00000000   Code   RO         3869    .ARM.Collect$$libinit$$00000011  c_p.l(libinit2.o)
    0x08009142   0x08009142   0x00000000   Code   RO         3871    .ARM.Collect$$libinit$$00000013  c_p.l(libinit2.o)
    0x08009142   0x08009142   0x00000000   Code   RO         3873    .ARM.Collect$$libinit$$00000015  c_p.l(libinit2.o)
    0x08009142   0x08009142   0x00000000   Code   RO         3875    .ARM.Collect$$libinit$$00000017  c_p.l(libinit2.o)
    0x08009142   0x08009142   0x00000000   Code   RO         3877    .ARM.Collect$$libinit$$00000019  c_p.l(libinit2.o)
    0x08009142   0x08009142   0x00000000   Code   RO         3879    .ARM.Collect$$libinit$$0000001B  c_p.l(libinit2.o)
    0x08009142   0x08009142   0x00000000   Code   RO         3881    .ARM.Collect$$libinit$$0000001D  c_p.l(libinit2.o)
    0x08009142   0x08009142   0x00000000   Code   RO         3883    .ARM.Collect$$libinit$$0000001F  c_p.l(libinit2.o)
    0x08009142   0x08009142   0x00000000   Code   RO         3885    .ARM.Collect$$libinit$$00000021  c_p.l(libinit2.o)
    0x08009142   0x08009142   0x00000000   Code   RO         3887    .ARM.Collect$$libinit$$00000023  c_p.l(libinit2.o)
    0x08009142   0x08009142   0x00000000   Code   RO         3889    .ARM.Collect$$libinit$$00000025  c_p.l(libinit2.o)
    0x08009142   0x08009142   0x00000000   Code   RO         3893    .ARM.Collect$$libinit$$0000002C  c_p.l(libinit2.o)
    0x08009142   0x08009142   0x00000000   Code   RO         3895    .ARM.Collect$$libinit$$0000002E  c_p.l(libinit2.o)
    0x08009142   0x08009142   0x00000000   Code   RO         3897    .ARM.Collect$$libinit$$00000030  c_p.l(libinit2.o)
    0x08009142   0x08009142   0x00000000   Code   RO         3899    .ARM.Collect$$libinit$$00000032  c_p.l(libinit2.o)
    0x08009142   0x08009142   0x00000002   Code   RO         3900    .ARM.Collect$$libinit$$00000033  c_p.l(libinit2.o)
    0x08009144   0x08009144   0x00000002   Code   RO         4032    .ARM.Collect$$libshutdown$$00000000  c_p.l(libshutdown.o)
    0x08009146   0x08009146   0x00000000   Code   RO         3988    .ARM.Collect$$libshutdown$$00000002  c_p.l(libshutdown2.o)
    0x08009146   0x08009146   0x00000000   Code   RO         3990    .ARM.Collect$$libshutdown$$00000004  c_p.l(libshutdown2.o)
    0x08009146   0x08009146   0x00000000   Code   RO         3992    .ARM.Collect$$libshutdown$$00000006  c_p.l(libshutdown2.o)
    0x08009146   0x08009146   0x00000000   Code   RO         3995    .ARM.Collect$$libshutdown$$00000009  c_p.l(libshutdown2.o)
    0x08009146   0x08009146   0x00000000   Code   RO         3998    .ARM.Collect$$libshutdown$$0000000C  c_p.l(libshutdown2.o)
    0x08009146   0x08009146   0x00000000   Code   RO         4000    .ARM.Collect$$libshutdown$$0000000E  c_p.l(libshutdown2.o)
    0x08009146   0x08009146   0x00000000   Code   RO         4003    .ARM.Collect$$libshutdown$$00000011  c_p.l(libshutdown2.o)
    0x08009146   0x08009146   0x00000002   Code   RO         4004    .ARM.Collect$$libshutdown$$00000012  c_p.l(libshutdown2.o)
    0x08009148   0x08009148   0x00000000   Code   RO         3818    .ARM.Collect$$rtentry$$00000000  c_p.l(__rtentry.o)
    0x08009148   0x08009148   0x00000000   Code   RO         3907    .ARM.Collect$$rtentry$$00000002  c_p.l(__rtentry2.o)
    0x08009148   0x08009148   0x00000006   Code   RO         3919    .ARM.Collect$$rtentry$$00000004  c_p.l(__rtentry4.o)
    0x0800914e   0x0800914e   0x00000000   Code   RO         3909    .ARM.Collect$$rtentry$$00000009  c_p.l(__rtentry2.o)
    0x0800914e   0x0800914e   0x00000004   Code   RO         3910    .ARM.Collect$$rtentry$$0000000A  c_p.l(__rtentry2.o)
    0x08009152   0x08009152   0x00000000   Code   RO         3912    .ARM.Collect$$rtentry$$0000000C  c_p.l(__rtentry2.o)
    0x08009152   0x08009152   0x00000008   Code   RO         3913    .ARM.Collect$$rtentry$$0000000D  c_p.l(__rtentry2.o)
    0x0800915a   0x0800915a   0x00000002   Code   RO         3975    .ARM.Collect$$rtexit$$00000000  c_p.l(rtexit.o)
    0x0800915c   0x0800915c   0x00000000   Code   RO         4008    .ARM.Collect$$rtexit$$00000002  c_p.l(rtexit2.o)
    0x0800915c   0x0800915c   0x00000004   Code   RO         4009    .ARM.Collect$$rtexit$$00000003  c_p.l(rtexit2.o)
    0x08009160   0x08009160   0x00000006   Code   RO         4010    .ARM.Collect$$rtexit$$00000004  c_p.l(rtexit2.o)
    0x08009166   0x08009166   0x00000002   PAD
    0x08009168   0x08009168   0x00000038   Code   RO         3800    .emb_text           c_p.l(rt_memcpy.o)
    0x080091a0   0x080091a0   0x00000000   Code   RO         3925    .emb_text           c_p.l(maybetermalloc1.o)
    0x080091a0   0x080091a0   0x00000038   Code   RO            4    .text               startup_stm32g0b1xx.o
    0x080091d8   0x080091d8   0x00000062   Code   RO         3742    .text               c_p.l(h1_alloc.o)
    0x0800923a   0x0800923a   0x00000020   Code   RO         3796    .text               c_p.l(llshl.o)
    0x0800925a   0x0800925a   0x00000082   Code   RO         3801    .text               c_p.l(rt_memcpy.o)
    0x080092dc   0x080092dc   0x00000040   Code   RO         3804    .text               c_p.l(rt_memclr.o)
    0x0800931c   0x0800931c   0x00000088   Code   RO         3806    .text               c_p.l(strcmp.o)
    0x080093a4   0x080093a4   0x0000015a   Code   RO         3808    .text               c_p.l(aeabi_sdiv.o)
    0x080094fe   0x080094fe   0x00000006   Code   RO         3812    .text               c_p.l(heapauxi.o)
    0x08009504   0x08009504   0x00000008   Code   RO         3826    .text               c_p.l(rt_heap_descriptor_intlibspace.o)
    0x0800950c   0x0800950c   0x00000004   Code   RO         3828    .text               c_p.l(hguard.o)
    0x08009510   0x08009510   0x00000088   Code   RO         3830    .text               c_p.l(init_alloc.o)
    0x08009598   0x08009598   0x0000000e   Code   RO         3836    .text               c_p.l(h1_init.o)
    0x080095a6   0x080095a6   0x0000004c   Code   RO         3838    .text               c_p.l(h1_free.o)
    0x080095f2   0x080095f2   0x00000002   PAD
    0x080095f4   0x080095f4   0x00000008   Code   RO         3903    .text               c_p.l(libspace.o)
    0x080095fc   0x080095fc   0x00000034   Code   RO         3927    .text               c_p.l(h1_extend.o)
    0x08009630   0x08009630   0x0000000c   Code   RO         3931    .text               c_p.l(defsig_rtmem_outer.o)
    0x0800963c   0x0800963c   0x00000002   Code   RO         3942    .text               c_p.l(use_no_semi.o)
    0x0800963e   0x0800963e   0x00000000   Code   RO         3944    .text               c_p.l(indicate_semi.o)
    0x0800963e   0x0800963e   0x0000003e   Code   RO         3945    .text               c_p.l(sys_stackheap_outer.o)
    0x0800967c   0x0800967c   0x00000010   Code   RO         3952    .text               c_p.l(exit.o)
    0x0800968c   0x0800968c   0x0000000c   Code   RO         3954    .text               c_p.l(defsig_exit.o)
    0x08009698   0x08009698   0x00000050   Code   RO         3960    .text               c_p.l(defsig_rtmem_inner.o)
    0x080096e8   0x080096e8   0x0000000c   Code   RO         3972    .text               c_p.l(sys_exit.o)
    0x080096f4   0x080096f4   0x00000034   Code   RO         3983    .text               c_p.l(defsig_general.o)
    0x08009728   0x08009728   0x0000000c   Code   RO         4005    .text               c_p.l(sys_wrch.o)
    0x08009734   0x08009734   0x00000080   Code   RO         3656    i.CAN_DataDecode    comm_update_handle.o
    0x080097b4   0x080097b4   0x00000138   Code   RO         3713    i.ChipFlashDownload_Process  flash_update_handle.o
    0x080098ec   0x080098ec   0x00000004   Code   RO           13    i.Error_Handler     main.o
    0x080098f0   0x080098f0   0x00000074   Code   RO          299    i.FDCAN_CalcultateRamBlockAddresses  stm32g0xx_hal_fdcan.o
    0x08009964   0x08009964   0x00000070   Code   RO          300    i.FDCAN_CopyMessageToRAM  stm32g0xx_hal_fdcan.o
    0x080099d4   0x080099d4   0x00000014   Code   RO         1005    i.FLASH_MassErase   stm32g0xx_hal_flash_ex.o
    0x080099e8   0x080099e8   0x00000030   Code   RO         1021    i.FLASH_PageErase   stm32g0xx_hal_flash_ex.o
    0x08009a18   0x08009a18   0x0000001c   Code   RO          899    i.FLASH_Program_DoubleWord  stm32g0xx_hal_flash.o
    0x08009a34   0x08009a34   0x00000038   Code   RO          900    i.FLASH_Program_Fast  stm32g0xx_hal_flash.o
    0x08009a6c   0x08009a6c   0x00000068   Code   RO          901    i.FLASH_WaitForLastOperation  stm32g0xx_hal_flash.o
    0x08009ad4   0x08009ad4   0x00000022   Code   RO         3289    i.Flash_Read        stm32flash.o
    0x08009af6   0x08009af6   0x00000002   PAD
    0x08009af8   0x08009af8   0x0000013c   Code   RO         3290    i.Flash_Write       stm32flash.o
    0x08009c34   0x08009c34   0x000000f6   Code   RO          302    i.HAL_FDCAN_ActivateNotification  stm32g0xx_hal_fdcan.o
    0x08009d2a   0x08009d2a   0x0000004e   Code   RO          303    i.HAL_FDCAN_AddMessageToTxFifoQ  stm32g0xx_hal_fdcan.o
    0x08009d78   0x08009d78   0x00000002   Code   RO          326    i.HAL_FDCAN_ErrorCallback  stm32g0xx_hal_fdcan.o
    0x08009d7a   0x08009d7a   0x00000002   Code   RO          327    i.HAL_FDCAN_ErrorStatusCallback  stm32g0xx_hal_fdcan.o
    0x08009d7c   0x08009d7c   0x00000018   Code   RO          335    i.HAL_FDCAN_GetRxFifoFillLevel  stm32g0xx_hal_fdcan.o
    0x08009d94   0x08009d94   0x000000fc   Code   RO          336    i.HAL_FDCAN_GetRxMessage  stm32g0xx_hal_fdcan.o
    0x08009e90   0x08009e90   0x00000002   Code   RO          342    i.HAL_FDCAN_HighPriorityMessageCallback  stm32g0xx_hal_fdcan.o
    0x08009e92   0x08009e92   0x00000174   Code   RO          343    i.HAL_FDCAN_IRQHandler  stm32g0xx_hal_fdcan.o
    0x0800a006   0x0800a006   0x00000002   PAD
    0x0800a008   0x0800a008   0x000001c8   Code   RO          344    i.HAL_FDCAN_Init    stm32g0xx_hal_fdcan.o
    0x0800a1d0   0x0800a1d0   0x0000009c   Code   RO          256    i.HAL_FDCAN_MspInit  stm32g0xx_hal_msp.o
    0x0800a26c   0x0800a26c   0x00000070   Code   RO         3250    i.HAL_FDCAN_RxFifo0Callback  can.o
    0x0800a2dc   0x0800a2dc   0x00000002   Code   RO          352    i.HAL_FDCAN_RxFifo1Callback  stm32g0xx_hal_fdcan.o
    0x0800a2de   0x0800a2de   0x0000002c   Code   RO          353    i.HAL_FDCAN_Start   stm32g0xx_hal_fdcan.o
    0x0800a30a   0x0800a30a   0x00000002   Code   RO          355    i.HAL_FDCAN_TimeoutOccurredCallback  stm32g0xx_hal_fdcan.o
    0x0800a30c   0x0800a30c   0x00000002   Code   RO          356    i.HAL_FDCAN_TimestampWraparoundCallback  stm32g0xx_hal_fdcan.o
    0x0800a30e   0x0800a30e   0x00000002   Code   RO          357    i.HAL_FDCAN_TxBufferAbortCallback  stm32g0xx_hal_fdcan.o
    0x0800a310   0x0800a310   0x00000002   Code   RO          358    i.HAL_FDCAN_TxBufferCompleteCallback  stm32g0xx_hal_fdcan.o
    0x0800a312   0x0800a312   0x00000002   Code   RO          359    i.HAL_FDCAN_TxEventFifoCallback  stm32g0xx_hal_fdcan.o
    0x0800a314   0x0800a314   0x00000002   Code   RO          360    i.HAL_FDCAN_TxFifoEmptyCallback  stm32g0xx_hal_fdcan.o
    0x0800a316   0x0800a316   0x00000002   PAD
    0x0800a318   0x0800a318   0x00000084   Code   RO         1025    i.HAL_FLASHEx_Erase  stm32g0xx_hal_flash_ex.o
    0x0800a39c   0x0800a39c   0x0000001c   Code   RO          905    i.HAL_FLASH_Lock    stm32g0xx_hal_flash.o
    0x0800a3b8   0x0800a3b8   0x00000064   Code   RO          910    i.HAL_FLASH_Program  stm32g0xx_hal_flash.o
    0x0800a41c   0x0800a41c   0x00000028   Code   RO          912    i.HAL_FLASH_Unlock  stm32g0xx_hal_flash.o
    0x0800a444   0x0800a444   0x00000150   Code   RO         1168    i.HAL_GPIO_Init     stm32g0xx_hal_gpio.o
    0x0800a594   0x0800a594   0x0000000c   Code   RO         1172    i.HAL_GPIO_WritePin  stm32g0xx_hal_gpio.o
    0x0800a5a0   0x0800a5a0   0x0000000c   Code   RO         1807    i.HAL_GetTick       stm32g0xx_hal.o
    0x0800a5ac   0x0800a5ac   0x00000010   Code   RO         1813    i.HAL_IncTick       stm32g0xx_hal.o
    0x0800a5bc   0x0800a5bc   0x00000028   Code   RO         1814    i.HAL_Init          stm32g0xx_hal.o
    0x0800a5e4   0x0800a5e4   0x00000050   Code   RO         1815    i.HAL_InitTick      stm32g0xx_hal.o
    0x0800a634   0x0800a634   0x00000034   Code   RO          257    i.HAL_MspInit       stm32g0xx_hal_msp.o
    0x0800a668   0x0800a668   0x00000018   Code   RO         1691    i.HAL_NVIC_EnableIRQ  stm32g0xx_hal_cortex.o
    0x0800a680   0x0800a680   0x00000008   Code   RO         1695    i.HAL_NVIC_SetPriority  stm32g0xx_hal_cortex.o
    0x0800a688   0x0800a688   0x0000001c   Code   RO         1696    i.HAL_NVIC_SystemReset  stm32g0xx_hal_cortex.o
    0x0800a6a4   0x0800a6a4   0x0000004c   Code   RO         1470    i.HAL_PWREx_ControlVoltageScaling  stm32g0xx_hal_pwr_ex.o
    0x0800a6f0   0x0800a6f0   0x000002a0   Code   RO          811    i.HAL_RCCEx_PeriphCLKConfig  stm32g0xx_hal_rcc_ex.o
    0x0800a990   0x0800a990   0x00000174   Code   RO          686    i.HAL_RCC_ClockConfig  stm32g0xx_hal_rcc.o
    0x0800ab04   0x0800ab04   0x0000009c   Code   RO          696    i.HAL_RCC_GetSysClockFreq  stm32g0xx_hal_rcc.o
    0x0800aba0   0x0800aba0   0x00000488   Code   RO          700    i.HAL_RCC_OscConfig  stm32g0xx_hal_rcc.o
    0x0800b028   0x0800b028   0x00000014   Code   RO         1827    i.HAL_SYSCFG_StrobeDBattpinsConfig  stm32g0xx_hal.o
    0x0800b03c   0x0800b03c   0x00000030   Code   RO         1699    i.HAL_SYSTICK_Config  stm32g0xx_hal_cortex.o
    0x0800b06c   0x0800b06c   0x0000007c   Code   RO         2842    i.HAL_TIMEx_MasterConfigSynchronization  stm32g0xx_hal_tim_ex.o
    0x0800b0e8   0x0800b0e8   0x0000004e   Code   RO         2098    i.HAL_TIM_Base_Init  stm32g0xx_hal_tim.o
    0x0800b136   0x0800b136   0x00000002   PAD
    0x0800b138   0x0800b138   0x00000024   Code   RO          259    i.HAL_TIM_Base_MspInit  stm32g0xx_hal_msp.o
    0x0800b15c   0x0800b15c   0x000000ec   Code   RO         2107    i.HAL_TIM_ConfigClockSource  stm32g0xx_hal_tim.o
    0x0800b248   0x0800b248   0x00000002   Code   RO          198    i.HardFault_Handler  stm32g0xx_it.o
    0x0800b24a   0x0800b24a   0x00000002   PAD
    0x0800b24c   0x0800b24c   0x00000084   Code   RO           14    i.MX_FDCAN1_Init    main.o
    0x0800b2d0   0x0800b2d0   0x00000058   Code   RO           15    i.MX_GPIO_Init      main.o
    0x0800b328   0x0800b328   0x00000070   Code   RO           16    i.MX_TIM3_Init      main.o
    0x0800b398   0x0800b398   0x00000002   Code   RO          199    i.NMI_Handler       stm32g0xx_it.o
    0x0800b39a   0x0800b39a   0x00000002   Code   RO          200    i.PendSV_Handler    stm32g0xx_it.o
    0x0800b39c   0x0800b39c   0x00000002   Code   RO          201    i.SVC_Handler       stm32g0xx_it.o
    0x0800b39e   0x0800b39e   0x00000008   Code   RO          202    i.SysTick_Handler   stm32g0xx_it.o
    0x0800b3a6   0x0800b3a6   0x0000005a   Code   RO           17    i.SystemClock_Config  main.o
    0x0800b400   0x0800b400   0x00000010   Code   RO         3119    i.SystemInit        system_stm32g0xx.o
    0x0800b410   0x0800b410   0x00000010   Code   RO          203    i.TIM16_FDCAN_IT0_IRQHandler  stm32g0xx_it.o
    0x0800b420   0x0800b420   0x00000010   Code   RO          204    i.TIM17_FDCAN_IT1_IRQHandler  stm32g0xx_it.o
    0x0800b430   0x0800b430   0x000000a4   Code   RO         2191    i.TIM_Base_SetConfig  stm32g0xx_hal_tim.o
    0x0800b4d4   0x0800b4d4   0x00000016   Code   RO         2202    i.TIM_ETR_SetConfig  stm32g0xx_hal_tim.o
    0x0800b4ea   0x0800b4ea   0x00000002   PAD
    0x0800b4ec   0x0800b4ec   0x00000014   Code   RO         2203    i.TIM_ITRx_SetConfig  stm32g0xx_hal_tim.o
    0x0800b500   0x0800b500   0x00000022   Code   RO         2211    i.TIM_TI1_ConfigInputStage  stm32g0xx_hal_tim.o
    0x0800b522   0x0800b522   0x00000026   Code   RO         2213    i.TIM_TI2_ConfigInputStage  stm32g0xx_hal_tim.o
    0x0800b548   0x0800b548   0x0000001a   Code   RO         1328    i.__ARM_common_switch8  stm32g0xx_hal_dma.o
    0x0800b562   0x0800b562   0x00000002   PAD
    0x0800b564   0x0800b564   0x00000044   Code   RO         1701    i.__NVIC_SetPriority  stm32g0xx_hal_cortex.o
    0x0800b5a8   0x0800b5a8   0x00000184   Code   RO         3657    i.bms_UpdateChuck   comm_update_handle.o
    0x0800b72c   0x0800b72c   0x00000020   Code   RO         3658    i.bms_get_update_status  comm_update_handle.o
    0x0800b74c   0x0800b74c   0x000000e0   Code   RO         3660    i.bms_update_apply  comm_update_handle.o
    0x0800b82c   0x0800b82c   0x00000038   Code   RO         3661    i.bms_update_start  comm_update_handle.o
    0x0800b864   0x0800b864   0x00000020   Code   RO         3152    i.can_circulbuf_init  can_circularbuf.o
    0x0800b884   0x0800b884   0x00000018   Code   RO         3153    i.can_is_empty      can_circularbuf.o
    0x0800b89c   0x0800b89c   0x00000024   Code   RO         3154    i.can_is_full       can_circularbuf.o
    0x0800b8c0   0x0800b8c0   0x00000048   Code   RO         3155    i.can_put_data      can_circularbuf.o
    0x0800b908   0x0800b908   0x00000050   Code   RO         3157    i.can_rx_data       can_circularbuf.o
    0x0800b958   0x0800b958   0x00000042   Code   RO         3158    i.can_take_data     can_circularbuf.o
    0x0800b99a   0x0800b99a   0x00000002   PAD
    0x0800b99c   0x0800b99c   0x00000050   Code   RO         3251    i.can_tx            can.o
    0x0800b9ec   0x0800b9ec   0x0000003c   Code   RO         3223    i.crc32_compute     sys.o
    0x0800ba28   0x0800ba28   0x0000001c   Code   RO           18    i.main              main.o
    0x0800ba44   0x0800ba44   0x00000010   Data   RO          361    .constdata          stm32g0xx_hal_fdcan.o
    0x0800ba54   0x0800ba54   0x00000040   Data   RO         3120    .constdata          system_stm32g0xx.o
    0x0800ba94   0x0800ba94   0x00000020   Data   RO         4033    Region$$Table       anon$$obj.o


    Execution Region RW_IRAM1 (Exec base: 0x20000000, Load base: 0x0800bab4, Size: 0x000015f8, Max: 0x00024000, ABSOLUTE)

    Exec Addr    Load Addr    Size         Type   Attr      Idx    E Section Name        Object

    0x20000000   0x0800bab4   0x0000000c   Data   RW         1833    .data               stm32g0xx_hal.o
    0x2000000c   0x0800bac0   0x00000004   Data   RW         3122    .data               system_stm32g0xx.o
    0x20000010   0x0800bac4   0x00000008   Data   RW         3159    .data               can_circularbuf.o
    0x20000018   0x0800bacc   0x0000001f   Data   RW         3663    .data               comm_update_handle.o
    0x20000037   0x0800baeb   0x00000001   PAD
    0x20000038        -       0x000000b0   Zero   RW           19    .bss                main.o
    0x200000e8        -       0x0000001c   Zero   RW          913    .bss                stm32g0xx_hal_flash.o
    0x20000104        -       0x00000060   Zero   RW         3252    .bss                can.o
    0x20000164        -       0x00000010   Zero   RW         3291    .bss                stm32flash.o
    0x20000174        -       0x00000124   Zero   RW         3662    .bss                comm_update_handle.o
    0x20000298        -       0x00000060   Zero   RW         3904    .bss                c_p.l(libspace.o)
    0x200002f8        -       0x00000f00   Zero   RW            2    HEAP                startup_stm32g0b1xx.o
    0x200011f8        -       0x00000400   Zero   RW            1    STACK               startup_stm32g0b1xx.o


==============================================================================

Image component sizes


      Code (inc. data)   RO Data    RW Data    ZI Data      Debug   Object Name

       192         18          0          0         96       2324   can.o
       310         14          0          8          0       7590   can_circularbuf.o
       828         46          0         31        292       5666   comm_update_handle.o
       312         18          0          0          0       1000   flash_update_handle.o
       454         32          0          0        176     592452   main.o
        56         26        188          0       4864        648   startup_stm32g0b1xx.o
       350         18          0          0         16       2505   stm32flash.o
       168         26          0         12          0      21620   stm32g0xx_hal.o
       176         34          0          0          0      12776   stm32g0xx_hal_cortex.o
        26          0          0          0          0         72   stm32g0xx_hal_dma.o
      1720         28         16          0          0      17328   stm32g0xx_hal_fdcan.o
       356         54          0          0         28      21554   stm32g0xx_hal_flash.o
       200         24          0          0          0       2490   stm32g0xx_hal_flash_ex.o
       348         20          0          0          0       2120   stm32g0xx_hal_gpio.o
       244         22          0          0          0       2193   stm32g0xx_hal_msp.o
        76         14          0          0          0        766   stm32g0xx_hal_pwr_ex.o
      1688         70          0          0          0       5540   stm32g0xx_hal_rcc.o
       672         20          0          0          0       1976   stm32g0xx_hal_rcc_ex.o
       592         36          0          0          0       5773   stm32g0xx_hal_tim.o
       124         16          0          0          0       1444   stm32g0xx_hal_tim_ex.o
        48         12          0          0          0       3153   stm32g0xx_it.o
        60          4          0          0          0       1048   sys.o
        16          8         64          4          0       1247   system_stm32g0xx.o

    ----------------------------------------------------------------------
      9032        560        300         56       5472     713285   Object Totals
         0          0         32          0          0          0   (incl. Generated)
        16          0          0          1          0          0   (incl. Padding)

    ----------------------------------------------------------------------

      Code (inc. data)   RO Data    RW Data    ZI Data      Debug   Library Member Name

         8          0          0          0          0         68   __main.o
         0          0          0          0          0          0   __rtentry.o
        12          0          0          0          0          0   __rtentry2.o
         6          0          0          0          0          0   __rtentry4.o
        60          8          0          0          0          0   __scatter.o
        26          0          0          0          0          0   __scatter_copy.o
        28          0          0          0          0          0   __scatter_zi.o
       346          0          0          0          0         92   aeabi_sdiv.o
        12          0          0          0          0         68   defsig_exit.o
        52          0          0          0          0         72   defsig_general.o
        80         58          0          0          0         68   defsig_rtmem_inner.o
        12          0          0          0          0         68   defsig_rtmem_outer.o
        16          0          0          0          0         68   exit.o
        98          0          0          0          0         72   h1_alloc.o
        52          0          0          0          0         68   h1_extend.o
        76          0          0          0          0         72   h1_free.o
        14          0          0          0          0         76   h1_init.o
         6          0          0          0          0        136   heapauxi.o
         4          0          0          0          0        120   hguard.o
         0          0          0          0          0          0   indicate_semi.o
       136          0          0          0          0        160   init_alloc.o
         2          0          0          0          0          0   libinit.o
        10          0          0          0          0          0   libinit2.o
         2          0          0          0          0          0   libshutdown.o
         2          0          0          0          0          0   libshutdown2.o
         8          4          0          0         96         68   libspace.o
        32          0          0          0          0         68   llshl.o
         0          0          0          0          0          0   maybetermalloc1.o
         8          4          0          0          0         68   rt_heap_descriptor_intlibspace.o
        64          0          0          0          0        108   rt_memclr.o
       186          0          0          0          0        144   rt_memcpy.o
         2          0          0          0          0          0   rtexit.o
        10          0          0          0          0          0   rtexit2.o
       136          4          0          0          0         72   strcmp.o
        12          4          0          0          0         60   sys_exit.o
        62          0          0          0          0         80   sys_stackheap_outer.o
        12          0          0          0          0         68   sys_wrch.o
         2          0          0          0          0         68   use_no_semi.o

    ----------------------------------------------------------------------
      1600         82          0          0         96       2012   Library Totals
         6          0          0          0          0          0   (incl. Padding)

    ----------------------------------------------------------------------

      Code (inc. data)   RO Data    RW Data    ZI Data      Debug   Library Name

      1594         82          0          0         96       2012   c_p.l

    ----------------------------------------------------------------------
      1600         82          0          0         96       2012   Library Totals

    ----------------------------------------------------------------------

==============================================================================


      Code (inc. data)   RO Data    RW Data    ZI Data      Debug   

     10632        642        300         56       5568     710605   Grand Totals
     10632        642        300         56       5568     710605   ELF Image Totals
     10632        642        300         56          0          0   ROM Totals

==============================================================================

    Total RO  Size (Code + RO Data)                10932 (  10.68kB)
    Total RW  Size (RW Data + ZI Data)              5624 (   5.49kB)
    Total ROM Size (Code + RO Data + RW Data)      10988 (  10.73kB)

==============================================================================

